04-16 16:24:23.077 10460 10487 I bt_bta_dm: system/bta/dm/bta_dm_act.cc:1132 bta_dm_set_eir: Generating extended inquiry response packet EIR
04-16 16:24:23.077 10460 10487 I bluetooth: system/bta/ag/bta_ag_sdp.cc:162 bta_ag_add_record: features: 135023
04-16 16:24:23.077 10460 10487 I bt_bta_dm: system/bta/dm/bta_dm_act.cc:1402 bta_dm_eir_update_uuid: EIR Adding UUID=0x111F into extended inquiry response
04-16 16:24:23.077 10460 10487 I bt_bta_dm: system/bta/dm/bta_dm_act.cc:1132 bta_dm_set_eir: Generating extended inquiry response packet EIR
04-16 16:24:23.077 10460 10487 W rfcomm_port_utils: system/stack/rfcomm/port_utils.cc:290 port_find_mcb: not found, bd_addr:ff:ff:ff:ff:ff:ff
04-16 16:24:23.077 10460 10487 I bt_port_api: system/stack/rfcomm/port_api.cc:223 RFCOMM_CreateConnectionWithSecurity: bd_addr=ff:ff:ff:ff:ff:ff, scn=2, is_server=true, mtu=256, uuid=0x1112, dlci=4, signal_state=0xb, p_port=0x73ca1f4680
04-16 16:24:23.077 10460 10487 W rfcomm_port_utils: system/stack/rfcomm/port_utils.cc:290 port_find_mcb: not found, bd_addr:ff:ff:ff:ff:ff:ff
04-16 16:24:23.077 10460 10487 I bt_port_api: system/stack/rfcomm/port_api.cc:223 RFCOMM_CreateConnectionWithSecurity: bd_addr=ff:ff:ff:ff:ff:ff, scn=3, is_server=true, mtu=256, uuid=0x111f, dlci=6, signal_state=0xb, p_port=0x73ca1f4738
04-16 16:24:23.078 10460 10487 W rfcomm_port_utils: system/stack/rfcomm/port_utils.cc:290 port_find_mcb: not found, bd_addr:ff:ff:ff:ff:ff:ff
04-16 16:24:23.078 10460 10487 I bt_port_api: system/stack/rfcomm/port_api.cc:223 RFCOMM_CreateConnectionWithSecurity: bd_addr=ff:ff:ff:ff:ff:ff, scn=2, is_server=true, mtu=256, uuid=0x1112, dlci=4, signal_state=0xb, p_port=0x73ca1f47f0
04-16 16:24:23.078 10460 10487 W rfcomm_port_utils: system/stack/rfcomm/port_utils.cc:290 port_find_mcb: not found, bd_addr:ff:ff:ff:ff:ff:ff
04-16 16:24:23.078 10460 10487 I bt_port_api: system/stack/rfcomm/port_api.cc:223 RFCOMM_CreateConnectionWithSecurity: bd_addr=ff:ff:ff:ff:ff:ff, scn=3, is_server=true, mtu=256, uuid=0x111f, dlci=6, signal_state=0xb, p_port=0x73ca1f48a8
04-16 16:24:23.079 10460 10487 W rfcomm_port_utils: system/stack/rfcomm/port_utils.cc:290 port_find_mcb: not found, bd_addr:ff:ff:ff:ff:ff:ff
04-16 16:24:23.079 10460 10487 I bt_port_api: system/stack/rfcomm/port_api.cc:223 RFCOMM_CreateConnectionWithSecurity: bd_addr=ff:ff:ff:ff:ff:ff, scn=2, is_server=true, mtu=256, uuid=0x1112, dlci=4, signal_state=0xb, p_port=0x73ca1f4960
04-16 16:24:23.079 10460 10487 W rfcomm_port_utils: system/stack/rfcomm/port_utils.cc:290 port_find_mcb: not found, bd_addr:ff:ff:ff:ff:ff:ff
04-16 16:24:23.079 10460 10487 I bt_port_api: system/stack/rfcomm/port_api.cc:223 RFCOMM_CreateConnectionWithSecurity: bd_addr=ff:ff:ff:ff:ff:ff, scn=3, is_server=true, mtu=256, uuid=0x111f, dlci=6, signal_state=0xb, p_port=0x73ca1f4a18
04-16 16:24:23.080 10460 10487 W rfcomm_port_utils: system/stack/rfcomm/port_utils.cc:290 port_find_mcb: not found, bd_addr:ff:ff:ff:ff:ff:ff
04-16 16:24:23.080 10460 10487 I bt_port_api: system/stack/rfcomm/port_api.cc:223 RFCOMM_CreateConnectionWithSecurity: bd_addr=ff:ff:ff:ff:ff:ff, scn=2, is_server=true, mtu=256, uuid=0x1112, dlci=4, signal_state=0xb, p_port=0x73ca1f4ad0
04-16 16:24:23.080 10460 10487 W rfcomm_port_utils: system/stack/rfcomm/port_utils.cc:290 port_find_mcb: not found, bd_addr:ff:ff:ff:ff:ff:ff
04-16 16:24:23.080 10460 10487 I bt_port_api: system/stack/rfcomm/port_api.cc:223 RFCOMM_CreateConnectionWithSecurity: bd_addr=ff:ff:ff:ff:ff:ff, scn=3, is_server=true, mtu=256, uuid=0x111f, dlci=6, signal_state=0xb, p_port=0x73ca1f4b88
04-16 16:24:23.080 10460 10487 W rfcomm_port_utils: system/stack/rfcomm/port_utils.cc:290 port_find_mcb: not found, bd_addr:ff:ff:ff:ff:ff:ff
04-16 16:24:23.080 10460 10487 I bt_port_api: system/stack/rfcomm/port_api.cc:223 RFCOMM_CreateConnectionWithSecurity: bd_addr=ff:ff:ff:ff:ff:ff, scn=2, is_server=true, mtu=256, uuid=0x1112, dlci=4, signal_state=0xb, p_port=0x73ca1f4c40
04-16 16:24:23.080 10460 10487 W rfcomm_port_utils: system/stack/rfcomm/port_utils.cc:290 port_find_mcb: not found, bd_addr:ff:ff:ff:ff:ff:ff
04-16 16:24:23.080 10460 10487 I bt_port_api: system/stack/rfcomm/port_api.cc:223 RFCOMM_CreateConnectionWithSecurity: bd_addr=ff:ff:ff:ff:ff:ff, scn=3, is_server=true, mtu=256, uuid=0x111f, dlci=6, signal_state=0xb, p_port=0x73ca1f4cf8
04-16 16:24:23.081 10460 10487 W rfcomm_port_utils: system/stack/rfcomm/port_utils.cc:290 port_find_mcb: not found, bd_addr:ff:ff:ff:ff:ff:ff
04-16 16:24:23.081 10460 10487 I bt_port_api: system/stack/rfcomm/port_api.cc:223 RFCOMM_CreateConnectionWithSecurity: bd_addr=ff:ff:ff:ff:ff:ff, scn=2, is_server=true, mtu=256, uuid=0x1112, dlci=4, signal_state=0xb, p_port=0x73ca1f4db0
04-16 16:24:23.081 10460 10487 W rfcomm_port_utils: system/stack/rfcomm/port_utils.cc:290 port_find_mcb: not found, bd_addr:ff:ff:ff:ff:ff:ff
04-16 16:24:23.081 10460 10487 I bt_port_api: system/stack/rfcomm/port_api.cc:223 RFCOMM_CreateConnectionWithSecurity: bd_addr=ff:ff:ff:ff:ff:ff, scn=3, is_server=true, mtu=256, uuid=0x111f, dlci=6, signal_state=0xb, p_port=0x73ca1f4e68
04-16 16:24:23.081 10460 10460 I bt_btif_storage: system/btif/src/btif_storage.cc:634 btif_storage_get_adapter_property: Service_mask=0x20000048
04-16 16:24:23.081 10460 10497 I AdapterProperties: adapterPropertyChangedCallback with type:3 len:48
04-16 16:24:23.081 10460 10460 E BluetoothHeadsetServiceJni: enableSwbNative: Failed to disable
04-16 16:24:23.082 10460 10460 I bt_btif : system/btif/src/bluetooth.cc:869 get_profile_interface: id = hearing_aid
04-16 16:24:23.083 10460 10487 I bluetooth: system/stack/btm/btm_iso_impl.h:101 iso_impl: 0xb40000765c1d95d0 created, iso credits: 12, buffer size: 1021.
04-16 16:24:23.083 10460 10487 I BTAudioHearingAidAIDL: system/audio_hal_interface/aidl/hearing_aid_software_encoding_aidl.cc:192 init: 
04-16 16:24:23.083 10460 10460 I bt_btif : system/btif/src/bluetooth.cc:869 get_profile_interface: id = hiddev
04-16 16:24:23.083 10460 10460 I bt_btif_storage: system/btif/src/btif_storage.cc:634 btif_storage_get_adapter_property: Service_mask=0x60000048
04-16 16:24:23.084   337   351 I BTAudioProviderFactoryAIDL: getProviderCapabilities - SessionType=HEARING_AID_SOFTWARE_ENCODING_DATAPATH supports 1 codecs
04-16 16:24:23.084 10460 10487 I BTAudioClientAIDL: system/audio_hal_interface/aidl/client_interface_aidl.cc:216 FetchAudioProvider: BluetoothAudioHal SessionType=HEARING_AID_SOFTWARE_ENCODING_DATAPATH has 1 AudioCapabilities
04-16 16:24:23.084   337   353 I BTAudioProviderFactoryAIDL: openProvider - SessionType=HEARING_AID_SOFTWARE_ENCODING_DATAPATH
04-16 16:24:23.084   337   353 I BTAudioProviderHearingAid: HearingAidAudioProvider - size of audio buffer 3584 byte(s)
04-16 16:24:23.085 10460 10497 I AdapterProperties: adapterPropertyChangedCallback with type:3 len:48
04-16 16:24:23.085 10460 10487 W droid.bluetooth: AIBinder_linkToDeath is being called with a non-null cookie and no onUnlink callback set. This might not be intended. AIBinder_DeathRecipient_setOnUnlinked should be called first.
04-16 16:24:23.085 10460 10487 I BTAudioClientAIDL: system/audio_hal_interface/aidl/client_interface_aidl.cc:234 FetchAudioProvider: IBluetoothAudioProvidersFactory::openProvider() returned 0xb4000075fc1e9e30 (remote)
04-16 16:24:23.085 10460 10487 I gatt_api: system/stack/gatt/gatt_api.cc:1251 GATT_Register: Allocated name:GattClient uuid:b3fb642c-5310-b39e-0346-9fab3d5fe61a gatt_if:4 eatt_support:false
04-16 16:24:23.086 10460 10460 I bt_btif : system/btif/src/bluetooth.cc:869 get_profile_interface: id = hidhost
04-16 16:24:23.086 10460 10487 I bt_l2cap: system/stack/l2cap/l2c_api.cc:169 L2CA_Register: L2CAP Registered service classic PSM: 0x0011
04-16 16:24:23.086 10460 10487 I bt_l2cap: system/stack/l2cap/l2c_api.cc:169 L2CA_Register: L2CAP Registered service classic PSM: 0x0013
04-16 16:24:23.086 10460 10487 I bluetooth: system/bta/le_audio/client.cc:6410 RegisterIsoDataConsumer: ISO data consumer changed
04-16 16:24:23.086 10460 10487 I gatt_api: system/stack/gatt/gatt_api.cc:1251 GATT_Register: Allocated name:GattClient uuid:42910a09-e124-9ba6-d005-c165c4b29e7a gatt_if:5 eatt_support:false
04-16 16:24:23.086 10460 10460 I bt_btif_storage: system/btif/src/btif_storage.cc:634 btif_storage_get_adapter_property: Service_mask=0x60100048
04-16 16:24:23.086 10460 10497 I AdapterProperties: adapterPropertyChangedCallback with type:3 len:48
04-16 16:24:23.093 10460 10515 I HeadsetPhoneState: stopListenForPhoneState(), no listener indicates nothing is listening
04-16 16:24:23.093 10460 10515 W HeadsetPhoneState: startListenForPhoneState, no event to listen
04-16 16:24:23.094   439   439 W libgoldfish-rild: Multi-element reporting criteria are not supported with HIDL HAL
04-16 16:24:23.099 10460 10460 I bt_btif : system/btif/src/bluetooth.cc:869 get_profile_interface: id = pan
04-16 16:24:23.100 10460 10487 I bt_l2cap: system/stack/l2cap/l2c_api.cc:169 L2CA_Register: L2CAP Registered service classic PSM: 0x000f
04-16 16:24:23.100 10460 10487 I bt_bta_dm: system/bta/dm/bta_dm_act.cc:1402 bta_dm_eir_update_uuid: EIR Adding UUID=0x1116 into extended inquiry response
04-16 16:24:23.100 10460 10487 I bt_bta_dm: system/bta/dm/bta_dm_act.cc:1132 bta_dm_set_eir: Generating extended inquiry response packet EIR
04-16 16:24:23.100 10460 10487 I bt_bta_dm: system/bta/dm/bta_dm_act.cc:1402 bta_dm_eir_update_uuid: EIR Adding UUID=0x1115 into extended inquiry response
04-16 16:24:23.100 10460 10487 I bt_bta_dm: system/bta/dm/bta_dm_act.cc:1132 bta_dm_set_eir: Generating extended inquiry response packet EIR
04-16 16:24:23.100 10460 10487 I bt_bta_dm: system/bta/dm/bta_dm_act.cc:1402 bta_dm_eir_update_uuid: EIR Adding UUID=0x1116 into extended inquiry response
04-16 16:24:23.100 10460 10487 I bt_bta_dm: system/bta/dm/bta_dm_act.cc:1132 bta_dm_set_eir: Generating extended inquiry response packet EIR
04-16 16:24:23.100 10460 10487 I bt_bta_dm: system/bta/dm/bta_dm_act.cc:1402 bta_dm_eir_update_uuid: EIR Adding UUID=0x1115 into extended inquiry response
04-16 16:24:23.100 10460 10487 I bt_bta_dm: system/bta/dm/bta_dm_act.cc:1132 bta_dm_set_eir: Generating extended inquiry response packet EIR
04-16 16:24:23.107 10460 10460 I TetheringManager: registerTetheringEventCallback:com.google.android.bluetooth
04-16 16:24:23.108 10460 10460 I TetheringManager: registerTetheringEventCallback caller:com.google.android.bluetooth
04-16 16:24:23.110   590  1814 W BluetoothSystemServer: BluetoothServiceBinder: getAddress(): Client does not have LOCAL_MAC_ADDRESS permission
04-16 16:24:23.113 10460 10460 W bt_btif : system/btif/src/bluetooth.cc:864 pbap_pse_dynamic_version_upgrade_is_enabled: PBAP PSE dynamic version upgrade is not enabled
04-16 16:24:23.115 10460 10517 I BtSocketManagerBinder: createSocketChannel: type=1, serviceName=null, uuid=00000000-0000-0000-0000-000000000000, port=-2, from uid/pid=1002/10460
04-16 16:24:23.116 10460 10517 I bt_btif_sock: system/btif/src/btif_sock.cc:164 btsock_listen: Attempting listen for socket connections for device: 00:00:00:00:00:00, type: 1, channel: -2, app_uid: 1002
04-16 16:24:23.117 10460 10517 I bt_btif_sock_rfcomm: system/btif/src/btif_sock_rfc.cc:336 btsock_rfc_listen: Adding listening socket service_name: (nullptr) - channel: -2
04-16 16:24:23.117 10460 10487 I bt_btif_sock_rfcomm: system/btif/src/btif_sock_rfc.cc:750 jv_dm_cback: handling event:BTA_JV_GET_SCN_EVT, id:1
04-16 16:24:23.117   590   605 W BluetoothSystemServer: BluetoothServiceBinder: getAddress(): Client does not have LOCAL_MAC_ADDRESS permission
04-16 16:24:23.117 10460 10487 W rfcomm_port_utils: system/stack/rfcomm/port_utils.cc:290 port_find_mcb: not found, bd_addr:ff:ff:ff:ff:ff:ff
04-16 16:24:23.117 10460 10487 I bt_port_api: system/stack/rfcomm/port_api.cc:223 RFCOMM_CreateConnectionWithSecurity: bd_addr=ff:ff:ff:ff:ff:ff, scn=4, is_server=true, mtu=990, uuid=0x0, dlci=8, signal_state=0xb, p_port=0x73ca1f4f20
04-16 16:24:23.117 10460 10487 I bt_btif_sock_rfcomm: system/btif/src/btif_sock_rfc.cc:692 rfcomm_cback: handling BTA_JV_RFCOMM_START_EVT, rfcomm_slot_id:1
04-16 16:24:23.117 10460 10487 I bt_btif_sock_rfcomm: system/btif/src/btif_sock_rfc.cc:548 on_srv_rfc_listen_started: listening for RFCOMM socket connections for device: 00:00:00:00:00:00, scn: 4, app_uid: 1002, id: 1
04-16 16:24:23.119   590   605 W BluetoothSystemServer: BluetoothServiceBinder: getAddress(): Client does not have LOCAL_MAC_ADDRESS permission
04-16 16:24:23.119 10460 10517 I BtSocketManagerBinder: createSocketChannel: type=3, serviceName=null, uuid=00000000-0000-0000-0000-000000000000, port=-2, from uid/pid=1002/10460
04-16 16:24:23.120   590  1814 D CompatChangeReporter: Compat change id reported: 261072174; UID 1002; state: ENABLED
04-16 16:24:23.120 10460 10517 I bt_btif_sock: system/btif/src/btif_sock.cc:164 btsock_listen: Attempting listen for socket connections for device: 00:00:00:00:00:00, type: 3, channel: -2, app_uid: 1002
04-16 16:24:23.122   590  4010 D ActivityManager: sync unfroze 7833 android.process.acore for 7
04-16 16:24:23.124 10460 10517 I bluetooth: system/btif/src/btif_sock_l2cap.cc:349 btsock_l2cap_alloc_l: Allocated l2cap socket structure socket_id:1
04-16 16:24:23.126 10460 10487 I bt_btif_sock_rfcomm: system/btif/src/btif_sock_rfc.cc:750 jv_dm_cback: handling event:BTA_JV_GET_PSM_EVT, id:1
04-16 16:24:23.126 10460 10487 I bt_l2cap: system/stack/l2cap/l2c_api.cc:169 L2CA_Register: L2CAP Registered service classic PSM: 0x1001
04-16 16:24:23.126 10460 10487 I bluetooth: system/btif/src/btif_sock_l2cap.cc:458 on_srv_l2cap_listen_started: Listening for L2CAP connection for device: 00:00:00:00:00:00, channel: 4097, app_uid: 1002, id: 1, is_le: false
04-16 16:24:23.126 10460 10487 I bluetooth: system/btif/src/btif_sock_l2cap.cc:373 send_app_psm_or_chan_l: Sending l2cap socket socket_id:1 channel:4097
04-16 16:24:23.129 10460 10520 I BtSocketManagerBinder: createSocketChannel: type=1, serviceName=null, uuid=00000000-0000-0000-0000-000000000000, port=-2, from uid/pid=1002/10460
04-16 16:24:23.129 10460 10520 I bt_btif_sock: system/btif/src/btif_sock.cc:164 btsock_listen: Attempting listen for socket connections for device: 00:00:00:00:00:00, type: 1, channel: -2, app_uid: 1002
04-16 16:24:23.129 10460 10520 I bt_btif_sock_rfcomm: system/btif/src/btif_sock_rfc.cc:336 btsock_rfc_listen: Adding listening socket service_name: (nullptr) - channel: -2
04-16 16:24:23.129 10460 10487 I bt_bta_dm: system/bta/dm/bta_dm_act.cc:1402 bta_dm_eir_update_uuid: EIR Adding UUID=0x1132 into extended inquiry response
04-16 16:24:23.129 10460 10487 I bt_bta_dm: system/bta/dm/bta_dm_act.cc:1132 bta_dm_set_eir: Generating extended inquiry response packet EIR
04-16 16:24:23.129 10460 10487 I bt_btif_storage: system/btif/src/btif_storage.cc:634 btif_storage_get_adapter_property: Service_mask=0x62100048
04-16 16:24:23.129 10460 10497 I AdapterProperties: adapterPropertyChangedCallback with type:3 len:64
04-16 16:24:23.130 10460 10487 I bt_btif_sock_rfcomm: system/btif/src/btif_sock_rfc.cc:750 jv_dm_cback: handling event:BTA_JV_GET_SCN_EVT, id:2
04-16 16:24:23.130 10460 10487 W rfcomm_port_utils: system/stack/rfcomm/port_utils.cc:290 port_find_mcb: not found, bd_addr:ff:ff:ff:ff:ff:ff
04-16 16:24:23.131   590  1814 W BluetoothSystemServer: BluetoothServiceBinder: getAddress(): Client does not have LOCAL_MAC_ADDRESS permission
04-16 16:24:23.132 10460 10520 I BtSocketManagerBinder: createSocketChannel: type=3, serviceName=null, uuid=00000000-0000-0000-0000-000000000000, port=-2, from uid/pid=1002/10460
04-16 16:24:23.132 10460 10520 I bt_btif_sock: system/btif/src/btif_sock.cc:164 btsock_listen: Attempting listen for socket connections for device: 00:00:00:00:00:00, type: 3, channel: -2, app_uid: 1002
04-16 16:24:23.134 10460 10460 I BrowsedPlayerWrapper: Wrapping Media Browser com.google.android.bluetooth
04-16 16:24:23.134 10460 10460 I BrowsedPlayerWrapper: Wrapping Media Browser com.google.android.googlequicksearchbox
04-16 16:24:23.134 10460 10460 I BrowsedPlayerWrapper: Wrapping Media Browser com.google.android.googlequicksearchbox
04-16 16:24:23.134 10460 10460 W LeAudioService: getLeAudioService(): service is NULL
04-16 16:24:23.140 10460 10487 I bt_port_api: system/stack/rfcomm/port_api.cc:223 RFCOMM_CreateConnectionWithSecurity: bd_addr=ff:ff:ff:ff:ff:ff, scn=5, is_server=true, mtu=990, uuid=0x0, dlci=10, signal_state=0xb, p_port=0x73ca1f4fd8
04-16 16:24:23.140 10460 10487 I bt_btif_sock_rfcomm: system/btif/src/btif_sock_rfc.cc:692 rfcomm_cback: handling BTA_JV_RFCOMM_START_EVT, rfcomm_slot_id:2
04-16 16:24:23.140 10460 10487 I bt_btif_sock_rfcomm: system/btif/src/btif_sock_rfc.cc:548 on_srv_rfc_listen_started: listening for RFCOMM socket connections for device: 00:00:00:00:00:00, scn: 5, app_uid: 1002, id: 2
04-16 16:24:23.143 10460 10520 I bluetooth: system/btif/src/btif_sock_l2cap.cc:349 btsock_l2cap_alloc_l: Allocated l2cap socket structure socket_id:2
04-16 16:24:23.143 10460 10487 I bt_btif_sock_rfcomm: system/btif/src/btif_sock_rfc.cc:750 jv_dm_cback: handling event:BTA_JV_GET_PSM_EVT, id:2
04-16 16:24:23.143 10460 10487 I bt_l2cap: system/stack/l2cap/l2c_api.cc:169 L2CA_Register: L2CAP Registered service classic PSM: 0x1003
04-16 16:24:23.143 10460 10487 I bluetooth: system/btif/src/btif_sock_l2cap.cc:458 on_srv_l2cap_listen_started: Listening for L2CAP connection for device: 00:00:00:00:00:00, channel: 4099, app_uid: 1002, id: 2, is_le: false
04-16 16:24:23.143 10460 10487 I bluetooth: system/btif/src/btif_sock_l2cap.cc:373 send_app_psm_or_chan_l: Sending l2cap socket socket_id:2 channel:4099
04-16 16:24:23.145 10460 10487 I bt_bta_dm: system/bta/dm/bta_dm_act.cc:1402 bta_dm_eir_update_uuid: EIR Adding UUID=0x112F into extended inquiry response
04-16 16:24:23.145 10460 10487 I bt_bta_dm: system/bta/dm/bta_dm_act.cc:1132 bta_dm_set_eir: Generating extended inquiry response packet EIR
04-16 16:24:23.146 10460 10487 I bt_btif_storage: system/btif/src/btif_storage.cc:634 btif_storage_get_adapter_property: Service_mask=0x62500048
04-16 16:24:23.147 10460 10497 I AdapterProperties: adapterPropertyChangedCallback with type:3 len:80
04-16 16:24:23.160 10460 10487 I gatt_api: system/stack/gatt/gatt_api.cc:1696 gatt_load_bonded: load bonded: False
04-16 16:24:23.160 10460 10487 I bluetooth: system/bta/gatt/bta_gatts_act.cc:203 bta_gatts_register: register application first_unuse rcb_idx=0
04-16 16:24:23.160 10460 10487 I gatt_api: system/stack/gatt/gatt_api.cc:1251 GATT_Register: Allocated name:GattServer uuid:d7fdf554-2521-4f3b-adca-d54e102cf64a gatt_if:6 eatt_support:false
04-16 16:24:23.161 10460 10487 I bluetooth: system/bta/gatt/bta_gatts_api.cc:131 bta_gatts_add_service_impl: rcb_idx=0
04-16 16:24:23.161 10460 10487 I gatt_api: system/stack/gatt/gatt_api.cc:178 GATTS_AddService: 
04-16 16:24:23.161 10460 10487 I gatt_api: system/stack/gatt/gatt_api.cc:291 GATTS_AddService: service parsed correctly, now starting
04-16 16:24:23.161 10460 10487 I bluetooth: system/stack/gatt/gatt_sr_hash.cc:129 gatts_calculate_database_hash: hash=BD752B4FB71332616322D2D8B628FF78
04-16 16:24:23.165 10460 10497 I AdapterProperties: getBondedDevices: length=0
04-16 16:24:23.166 10460 10497 W MediaControlGattService: Feature MEDIA_STATE(BIT 17) support: true
04-16 16:24:23.167 10460 10497 I AdapterProperties: getBondedDevices: length=0
04-16 16:24:23.167 10460 10497 W MediaControlGattService: Feature PLAYER_NAME(BIT 1) support: true
04-16 16:24:23.167 10460 10497 W MediaControlGattService: Feature PLAYER_NAME_NOTIFY support: true
04-16 16:24:23.168 10460 10497 I AdapterProperties: getBondedDevices: length=0
04-16 16:24:23.168 10460 10497 W MediaControlGattService: Feature PLAYER_ICON_URL(BIT 3) support: false
04-16 16:24:23.168 10460 10497 W MediaControlGattService: Feature PLAYER_ICON_OBJ_ID(BIT 2) support: false
04-16 16:24:23.168 10460 10497 W MediaControlGattService: Feature CURRENT_TRACK_SEGMENT_OBJ_ID(BIT 10) support: false
04-16 16:24:23.168 10460 10497 W MediaControlGattService: Feature CURRENT_TRACK_OBJ_ID(BIT 11) support: false
04-16 16:24:23.168 10460 10497 W MediaControlGattService: Feature NEXT_TRACK_OBJ_ID(BIT 12) support: false
04-16 16:24:23.168 10460 10497 W MediaControlGattService: Feature CURRENT_GROUP_OBJ_ID(BIT 13) support: false
04-16 16:24:23.168 10460 10497 W MediaControlGattService: Feature PARENT_GROUP_OBJ_ID(BIT 14) support: false
04-16 16:24:23.168 10460 10497 W MediaControlGattService: Feature SEARCH_RESULT_OBJ_ID(BIT 20) support: false
04-16 16:24:23.168 10460 10497 W MediaControlGattService: Feature TRACK_TITLE(BIT 5) support: true
04-16 16:24:23.169 10460 10497 W MediaControlGattService: Feature TRACK_TITLE_NOTIFY support: true
04-16 16:24:23.170 10460 10497 I AdapterProperties: getBondedDevices: length=0
04-16 16:24:23.170 10460 10497 W MediaControlGattService: Feature TRACK_DURATION(BIT 6) support: true
04-16 16:24:23.170 10460 10497 W MediaControlGattService: Feature TRACK_DURATION_NOTIFY support: true
04-16 16:24:23.171 10460 10497 I AdapterProperties: getBondedDevices: length=0
04-16 16:24:23.172 10460 10497 W MediaControlGattService: Feature TRACK_POSITION(BIT 7) support: true
04-16 16:24:23.172 10460 10497 W MediaControlGattService: Feature TRACK_POSITION_NOTIFY support: true
04-16 16:24:23.172 10460 10497 W MediaControlGattService: Feature MEDIA_STATE(BIT 17) support: true
04-16 16:24:23.172 10460 10497 W MediaControlGattService: Feature MEDIA_STATE(BIT 17) support: true
04-16 16:24:23.173 10460 10460 I AdapterProperties: getBondedDevices: length=0
04-16 16:24:23.174 10460 10460 I BluetoothAdapterService: initProfileServices: Initializing all bluetooth profile services
04-16 16:24:23.174 10460 10460 W HeadsetClientService: getHeadsetClientService(): service is null
04-16 16:24:23.175 10460 10460 W MapClientService: getMapClientService(): service is null
04-16 16:24:23.175 10460 10460 W PbapClientService: getPbapClientService(): service is null
04-16 16:24:23.176 10460 10460 W HapClientService: getHapClientService(): service is NULL
04-16 16:24:23.177 10460 10460 W SapService: getSapService(): service is null
04-16 16:24:23.177 10460 10460 W VolumeControlService: getVolumeControlService(): service is NULL
04-16 16:24:23.177 10460 10460 W CsipSetCoordinatorService: getCsipSetCoordinatorService(): service is NULL
04-16 16:24:23.177 10460 10460 W LeAudioService: getLeAudioService(): service is NULL
04-16 16:24:23.177 10460 10497 I AdapterProperties: getBondedDevices: length=0
04-16 16:24:23.177 10460 10460 W BassClientService: getBassClientService(): service is NULL
04-16 16:24:23.177 10460 10460 W BatteryService: getBatteryService(): service is NULL
04-16 16:24:23.178 10460 10497 W MediaControlGattService: Feature PLAYBACK_SPEED(BIT 8) support: true
04-16 16:24:23.178 10460 10497 W MediaControlGattService: Feature PLAYBACK_SPEED(BIT 8) support: true
04-16 16:24:23.178  5857  5857 I A       : Creating Amp configuration from performer module
04-16 16:24:23.179 10460 10497 W MediaControlGattService: Feature PLAYBACK_SPEED_NOTIFY support: true
04-16 16:24:23.179 10460 10497 I AdapterProperties: getBondedDevices: length=0
04-16 16:24:23.179 10460 10497 W MediaControlGattService: Feature SEEKING_SPEED(BIT 9) support: true
04-16 16:24:23.180 10460 10460 I BluetoothCompanionManager: Companion device is null, type=0
04-16 16:24:23.180 10460 10497 W MediaControlGattService: Feature SEEKING_SPEED(BIT 9) support: true
04-16 16:24:23.181 10460 10497 W MediaControlGattService: Feature SEEKING_SPEED_NOTIFY support: true
04-16 16:24:23.181 10460 10497 I AdapterProperties: getBondedDevices: length=0
04-16 16:24:23.181 10460 10497 W MediaControlGattService: Feature PLAYING_ORDER_SUPPORTED(BIT 16) support: true
04-16 16:24:23.182 10460 10497 W MediaControlGattService: Feature PLAYING_ORDER(BIT 15) support: true
04-16 16:24:23.183 10460 10497 W MediaControlGattService: Feature PLAYING_ORDER_NOTIFY support: true
04-16 16:24:23.183 10460 10497 I AdapterProperties: getBondedDevices: length=0
04-16 16:24:23.183  5857  5857 I AMPManager: (REDACTED) Media session with identifier: %s, MediaSession: %s
04-16 16:24:23.184 10460 10497 W MediaControlGattService: Feature MEDIA_CONTROL_POINT_OPCODES_SUPPORTED(BIT 19) support: true
04-16 16:24:23.184 10460 10497 W MediaControlGattService: Feature MEDIA_CONTROL_POINT_OPCODES_SUPPORTED_NOTIFY support: true
04-16 16:24:23.184 10460 10497 I AdapterProperties: getBondedDevices: length=0
04-16 16:24:23.184 10460 10497 W MediaControlGattService: Feature MEDIA_STATE(BIT 17) support: true
04-16 16:24:23.184 10460 10497 W MediaControlGattService: Feature PLAYER_ICON_URL(BIT 3) support: false
04-16 16:24:23.184 10460 10497 W MediaControlGattService: Feature PLAYER_ICON_OBJ_ID(BIT 2) support: false
04-16 16:24:23.184 10460 10497 W MediaControlGattService: Feature PLAYER_NAME(BIT 1) support: true
04-16 16:24:23.184 10460 10497 W MediaControlGattService: Feature PLAYING_ORDER_SUPPORTED(BIT 16) support: true
04-16 16:24:23.184 10460 10497 W MediaControlProfile: MCS service state fields left unhandled: 
04-16 16:24:23.184 10460 10497 W MediaControlProfile:    > PLAYBACK_STATE
04-16 16:24:23.184 10460 10497 W MediaControlProfile:    > PLAYER_NAME
04-16 16:24:23.184 10460 10497 W MediaControlProfile:    > PLAYING_ORDER_SUPPORTED
04-16 16:24:23.185 10460 10497 I AdapterProperties: adapterPropertyChangedCallback with type:7 len:4
04-16 16:24:23.185 10460 10460 W MediaSessionCompat: Couldn't find a unique registered media button receiver in the given context.
04-16 16:24:23.188   590  4010 I MediaSessionStack: addSession to bottom of stack | record: com.google.android.bluetooth/BluetoothMediaBrowserService/10 (userId=0)
04-16 16:24:23.191 10460 10497 I AdapterProperties: adapterPropertyChangedCallback with type:9 len:4
04-16 16:24:23.191 10460 10497 I AdapterProperties: adapterPropertyChangedCallback with type:16 len:192
04-16 16:24:23.196   590  1814 D MediaSessionService: onSessionPlaybackStateChanged: record=com.google.android.bluetooth/BluetoothMediaBrowserService/10 (userId=0) playbackState=PlaybackState {state=ERROR(7), position=0, buffered position=0, speed=0.0, updated=9759086, actions=0, custom actions=[], active item id=-1, error=Bluetooth audio disconnected}
04-16 16:24:23.197   590  1815 W ProcessStats: Tracking association SourceState{814640c com.google.android.bluetooth/1002 BFgs #16760} whose proc state 4 is better than process ProcessState{4727155 android.process.acore/10092 pkg=com.android.providers.contacts (sub)} proc state 13 (7 skipped)
04-16 16:24:23.201 10460 10460 I AdapterState: ON : entered 
04-16 16:24:23.201  5857  5857 I A       : onCreate()
04-16 16:24:23.202  5857  5857 I A       : News media session token retrieved
04-16 16:24:23.204   590   733 D BluetoothSystemServer: BluetoothManagerService: MESSAGE_BLUETOOTH_STATE_CHANGE: prevState=TURNING_ON newState=ON
04-16 16:24:23.204   590   733 D BluetoothSystemServer: BluetoothManagerService: Broadcasting onBluetoothOn() to 10 receivers.
04-16 16:24:23.204  1057  8897 D BluetoothAdapter: onBluetoothOn
04-16 16:24:23.204  5170  5858 D BluetoothAdapter: onBluetoothOn
04-16 16:24:23.205  1057  1057 D BluetoothAdapter: PBAP connected
04-16 16:24:23.206  1057  1057 D BluetoothAdapter: HID_DEVICE connected
04-16 16:24:23.207  5857  5857 I MediaBrowserService: No root for client com.google.android.bluetooth from service android.service.media.MediaBrowserService$ServiceState
04-16 16:24:23.207  1057  1057 D BluetoothAdapter: HEADSET connected
04-16 16:24:23.208   590   733 D BluetoothAdapter: onBluetoothOn
04-16 16:24:23.209   590   590 E BluetoothAdapter: onBluetoothOn: Binder null for LE_AUDIO_BROADCAST
04-16 16:24:23.209   590   590 D BluetoothAdapter: HEADSET connected
04-16 16:24:23.209   590   590 I AS.BtHelper: BT profile service: connecting HEADSET profile
04-16 16:24:23.209   590   590 D BluetoothAdapter: HEARING_AID connected
04-16 16:24:23.209   590   590 I AS.BtHelper: BT profile service: connecting HEARING_AID profile
04-16 16:24:23.210   590   590 D BluetoothAdapter: A2DP connected
04-16 16:24:23.210   590   590 I AS.BtHelper: BT profile service: connecting A2DP profile
04-16 16:24:23.210   590   590 E BluetoothAdapter: onBluetoothOn: Binder null for A2DP_SINK
04-16 16:24:23.210   590   590 E BluetoothAdapter: onBluetoothOn: Binder null for LE_AUDIO
04-16 16:24:23.210   590   733 W IPCThreadState: Sending oneway calls to frozen process.
04-16 16:24:23.211  1610  1621 D BluetoothAdapter: onBluetoothOn
04-16 16:24:23.211   590   590 D BluetoothAdapter: HEADSET connected
04-16 16:24:23.211   590   733 D BluetoothSystemServer: BluetoothManagerService: broadcastIntentStateChange: action=BLE_STATE_CHANGED prevState=TURNING_ON newState=ON
04-16 16:24:23.211   590   987 I AS.BtHelper: BT profile HEADSET connected to proxy android.bluetooth.BluetoothHeadset@43fc99a
04-16 16:24:23.211   590   987 D BluetoothAdapter: getActiveDevices(profile= HEADSET)
04-16 16:24:23.212   590   733 D BluetoothSystemServer: BluetoothManagerService: broadcastIntentStateChange: action=STATE_CHANGED prevState=TURNING_ON newState=ON
04-16 16:24:23.212  6319  6327 D BluetoothAdapter: onBluetoothOn
04-16 16:24:23.213  1593  3023 D BluetoothAdapter: onBluetoothOn
04-16 16:24:23.213 10460 10480 I BluetoothAdapterService: getActiveDevices: Headset device: null
04-16 16:24:23.214  1243  2650 D BluetoothAdapter: onBluetoothOn
04-16 16:24:23.215  1610  1610 D BluetoothAdapter: HEADSET connected
04-16 16:24:23.215  1610  1907 I ALT.BtDevicesMgr: #audio# BT-headset-profile connected
04-16 16:24:23.216   590   590 I Telecom : BluetoothDeviceManager: Got BluetoothHeadset: android.bluetooth.BluetoothHeadset@68ab9a9: BPSL.oSC@AVY
04-16 16:24:23.216  5522  5547 D BluetoothAdapter: onBluetoothOn
04-16 16:24:23.216 10460 10460 I MediaPlayerList: Adding wrapped media player: com.google.android.googlequicksearchbox at key: 1
04-16 16:24:23.217   590   590 E BluetoothAdapter: onBluetoothOn: Binder null for LE_AUDIO
04-16 16:24:23.217   590   590 D BluetoothAdapter: HEARING_AID connected
04-16 16:24:23.218   590   590 I Telecom : BluetoothDeviceManager: Got BluetoothHearingAid: android.bluetooth.BluetoothHearingAid@fac4765: BPSL.oSC@AVc
04-16 16:24:23.218  1243  1243 D BluetoothAdapter: HEADSET connected
04-16 16:24:23.219   590   590 D BluetoothAdapter: A2DP connected
04-16 16:24:23.220   590   987 I AS.BtHelper: BT profile HEARING_AID connected to proxy android.bluetooth.BluetoothHearingAid@940e566
04-16 16:24:23.220   590   987 D BluetoothAdapter: getActiveDevices(profile= HEARING_AID)
04-16 16:24:23.221   590   590 D BluetoothAdapter: HEARING_AID connected
04-16 16:24:23.221   590   590 E BluetoothAdapter: onBluetoothOn: Binder null for LE_AUDIO
04-16 16:24:23.221   590   590 V NearbyService: Initiating BluetoothAdapter when Bluetooth is turned on.
04-16 16:24:23.222 10460 10460 I MediaPlayerList: Adding wrapped media player: com.google.android.googlequicksearchbox at key: 1
04-16 16:24:23.223  1057  1057 D BluetoothAdapter: A2DP connected
04-16 16:24:23.224   590   590 D BluetoothAdapter: isLeEnabled(): ON
04-16 16:24:23.224   590   590 D BluetoothAdapter: isLeEnabled(): ON
04-16 16:24:23.225 10460 10460 I BluetoothPhonePolicy: autoConnect: No device to reconnect to
04-16 16:24:23.225 10460 10460 I AdapterProperties: getBondedDevices: length=0
04-16 16:24:23.226 10460 10460 E MediaBrowser: onConnectFailed for ComponentInfo{com.google.android.googlequicksearchbox/com.google.android.apps.search.podcasts.browser.PodcastBrowserService}
04-16 16:24:23.226  5857  5857 I MediaBrowserService: No root for client com.google.android.bluetooth from service android.service.media.MediaBrowserService$ServiceState
04-16 16:24:23.227  1057  1057 D BluetoothAdapter: HEARING_AID connected
04-16 16:24:23.227 10460 10469 I AdapterProperties: getBondedDevices: length=0
04-16 16:24:23.229 10460 10480 I BluetoothAdapterService: getActiveDevices: Hearing Aid devices: Left[null] - Right[null]
04-16 16:24:23.229   590   987 I AS.BtHelper: BT profile A2DP connected to proxy android.bluetooth.BluetoothA2dp@8c06aa8
04-16 16:24:23.229   590   987 D BluetoothAdapter: getActiveDevices(profile= A2DP)
04-16 16:24:23.230 10460 10480 I BluetoothAdapterService: getActiveDevices: A2dp device: null
04-16 16:24:23.230  5857  5857 W A       : (REDACTED) Caller %s is not allowed to use the news media browser service
04-16 16:24:23.231 10460 10460 W BrowsedPlayerWrapper: onConnectionFailed: Connection Failed with com.google.android.googlequicksearchbox
04-16 16:24:23.231  1057  1057 D BluetoothAdapter: HID_HOST connected
04-16 16:24:23.231  5857  5857 I MediaBrowserService: No root for client com.google.android.bluetooth from service android.service.media.MediaBrowserService$ServiceState
04-16 16:24:23.232  5857  5857 W A       : (REDACTED) Caller %s is not allowed to use the news media browser service
04-16 16:24:23.232  5857  5857 I MediaBrowserService: No root for client com.google.android.bluetooth from service android.service.media.MediaBrowserService$ServiceState
04-16 16:24:23.233  1057  1057 D BluetoothAdapter: MAP connected
04-16 16:24:23.233  1057  1057 D BluetoothMap: getConnectedDevices()
04-16 16:24:23.234 10460 10460 I BluetoothMediaBrowserService: Browser Client Connection Request, client='com.google.android.bluetooth')
04-16 16:24:23.235 10460 10460 I BluetoothMediaBrowserService: Browser Client Connection Request, client='com.google.android.bluetooth')
04-16 16:24:23.236  1610  1907 I ALT.BtDevicesMgr: (REDACTED) #audio# observed BT-devices connection changes, # of available devices(%s)
04-16 16:24:23.236 10460 10460 E MediaBrowser: onConnectFailed for ComponentInfo{com.google.android.googlequicksearchbox/com.google.android.apps.search.podcasts.browser.PodcastBrowserService}
04-16 16:24:23.237  1057  1057 D BluetoothAdapter: PAN connected
04-16 16:24:23.237  1057  1057 D PowerNotificationWarningsGoogleImpl: onReceive: android.bluetooth.adapter.action.STATE_CHANGED
04-16 16:24:23.237  1057  1057 D IncompatibleChargerNotification: dispatchIntent: android.bluetooth.adapter.action.STATE_CHANGED
04-16 16:24:23.238   590  4010 W ActivityManager: Receiver with filter android.content.IntentFilter@bd3eef8 already registered for pid 1057, callerPackage is com.android.systemui
04-16 16:24:23.238 10460 10460 W BrowsedPlayerWrapper: onConnectionFailed: Connection Failed with com.google.android.googlequicksearchbox
04-16 16:24:23.238 10460 10460 I AvrcpBrowsablePlayerConnector: com.google.android.googlequicksearchbox is not browsable
04-16 16:24:23.239   590   605 W BluetoothSystemServer: BluetoothServiceBinder: getAddress(): Client does not have LOCAL_MAC_ADDRESS permission
04-16 16:24:23.239 10460 10460 I BtSocketManagerBinder: createSocketChannel: type=1, serviceName=null, uuid=00000000-0000-0000-0000-000000000000, port=-2, from uid/pid=1002/10460
04-16 16:24:23.240 10460 10460 I bt_btif_sock: system/btif/src/btif_sock.cc:164 btsock_listen: Attempting listen for socket connections for device: 00:00:00:00:00:00, type: 1, channel: -2, app_uid: 1002
04-16 16:24:23.240 10460 10460 I bt_btif_sock_rfcomm: system/btif/src/btif_sock_rfc.cc:336 btsock_rfc_listen: Adding listening socket service_name: (nullptr) - channel: -2
04-16 16:24:23.240 10460 10487 I bt_btif_sock_rfcomm: system/btif/src/btif_sock_rfc.cc:750 jv_dm_cback: handling event:BTA_JV_GET_SCN_EVT, id:3
04-16 16:24:23.240 10460 10487 W rfcomm_port_utils: system/stack/rfcomm/port_utils.cc:290 port_find_mcb: not found, bd_addr:ff:ff:ff:ff:ff:ff
04-16 16:24:23.240 10460 10487 I bt_port_api: system/stack/rfcomm/port_api.cc:223 RFCOMM_CreateConnectionWithSecurity: bd_addr=ff:ff:ff:ff:ff:ff, scn=6, is_server=true, mtu=990, uuid=0x0, dlci=12, signal_state=0xb, p_port=0x73ca1f5090
04-16 16:24:23.240 10460 10487 I bt_btif_sock_rfcomm: system/btif/src/btif_sock_rfc.cc:692 rfcomm_cback: handling BTA_JV_RFCOMM_START_EVT, rfcomm_slot_id:3
04-16 16:24:23.240 10460 10487 I bt_btif_sock_rfcomm: system/btif/src/btif_sock_rfc.cc:548 on_srv_rfc_listen_started: listening for RFCOMM socket connections for device: 00:00:00:00:00:00, scn: 6, app_uid: 1002, id: 3
04-16 16:24:23.241   590  1815 W BluetoothSystemServer: BluetoothServiceBinder: getAddress(): Client does not have LOCAL_MAC_ADDRESS permission
04-16 16:24:23.242 10460 10504 I AdapterProperties: getBondedDevices: length=0
04-16 16:24:23.242 10460 10460 I BtSocketManagerBinder: createSocketChannel: type=3, serviceName=null, uuid=00000000-0000-0000-0000-000000000000, port=-2, from uid/pid=1002/10460
04-16 16:24:23.242 10460 10460 I bt_btif_sock: system/btif/src/btif_sock.cc:164 btsock_listen: Attempting listen for socket connections for device: 00:00:00:00:00:00, type: 3, channel: -2, app_uid: 1002
04-16 16:24:23.242 10460 10460 I bluetooth: system/btif/src/btif_sock_l2cap.cc:349 btsock_l2cap_alloc_l: Allocated l2cap socket structure socket_id:3
04-16 16:24:23.242 10460 10487 I bt_btif_sock_rfcomm: system/btif/src/btif_sock_rfc.cc:750 jv_dm_cback: handling event:BTA_JV_GET_PSM_EVT, id:3
04-16 16:24:23.242 10460 10487 I bt_l2cap: system/stack/l2cap/l2c_api.cc:169 L2CA_Register: L2CAP Registered service classic PSM: 0x1005
04-16 16:24:23.242 10460 10487 I bluetooth: system/btif/src/btif_sock_l2cap.cc:458 on_srv_l2cap_listen_started: Listening for L2CAP connection for device: 00:00:00:00:00:00, channel: 4101, app_uid: 1002, id: 3, is_le: false
04-16 16:24:23.242 10460 10487 I bluetooth: system/btif/src/btif_sock_l2cap.cc:373 send_app_psm_or_chan_l: Sending l2cap socket socket_id:3 channel:4101
04-16 16:24:23.243 10460 10487 I bt_bta_dm: system/bta/dm/bta_dm_act.cc:1402 bta_dm_eir_update_uuid: EIR Adding UUID=0x1105 into extended inquiry response
04-16 16:24:23.243 10460 10487 I bt_bta_dm: system/bta/dm/bta_dm_act.cc:1132 bta_dm_set_eir: Generating extended inquiry response packet EIR
04-16 16:24:23.243 10460 10460 E MediaBrowser: onConnectFailed for ComponentInfo{com.google.android.googlequicksearchbox/com.google.android.libraries.assistant.auto.tng.media.mediabrowser.NewsMediaBrowserService}
04-16 16:24:23.245 10460 10460 W BrowsedPlayerWrapper: onConnectionFailed: Connection Failed with com.google.android.googlequicksearchbox
04-16 16:24:23.245 10460 10460 E MediaBrowser: onConnectFailed for ComponentInfo{com.google.android.googlequicksearchbox/com.google.android.libraries.assistant.auto.tng.media.mediabrowser.NewsMediaBrowserService}
04-16 16:24:23.246  5857  5857 I A       : onDestroy()
04-16 16:24:23.247 10460 10460 W BrowsedPlayerWrapper: onConnectionFailed: Connection Failed with com.google.android.googlequicksearchbox
04-16 16:24:23.247 10460 10460 I BrowsedPlayerWrapper: onConnected: com.google.android.bluetooth is connected
04-16 16:24:23.247 10460 10460 I BrowsedPlayerWrapper: onConnected: com.google.android.bluetooth is connected
04-16 16:24:23.247 10460 10460 I AvrcpBrowsablePlayerConnector: com.google.android.googlequicksearchbox is not browsable
04-16 16:24:23.247 10460 10460 I AvrcpBrowsablePlayerConnector: com.google.android.googlequicksearchbox is not browsable
04-16 16:24:23.247 10460 10460 I AvrcpBrowsablePlayerConnector: com.google.android.googlequicksearchbox is not browsable
04-16 16:24:23.247 10460 10460 I AvrcpBrowsablePlayerConnector: Checking root contents for com.google.android.bluetooth
04-16 16:24:23.250 10460 10460 I AvrcpBrowsablePlayerConnector: Checking root contents for com.google.android.bluetooth
04-16 16:24:23.252   590   975 D InetDiagMessage: Destroyed 0 sockets, proto=IPPROTO_TCP, family=AF_INET, states=14
04-16 16:24:23.252 10460 10460 W MediaSessionCompat: Couldn't find a unique registered media button receiver in the given context.
04-16 16:24:23.253   590  1815 I MediaSessionStack: addSession to bottom of stack | record: com.google.android.bluetooth/BluetoothMediaBrowserService/11 (userId=0)
04-16 16:24:23.253   590   975 D InetDiagMessage: Destroyed 0 sockets, proto=IPPROTO_TCP, family=AF_INET6, states=14
04-16 16:24:23.254   590   975 D InetDiagMessage: Destroyed live tcp sockets for uids={10143} in 2ms
04-16 16:24:23.254   590   975 D InetDiagMessage: Destroyed 0 sockets, proto=IPPROTO_TCP, family=AF_INET, states=14
04-16 16:24:23.254   590   975 D InetDiagMessage: Destroyed 0 sockets, proto=IPPROTO_TCP, family=AF_INET6, states=14
04-16 16:24:23.254   590   975 D InetDiagMessage: Destroyed live tcp sockets for uids={20143} in 1ms
04-16 16:24:23.255   590   605 D MediaSessionService: onSessionPlaybackStateChanged: record=com.google.android.bluetooth/BluetoothMediaBrowserService/11 (userId=0) playbackState=PlaybackState {state=ERROR(7), position=0, buffered position=0, speed=0.0, updated=9759146, actions=0, custom actions=[], active item id=-1, error=Bluetooth audio disconnected}
04-16 16:24:23.256 10460 10460 I BluetoothMediaBrowserService: Browser Client Connection Request, client='com.google.android.bluetooth')
04-16 16:24:23.256 10460 10460 I BrowsedPlayerWrapper: onConnected: com.google.android.bluetooth is connected
04-16 16:24:23.256 10460 10460 I BrowsedPlayerWrapper: getFolderItems: Connected to browsable player: com.google.android.bluetooth
04-16 16:24:23.257 10460 10460 W BluetoothMediaBrowserService: getContents(id=__ROOT__): AVRCP Controller Service not ready
04-16 16:24:23.258 10460 10460 I BluetoothMediaBrowserService: Browser Client Connection Request, client='com.google.android.bluetooth')
04-16 16:24:23.258 10460 10460 I AvrcpBrowsablePlayerConnector: Successfully connected to 0 browsable players.
04-16 16:24:23.258 10460 10460 I MediaPlayerList: init: Browsable Player list size is 0
04-16 16:24:23.258 10460 10460 I MediaPlayerList: Set active player to first default
04-16 16:24:23.259 10460 10460 I MediaPlayerList: sendMediaUpdate: Creating a one item queue for a player with no queue
04-16 16:24:23.280 10460 10460 E MediaControlProfile: onCurrentPlayerStateUpdated: base actions not supported, player actions= 27ee07, expected at least= 7f
04-16 16:24:23.281 10460 10460 W MediaControlGattService: Feature MEDIA_STATE(BIT 17) support: true
04-16 16:24:23.282 10460 10460 I AdapterProperties: getBondedDevices: length=0
04-16 16:24:23.282 10460 10460 W MediaControlGattService: Feature PLAYER_NAME(BIT 1) support: true
04-16 16:24:23.282 10460 10460 W MediaControlGattService: Feature PLAYER_ICON_URL(BIT 3) support: false
04-16 16:24:23.282 10460 10460 W MediaControlGattService: Feature PLAYER_ICON_OBJ_ID(BIT 2) support: false
04-16 16:24:23.282 10460 10460 W MediaControlGattService: Feature CURRENT_TRACK_SEGMENT_OBJ_ID(BIT 10) support: false
04-16 16:24:23.282 10460 10460 W MediaControlGattService: Feature CURRENT_TRACK_OBJ_ID(BIT 11) support: false
04-16 16:24:23.282 10460 10460 W MediaControlGattService: Feature NEXT_TRACK_OBJ_ID(BIT 12) support: false
04-16 16:24:23.282 10460 10460 W MediaControlGattService: Feature CURRENT_GROUP_OBJ_ID(BIT 13) support: false
04-16 16:24:23.282 10460 10460 W MediaControlGattService: Feature PARENT_GROUP_OBJ_ID(BIT 14) support: false
04-16 16:24:23.282 10460 10460 W MediaControlGattService: Feature SEARCH_RESULT_OBJ_ID(BIT 20) support: false
04-16 16:24:23.282 10460 10460 W MediaControlGattService: Feature TRACK_TITLE(BIT 5) support: true
04-16 16:24:23.282 10460 10460 W MediaControlGattService: Feature TRACK_DURATION(BIT 6) support: true
04-16 16:24:23.282 10460 10460 W MediaControlGattService: Feature TRACK_POSITION(BIT 7) support: true
04-16 16:24:23.282 10460 10460 W MediaControlGattService: Feature TRACK_POSITION_NOTIFY support: true
04-16 16:24:23.282 10460 10460 W MediaControlGattService: Feature MEDIA_STATE(BIT 17) support: true
04-16 16:24:23.282 10460 10460 W MediaControlGattService: Feature MEDIA_STATE(BIT 17) support: true
04-16 16:24:23.282 10460 10460 W MediaControlGattService: Feature PLAYBACK_SPEED(BIT 8) support: true
04-16 16:24:23.282 10460 10460 W MediaControlGattService: Feature PLAYBACK_SPEED(BIT 8) support: true
04-16 16:24:23.283 10460 10460 W MediaControlGattService: Feature PLAYBACK_SPEED(BIT 8) support: true
04-16 16:24:23.283 10460 10460 W MediaControlGattService: Feature SEEKING_SPEED(BIT 9) support: true
04-16 16:24:23.283 10460 10460 W MediaControlGattService: Feature SEEKING_SPEED(BIT 9) support: true
04-16 16:24:23.283 10460 10460 W MediaControlGattService: Feature SEEKING_SPEED(BIT 9) support: true
04-16 16:24:23.283 10460 10460 W MediaControlGattService: Feature PLAYING_ORDER_SUPPORTED(BIT 16) support: true
04-16 16:24:23.283 10460 10460 W MediaControlGattService: Feature PLAYING_ORDER(BIT 15) support: true
04-16 16:24:23.283 10460 10460 W MediaControlGattService: Feature MEDIA_CONTROL_POINT_OPCODES_SUPPORTED(BIT 19) support: true
04-16 16:24:23.283 10460 10460 W MediaControlGattService: Feature TRACK_POSITION(BIT 7) support: true
04-16 16:24:23.283 10460 10460 W MediaControlGattService: Feature TRACK_POSITION_NOTIFY support: true
04-16 16:24:23.283 10460 10460 W MediaControlGattService: Feature MEDIA_STATE(BIT 17) support: true
04-16 16:24:23.283 10460 10460 W MediaControlGattService: Feature MEDIA_STATE(BIT 17) support: true
04-16 16:24:23.284 10460 10460 I AdapterProperties: getBondedDevices: length=0
04-16 16:24:23.284 10460 10460 W MediaControlGattService: Feature PLAYER_NAME(BIT 1) support: true
04-16 16:24:23.284 10460 10460 W MediaControlGattService: Feature PLAYER_NAME(BIT 1) support: true
04-16 16:24:23.284 10460 10460 W MediaControlGattService: Feature PLAYER_NAME(BIT 1) support: true
04-16 16:24:23.284 10460 10460 W MediaControlGattService: Feature PLAYER_NAME_NOTIFY support: true
04-16 16:24:23.284 10460 10460 I AdapterProperties: getBondedDevices: length=0
04-16 16:24:23.284 10460 10460 W MediaControlGattService: Feature MEDIA_CONTROL_POINT_OPCODES_SUPPORTED(BIT 19) support: true
04-16 16:24:23.284 10460 10460 W MediaControlGattService: Feature PLAYING_ORDER_SUPPORTED(BIT 16) support: true
04-16 16:24:23.284 10460 10460 W MediaControlGattService: Feature PLAYING_ORDER(BIT 15) support: true
04-16 16:24:23.284 10460 10460 W MediaControlGattService: Feature PLAYER_ICON_OBJ_ID(BIT 2) support: false
04-16 16:24:23.284 10460 10460 W MediaControlGattService: Feature PLAYER_ICON_URL(BIT 3) support: false
04-16 16:24:23.284 10460 10460 W MediaControlGattService: Feature MEDIA_CONTROL_POINT_OPCODES_SUPPORTED(BIT 19) support: true
04-16 16:24:23.284 10460 10460 W MediaControlGattService: Feature TRACK_TITLE(BIT 5) support: true
04-16 16:24:23.284 10460 10460 W MediaControlGattService: Feature TRACK_TITLE(BIT 5) support: true
04-16 16:24:23.284 10460 10460 W MediaControlGattService: Feature TRACK_TITLE_NOTIFY support: true
04-16 16:24:23.285 10460 10460 I AdapterProperties: getBondedDevices: length=0
04-16 16:24:23.285 10460 10460 W MediaControlGattService: Feature TRACK_DURATION(BIT 6) support: true
04-16 16:24:23.285 10460 10460 W MediaControlGattService: Feature TRACK_DURATION(BIT 6) support: true
04-16 16:24:23.285 10460 10460 W MediaControlGattService: Feature TRACK_DURATION_NOTIFY support: true
04-16 16:24:23.285 10460 10460 I AdapterProperties: getBondedDevices: length=0
04-16 16:24:23.285 10460 10460 W MediaControlGattService: Feature MEDIA_STATE(BIT 17) support: true
04-16 16:24:23.285 10460 10460 W MediaControlGattService: Feature TRACK_CHANGED(BIT 4) support: true
04-16 16:24:23.285 10460 10460 I AdapterProperties: getBondedDevices: length=0
04-16 16:24:23.285 10460 10460 W MediaControlGattService: Feature PLAYING_ORDER_SUPPORTED(BIT 16) support: true
04-16 16:24:23.285 10460 10460 W MediaControlGattService: Feature PLAYING_ORDER(BIT 15) support: true
04-16 16:24:23.285 10460 10460 W MediaControlGattService: Feature PLAYING_ORDER_NOTIFY support: true
04-16 16:24:23.286 10460 10460 I AdapterProperties: getBondedDevices: length=0
04-16 16:24:23.286 10460 10460 W MediaControlGattService: Feature MEDIA_STATE(BIT 17) support: true
04-16 16:24:23.287 10460 10460 I BrowsedPlayerWrapper: onConnected: com.google.android.bluetooth is connected
04-16 16:24:23.287 10460 10460 I BrowsedPlayerWrapper: getFolderItems: Connected to browsable player: com.google.android.bluetooth
04-16 16:24:23.287 10460 10460 W BluetoothMediaBrowserService: getContents(id=__ROOT__): AVRCP Controller Service not ready
04-16 16:24:23.287 10460 10460 I AvrcpBrowsablePlayerConnector: Successfully connected to 0 browsable players.
04-16 16:24:23.287 10460 10460 I MediaPlayerList: init: Browsable Player list size is 0
04-16 16:24:23.288 10460 10460 I MediaPlayerList: Set active player to first default
04-16 16:24:23.290   590   605 I MediaSessionService: tempAllowlistTargetPkgIfPossible callingPackage:com.google.android.bluetooth targetPackage:com.google.android.googlequicksearchbox reason:MediaSessionRecord:android.support.v4.media.session.command.GET_EXTRA_BINDER [WIU] [FGS]
04-16 16:24:23.293 10460 10460 I MediaPlayerList: sendMediaUpdate: Creating a one item queue for a player with no queue
04-16 16:24:23.294 10460 10460 I bluetooth: system/btif/avrcp/avrcp_service.cc:537 SendMediaUpdate: track_changed=true :  play_state=true :  queue=true
04-16 16:24:23.296 10460 10460 I PlayerSettingsManager: updateRemoteDevice: STATE_REPEAT_OFF, STATE_SHUFFLE_OFF
04-16 16:24:23.296 10460 10460 I bluetooth: system/btif/avrcp/avrcp_service.cc:590 SendPlayerSettingsChanged: {attribute=PlayerAttribute::REPEAT : value=PlayerRepeatValue::OFF}, {attribute=PlayerAttribute::SHUFFLE : value=PlayerShuffleValue::OFF}
04-16 16:24:23.392  5170  5170 I PersonalSafety: Settings changed. [CONTEXT service_id=310 ]
04-16 16:24:23.394  5170  5170 I PersonalSafety: Settings changed. [CONTEXT service_id=310 ]
04-16 16:24:23.394  5170  5170 I PersonalSafety: Settings changed. [CONTEXT service_id=310 ]
04-16 16:24:23.396  5170  5367 I NearbyDiscovery: (REDACTED) FastPairHandler: Received action %s
04-16 16:24:23.398  5170  5367 I NearbyDiscovery: (REDACTED) FastPairHandler: Received action %s
