04-16 16:23:53.098   590   608 V WindowManager: Sent Transition (#45) createdAt=04-16 16:23:53.043 via request=TransitionRequestInfo { type = OPEN, triggerTask = TaskInfo{userId=0 taskId=14 displayId=0 isRunning=true baseIntent=Intent { act=android.settings.APPLICATION_DETAILS_SETTINGS dat=package: flg=0x10008000 cmp=com.android.settings/.applications.InstalledAppDetails } baseActivity=ComponentInfo{com.android.settings/com.android.settings.applications.InstalledAppDetailsTop} topActivity=ComponentInfo{com.android.settings/com.android.settings.spa.SpaActivity} origActivity=ComponentInfo{com.android.settings/com.android.settings.applications.InstalledAppDetails} realActivity=ComponentInfo{com.android.settings/com.android.settings.applications.InstalledAppDetailsTop} numActivities=2 lastActiveTime=9728938 supportsMultiWindow=true resizeMode=1 isResizeable=true minWidth=-1 minHeight=-1 defaultMinSize=220 token=WCT{RemoteToken{5ea885f Task{e785b26 #14 type=standard A=1000:com.android.settings}}} topActivityType=1 pictureInPictureParams=null shouldDockBigOverlays=false launchIntoPipHostTaskId=-1 lastParentTaskIdBeforePip=-1 displayCutoutSafeInsets=null topActivityInfo=ActivityInfo{c766ce0 com.android.settings.spa.SpaActivity} launchCookies=[] positionInParent=Point(0, 0) parentTaskId=-1 isFocused=true isVisible=true isVisibleRequested=true isSleeping=false locusId=null displayAreaFeatureId=1 isTopActivityTransparent=false appCompatTaskInfo=AppCompatTaskInfo { topActivityInSizeCompat=false topActivityEligibleForLetterboxEducation= falseisLetterboxEducationEnabled= true isLetterboxDoubleTapEnabled= false topActivityEligibleForUserAspectRatioButton= false topActivityBoundsLetterboxed= false isFromLetterboxDoubleTap= false topActivityLetterboxVerticalPosition= -1 topActivityLetterboxHorizontalPosition= -1 topActivityLetterboxWidth=1080 topActivityLetterboxHeight=2400 isUserFullscreenOverrideEnabled=false isSystemFullscreenOverrideEnabled=false cameraCompatTaskInfo=CameraCompatTaskInfo { cameraCompatControlState=hidden freeformCameraCompatMode=inactive}}}, pipTask = null, remoteTransition = null, displayChange = null, flags = 0, debugId = 45 }
04-16 16:23:53.098   590   608 V WindowManager:     startWCT=WindowContainerTransaction { changes = {} hops = [] errorCallbackToken=null taskFragmentOrganizer=null }
04-16 16:23:53.098   590   608 V WindowManager:     info={id=45 t=OPEN f=0x0 trk=0 r=[0@Point(0, 0)] c=[
04-16 16:23:53.098   590   608 V WindowManager:         {null m=OPEN f=STARTING_WINDOW_TRANSFER|FILLS_TASK|IS_BEHIND_STARTING_WINDOW leash=Surface(name=ActivityRecord{3105161 u0 com.android.settings/.spa.SpaActivity)/@0x8724312 sb=Rect(0, 0 - 0, 0) eb=Rect(0, 0 - 1080, 2400) d=-1->0 r=-1->0:-1 bc=ffeeedf4 component=com.android.settings/.spa.SpaActivity},
04-16 16:23:53.098   590   608 V WindowManager:         {null m=CLOSE f=FILLS_TASK|IS_BEHIND_STARTING_WINDOW leash=Surface(name=ActivityRecord{157e81 u0 com.android.settings/.applications.InstalledAppDetails)/@0x91fa29d sb=Rect(0, 0 - 1080, 2400) eb=Rect(0, 0 - 1080, 2400) d=0 bc=ffeeedf4 component=com.android.settings/.applications.InstalledAppDetailsTop}
04-16 16:23:53.098   590   608 V WindowManager:     ]}
04-16 16:23:53.104  1057  2290 V WindowManagerShell: onTransitionReady(transaction=2534030706108)
04-16 16:23:53.106  1057  1111 V WindowManagerShell: onTransitionReady (#45) android.os.BinderProxy@1d353f2: {id=45 t=OPEN f=0x0 trk=0 r=[0@Point(0, 0)] c=[{null m=OPEN f=STARTING_WINDOW_TRANSFER|FILLS_TASK|IS_BEHIND_STARTING_WINDOW leash=Surface(name=ActivityRecord{3105161 u0 com.android.settings/.spa.SpaActivity)/@0x3e39f9 sb=Rect(0, 0 - 0, 0) eb=Rect(0, 0 - 1080, 2400) d=-1->0 r=-1->0:-1 bc=ffeeedf4 component=com.android.settings/.spa.SpaActivity},{null m=CLOSE f=FILLS_TASK|IS_BEHIND_STARTING_WINDOW leash=Surface(name=ActivityRecord{157e81 u0 com.android.settings/.applications.InstalledAppDetails)/@0xfbebd3e sb=Rect(0, 0 - 1080, 2400) eb=Rect(0, 0 - 1080, 2400) d=0 bc=ffeeedf4 component=com.android.settings/.applications.InstalledAppDetailsTop}]}
04-16 16:23:53.106  1057  1111 V WindowManagerShell: Non-visible anim so abort: (#45) android.os.BinderProxy@1d353f2@0
04-16 16:23:53.106  1057  1111 V WindowManagerShell: Transition animation finished (aborted=true), notifying core (#45) android.os.BinderProxy@1d353f2@0
04-16 16:23:53.117   590   608 V WindowManager: Finish Transition (#45): created at 04-16 16:23:53.043 collect-started=1.21ms request-sent=5.222ms started=9.461ms ready=50.711ms sent=55.11ms finished=73.558ms
04-16 16:23:53.118  1057  1111 V WindowManagerShell: Track 0 became idle
04-16 16:23:53.118  1057  1111 V WindowManagerShell: All active transition animations finished
04-16 16:23:53.125   590  4079 W UserManagerService: Requested status bar icon for non-badged user 0
04-16 16:23:53.143   590  1439 W UserManagerService: Requested status bar icon for non-badged user 0
04-16 16:23:53.147   590  1807 W UserManagerService: Requested status bar icon for non-badged user 0
04-16 16:23:53.152   590  4079 D CoreBackPreview: Window{813a23f u0 com.android.settings/com.android.settings.spa.SpaActivity}: Setting back callback OnBackInvokedCallbackInfo{mCallback=android.window.IOnBackInvokedCallback$Stub$Proxy@d618855, mPriority=-1, mIsAnimationCallback=false}
04-16 16:23:53.194  7215  9609 W DataProcessor: shouldShowBatteryAttributionList(): 0.1
04-16 16:23:53.194  7215  9609 W DataProcessor: batteryEntryList is null or empty in convertToBatteryHistEntry()
04-16 16:23:53.223  7215  9623 I EGL_emulation: Opening libGLESv1_CM_emulation.so
04-16 16:23:53.233  7215  9623 I EGL_emulation: Opening libGLESv2_emulation.so
04-16 16:23:53.267  7215  9623 W HWUI    : Failed to choose config with EGL_SWAP_BEHAVIOR_PRESERVED, retrying without...
04-16 16:23:53.272  7215  9623 W HWUI    : Failed to initialize 101010-2 format, error = EGL_SUCCESS
04-16 16:23:53.354  7215  7215 W ImageReader_JNI: Unable to acquire a buffer item, very likely client tried to acquire more than maxImages buffers
04-16 16:23:53.366   590   608 I ActivityTaskManager: Displayed com.android.settings/.spa.SpaActivity for user 0: +1s56ms
04-16 16:23:53.388  7215  7215 D SpaLogMetricsProvider: PAGE_ENTER page 0
04-16 16:23:53.479  7215  7215 D BrowseActivity: Launching page AppInfoSettings
04-16 16:23:53.484   590   736 I ImeTracker: com.android.settings:69774e20: onRequestHide at ORIGIN_SERVER reason HIDE_UNSPECIFIED_WINDOW fromUser false
04-16 16:23:53.485   590   736 I ImeTracker: com.android.settings:69774e20: onCancelled at PHASE_SERVER_SHOULD_HIDE
04-16 16:23:53.509  5459  5459 I GoogleInputMethodService: GoogleInputMethodService.onFinishInput():3157 
04-16 16:23:53.523   590  4011 D ActivityManager: sync unfroze 8301 com.android.chrome for 6
04-16 16:23:53.527  5459  5459 I GoogleInputMethodService: GoogleInputMethodService.updateDeviceLockedStatus():2248 repeatCheckTimes = 0, locked = false
04-16 16:23:53.528  5459  5459 I GoogleInputMethodService: GoogleInputMethodService.onStartInput():1986 onStartInput(EditorInfo{EditorInfo{packageName=com.android.settings, inputType=0, inputTypeString=NULL, enableLearning=false, autoCorrection=false, autoComplete=false, imeOptions=0, privateImeOptions=null, actionName=UNSPECIFIED, actionLabel=null, initialSelStart=-1, initialSelEnd=-1, initialCapsMode=0, label=null, fieldId=0, fieldName=null, extras=null, hintText=null, hintLocales=[]}}, false)
04-16 16:23:53.550  5459  5459 I GoogleInputMethodService: GoogleInputMethodService.updateDeviceLockedStatus():2248 repeatCheckTimes = 1, locked = false
04-16 16:23:53.554  7645  7650 W .apps.messaging: Reducing the number of considered missed Gc histogram windows from 110 to 100
04-16 16:23:53.562  5459  5459 I AndroidIME: InputBundleManager.loadActiveInputBundleId():450 loadActiveInputBundleId: und-Latn-x-password, password
04-16 16:23:53.562   590  1814 W PackageConfigPersister: App-specific configuration not found for packageName: com.android.settings and userId: 0
04-16 16:23:53.596  7645  7679 W Bugle   : TextClassifierLibManagerImpl: Reclaiming memory at level: 40
04-16 16:23:53.622   590  4011 I Role    : io.getstream.android.samples.ringingcall not qualified for android.app.role.HOME due to missing RequiredComponent{mIntentFilterData=IntentFilterData{mAction='android.intent.action.MAIN', mCategories='[android.intent.category.HOME]', mDataScheme='null', mDataType='null'}, mMinTargetSdkVersion=1, mFlags='0', mPermission='null', mQueryFlags=0, mMetaData=[]}
04-16 16:23:53.630   590  4011 I Role    : io.getstream.android.samples.ringingcall not qualified for android.app.role.DIALER due to missing RequiredComponent{mIntentFilterData=IntentFilterData{mAction='android.intent.action.DIAL', mCategories='[]', mDataScheme='null', mDataType='null'}, mMinTargetSdkVersion=1, mFlags='0', mPermission='null', mQueryFlags=0, mMetaData=[]}
04-16 16:23:53.638   590  4011 I Role    : io.getstream.android.samples.ringingcall not qualified for android.app.role.SMS due to missing RequiredComponent{mIntentFilterData=IntentFilterData{mAction='android.provider.Telephony.SMS_DELIVER', mCategories='[]', mDataScheme='null', mDataType='null'}, mMinTargetSdkVersion=1, mFlags='0', mPermission='android.permission.BROADCAST_SMS', mQueryFlags=0, mMetaData=[]}
04-16 16:23:53.710  7215  9609 D AppBatteryPreferenceController: loadBatteryDiffEntries():
04-16 16:23:53.710  7215  9609 D AppBatteryPreferenceController: null
04-16 16:23:53.720   590  1814 W InputManager-JNI: Input channel object 'ee0ff03 Splash Screen com.android.settings (client)' was disposed without first being removed with the input manager!
04-16 16:23:53.730  1340  1340 D BaseDepthController: setSurface:
04-16 16:23:53.730  1340  1340 D BaseDepthController: 	mWaitingOnSurfaceValidity: false
04-16 16:23:53.730  1340  1340 D BaseDepthController: 	mSurface: null
04-16 16:23:53.730  1340  1340 D BaseDepthController: mSurface is null and mCurrentBlur is: 23
04-16 16:23:53.732  1340  1340 D StatsLog: LAUNCHER_ONSTOP
04-16 16:23:53.733  1340  1340 D StatsLog: LAUNCHER_GOOGLE_SEARCH_RESTORE_LIST_SIZE_AFTER_ACTIVITY_RESTART
04-16 16:23:53.733  7215  7215 W ImageReader_JNI: Unable to acquire a buffer item, very likely client tried to acquire more than maxImages buffers
04-16 16:23:53.734  1340  1951 D OneSearchSuggestProvider: Shut down the binder channel
04-16 16:23:53.736  1340  1944 I IPCThreadState: oneway function results for code 2 on binder at 0xb4000075ec252230 will be dropped but finished with status UNKNOWN_TRANSACTION
04-16 16:23:53.737  1340  6567 D GmsPlayProvider: Shut down the binder channel
04-16 16:23:53.751   590  2561 W ParceledListSlice: Element #18 is 20676 bytes.
04-16 16:23:53.751   590  2561 W ParceledListSlice: Element #19 is 21452 bytes.
04-16 16:23:53.758  7215 10180 D BatteryUsageContentProvider: getLastFullChargeTimestamp() in 0/ms
04-16 16:23:53.764  7215 10180 D DatabaseUtils: getLastFullChargeTime() lastFullChargeTime=Apr 16, 2025, 13:20:50 in 6/ms
04-16 16:23:53.776  1057  1169 W FrameTracker: Missed App frame:UNKNOWN: 24, 89326, 26203326, CUJ=J<SPLASHSCREEN_EXIT_ANIM>
04-16 16:23:53.776  1057  1169 W FrameTracker: Missed SF frame:UNKNOWN: 24, 89326, 26203326, CUJ=J<SPLASHSCREEN_EXIT_ANIM>
04-16 16:23:53.776  1057  1169 W FrameTracker: Missed SF frame:UNKNOWN: 80, 89347, 24290619, CUJ=J<SPLASHSCREEN_EXIT_ANIM>
04-16 16:23:53.776  1057  1169 W FrameTracker: Missed SF frame:UNKNOWN: 80, 89362, 27210078, CUJ=J<SPLASHSCREEN_EXIT_ANIM>
04-16 16:23:53.776  1057  1169 W FrameTracker: Missed SF frame:UNKNOWN: 80, 89385, 18466996, CUJ=J<SPLASHSCREEN_EXIT_ANIM>
04-16 16:23:53.776  1057  1169 W FrameTracker: Missed SF frame:UNKNOWN: 80, 89393, 18260455, CUJ=J<SPLASHSCREEN_EXIT_ANIM>
04-16 16:23:53.776  1057  1169 W FrameTracker: Missed SF frame:UNKNOWN: 80, 89409, 0, CUJ=J<SPLASHSCREEN_EXIT_ANIM>
04-16 16:23:53.776  1057  1169 W FrameTracker: Missing HWUI jank callback for vsyncId: 89409, CUJ=J<SPLASHSCREEN_EXIT_ANIM>
04-16 16:23:53.776  1057  1169 W FrameTracker: Missed SF frame:UNKNOWN: 80, 89424, 19208832, CUJ=J<SPLASHSCREEN_EXIT_ANIM>
04-16 16:23:53.776  1057  1169 W FrameTracker: Missed SF frame:UNKNOWN: 80, 89439, 18706833, CUJ=J<SPLASHSCREEN_EXIT_ANIM>
04-16 16:23:53.776  1057  1169 W FrameTracker: Missed SF frame:UNKNOWN: 80, 89447, 0, CUJ=J<SPLASHSCREEN_EXIT_ANIM>
04-16 16:23:53.776  1057  1169 W FrameTracker: Missing HWUI jank callback for vsyncId: 89447, CUJ=J<SPLASHSCREEN_EXIT_ANIM>
04-16 16:23:53.776  1057  1169 W FrameTracker: Missed SF frame:UNKNOWN: 80, 89462, 32066292, CUJ=J<SPLASHSCREEN_EXIT_ANIM>
04-16 16:23:53.776  1057  1169 W FrameTracker: Missed SF frame:UNKNOWN: 80, 89477, 25075918, CUJ=J<SPLASHSCREEN_EXIT_ANIM>
04-16 16:23:53.776  1057  1169 W FrameTracker: Missed SF frame:UNKNOWN: 80, 89485, 21820085, CUJ=J<SPLASHSCREEN_EXIT_ANIM>
04-16 16:23:53.776  1057  1169 W FrameTracker: Missed SF frame:UNKNOWN: 80, 89493, 0, CUJ=J<SPLASHSCREEN_EXIT_ANIM>
04-16 16:23:53.776  1057  1169 W FrameTracker: Missing HWUI jank callback for vsyncId: 89493, CUJ=J<SPLASHSCREEN_EXIT_ANIM>
04-16 16:23:53.776  1057  1169 W FrameTracker: Missed SF frame:UNKNOWN: 80, 89501, 21423337, CUJ=J<SPLASHSCREEN_EXIT_ANIM>
04-16 16:23:53.776  1057  1169 W FrameTracker: Missed SF frame:UNKNOWN: 80, 89509, 18381921, CUJ=J<SPLASHSCREEN_EXIT_ANIM>
04-16 16:23:53.776  1057  1169 W FrameTracker: Missed SF frame:UNKNOWN: 80, 89517, 25622171, CUJ=J<SPLASHSCREEN_EXIT_ANIM>
04-16 16:23:53.776  1057  1169 W FrameTracker: Missed SF frame:UNKNOWN: 80, 89525, 18287464, CUJ=J<SPLASHSCREEN_EXIT_ANIM>
04-16 16:23:53.776  1057  1169 W FrameTracker: Missed SF frame:UNKNOWN: 80, 89540, 26548339, CUJ=J<SPLASHSCREEN_EXIT_ANIM>
04-16 16:23:53.784  7215 10180 D DatabaseUtils: sixDaysAgoTimestamp: Apr 10, 2025, 00:00:00
04-16 16:23:53.785  7215  7215 W System  : ClassLoader referenced unknown path: 
04-16 16:23:53.786  7215  7215 D nativeloader: Configuring clns-shared-8 for other apk . target_sdk_version=35, uses_libraries=, library_path=/system_ext/priv-app/SettingsGoogle/lib/arm64:/system_ext/priv-app/SettingsGoogle/SettingsGoogle.apk!/lib/arm64-v8a:/system/lib64:/system_ext/lib64, permitted_path=/data:/mnt/expand:/data/user_de/0/com.android.settings:/system_ext/priv-app/SettingsGoogle:/system/lib64:/system_ext/lib64
04-16 16:23:53.789  7215 10180 D BatteryUsageContentProvider: getQueryTimestamp from uri: content://com.android.settings.battery.usage.provider/BatteryState?timestamp=1744789850770
04-16 16:23:53.790  7215 10180 D BatteryUsageContentProvider: getBatteryStates() after 1744789850770 in 0/ms
04-16 16:23:53.790  7215 10180 D DatabaseUtils: getBatteryHistoryMap() size=1 in 6/ms
04-16 16:23:53.790  7215 10180 D BatteryChartPreferenceController: getBatterySinceLastFullChargeUsageData() size=1 time=32/ms
04-16 16:23:53.800  7215 10170 I AppLocaleUtil: Can display preference - [io.getstream.android.samples.ringingcall] : isDisallowedPackage : false / isSignedWithPlatformKey : false / hasLauncherEntry : true / canDisplay : false / 1.1
04-16 16:23:53.814  7215 10180 D DataProcessor: getHistoryMapWithExpectedTimestamps() size=5 in 0/ms
04-16 16:23:53.814  7215 10180 E DataProcessor: abnormal entry list in the timestamp:Apr 16, 2025, 14:00:00
04-16 16:23:53.814  7215 10180 E DataProcessor: abnormal entry list in the timestamp:Apr 16, 2025, 15:00:00
04-16 16:23:53.814  7215 10180 E DataProcessor: abnormal entry list in the timestamp:Apr 16, 2025, 16:00:00
04-16 16:23:53.853  9702  9706 I artd    : Dex parent of /data/app/~~mO8owRoV0ZzwXEfv9Er7Mg==/io.getstream.android.samples.ringingcall-KwHKu0cpMdWFJY7HVVDCCA==/base.apk is not writable: Permission denied
04-16 16:23:53.856  9702  9706 I artd    : GetBestInfo checking odex in dalvik-cache (/data/dalvik-cache/arm64/data@app@~~mO8owRoV0ZzwXEfv9Er7Mg==@io.getstream.android.samples.ringingcall-KwHKu0cpMdWFJY7HVVDCCA==@base.apk@classes.dex)
04-16 16:23:53.856  9702  9706 I artd    : Loading /data/dalvik-cache/arm64/data@app@~~mO8owRoV0ZzwXEfv9Er7Mg==@io.getstream.android.samples.ringingcall-KwHKu0cpMdWFJY7HVVDCCA==@base.apk@classes.dex with executable: 0
04-16 16:23:53.856  9702  9706 I artd    : OatFileAssistant test for existing oat file /data/dalvik-cache/arm64/data@app@~~mO8owRoV0ZzwXEfv9Er7Mg==@io.getstream.android.samples.ringingcall-KwHKu0cpMdWFJY7HVVDCCA==@base.apk@classes.dex: File /data/dalvik-cache/arm64/data@app@~~mO8owRoV0ZzwXEfv9Er7Mg==@io.getstream.android.samples.ringingcall-KwHKu0cpMdWFJY7HVVDCCA==@base.apk@classes.vdex does not exist.
04-16 16:23:53.856  9702  9706 I artd    : GetBestInfo checking odex next to the dex file (/data/app/~~mO8owRoV0ZzwXEfv9Er7Mg==/io.getstream.android.samples.ringingcall-KwHKu0cpMdWFJY7HVVDCCA==/oat/arm64/base.odex)
04-16 16:23:53.856  9702  9706 I artd    : Loading /data/app/~~mO8owRoV0ZzwXEfv9Er7Mg==/io.getstream.android.samples.ringingcall-KwHKu0cpMdWFJY7HVVDCCA==/oat/arm64/base.odex with executable: 0
04-16 16:23:53.856  9702  9706 I artd    : OatFileAssistant test for existing oat file /data/app/~~mO8owRoV0ZzwXEfv9Er7Mg==/io.getstream.android.samples.ringingcall-KwHKu0cpMdWFJY7HVVDCCA==/oat/arm64/base.odex: File /data/app/~~mO8owRoV0ZzwXEfv9Er7Mg==/io.getstream.android.samples.ringingcall-KwHKu0cpMdWFJY7HVVDCCA==/oat/arm64/base.vdex does not exist.
04-16 16:23:53.856  9702  9706 I artd    : GetBestInfo checking vdex in dalvik-cache (/data/dalvik-cache/arm64/data@app@~~mO8owRoV0ZzwXEfv9Er7Mg==@io.getstream.android.samples.ringingcall-KwHKu0cpMdWFJY7HVVDCCA==@base.apk@classes.vdex)
04-16 16:23:53.856  9702  9706 I artd    : unable to open vdex file /data/dalvik-cache/arm64/data@app@~~mO8owRoV0ZzwXEfv9Er7Mg==@io.getstream.android.samples.ringingcall-KwHKu0cpMdWFJY7HVVDCCA==@base.apk@classes.vdex: File /data/dalvik-cache/arm64/data@app@~~mO8owRoV0ZzwXEfv9Er7Mg==@io.getstream.android.samples.ringingcall-KwHKu0cpMdWFJY7HVVDCCA==@base.apk@classes.vdex does not exist.
04-16 16:23:53.856  9702  9706 I artd    : OatFileAssistant test for existing oat file /data/dalvik-cache/arm64/data@app@~~mO8owRoV0ZzwXEfv9Er7Mg==@io.getstream.android.samples.ringingcall-KwHKu0cpMdWFJY7HVVDCCA==@base.apk@classes.vdex: File /data/dalvik-cache/arm64/data@app@~~mO8owRoV0ZzwXEfv9Er7Mg==@io.getstream.android.samples.ringingcall-KwHKu0cpMdWFJY7HVVDCCA==@base.apk@classes.vdex does not exist.
04-16 16:23:53.856  9702  9706 I artd    : GetBestInfo checking vdex next to the dex file (/data/app/~~mO8owRoV0ZzwXEfv9Er7Mg==/io.getstream.android.samples.ringingcall-KwHKu0cpMdWFJY7HVVDCCA==/oat/arm64/base.vdex)
04-16 16:23:53.856  9702  9706 I artd    : unable to open vdex file /data/app/~~mO8owRoV0ZzwXEfv9Er7Mg==/io.getstream.android.samples.ringingcall-KwHKu0cpMdWFJY7HVVDCCA==/oat/arm64/base.vdex: File /data/app/~~mO8owRoV0ZzwXEfv9Er7Mg==/io.getstream.android.samples.ringingcall-KwHKu0cpMdWFJY7HVVDCCA==/oat/arm64/base.vdex does not exist.
04-16 16:23:53.856  9702  9706 I artd    : OatFileAssistant test for existing oat file /data/app/~~mO8owRoV0ZzwXEfv9Er7Mg==/io.getstream.android.samples.ringingcall-KwHKu0cpMdWFJY7HVVDCCA==/oat/arm64/base.vdex: File /data/app/~~mO8owRoV0ZzwXEfv9Er7Mg==/io.getstream.android.samples.ringingcall-KwHKu0cpMdWFJY7HVVDCCA==/oat/arm64/base.vdex does not exist.
04-16 16:23:53.856  9702  9706 I artd    : GetBestInfo checking dm (/data/app/~~mO8owRoV0ZzwXEfv9Er7Mg==/io.getstream.android.samples.ringingcall-KwHKu0cpMdWFJY7HVVDCCA==/base.dm)
04-16 16:23:53.856  9702  9706 W ziparchive: Unable to open '/data/app/~~mO8owRoV0ZzwXEfv9Er7Mg==/io.getstream.android.samples.ringingcall-KwHKu0cpMdWFJY7HVVDCCA==/base.dm': No such file or directory
04-16 16:23:53.856  9702  9706 I artd    : OatFileAssistant test for existing oat file /data/app/~~mO8owRoV0ZzwXEfv9Er7Mg==/io.getstream.android.samples.ringingcall-KwHKu0cpMdWFJY7HVVDCCA==/base.dm: I/O error
04-16 16:23:53.856  9702  9706 I artd    : GetBestInfo checking dm (/data/app/~~mO8owRoV0ZzwXEfv9Er7Mg==/io.getstream.android.samples.ringingcall-KwHKu0cpMdWFJY7HVVDCCA==/base.dm)
04-16 16:23:53.856  9702  9706 W ziparchive: Unable to open '/data/app/~~mO8owRoV0ZzwXEfv9Er7Mg==/io.getstream.android.samples.ringingcall-KwHKu0cpMdWFJY7HVVDCCA==/base.dm': No such file or directory
04-16 16:23:53.856  9702  9706 I artd    : OatFileAssistant test for existing oat file /data/app/~~mO8owRoV0ZzwXEfv9Er7Mg==/io.getstream.android.samples.ringingcall-KwHKu0cpMdWFJY7HVVDCCA==/base.dm: I/O error
04-16 16:23:53.856  9702  9706 I artd    : GetBestInfo no usable artifacts
04-16 16:23:53.867  7215  7215 W ImageReader_JNI: Unable to acquire a buffer item, very likely client tried to acquire more than maxImages buffers
04-16 16:23:53.869   590  2561 D ActivityManager: sync unfroze 1068 com.google.android.permissioncontroller for 6
04-16 16:23:53.884   590  4078 I Role    : io.getstream.android.samples.ringingcall not qualified for android.app.role.HOME due to missing RequiredComponent{mIntentFilterData=IntentFilterData{mAction='android.intent.action.MAIN', mCategories='[android.intent.category.HOME]', mDataScheme='null', mDataType='null'}, mMinTargetSdkVersion=1, mFlags='0', mPermission='null', mQueryFlags=0, mMetaData=[]}
04-16 16:23:53.887  7215 10170 D AppForceStopRepository: canForceStopFlow: true
04-16 16:23:53.888   590  2561 I Role    : io.getstream.android.samples.ringingcall not qualified for android.app.role.DIALER due to missing RequiredComponent{mIntentFilterData=IntentFilterData{mAction='android.intent.action.DIAL', mCategories='[]', mDataScheme='null', mDataType='null'}, mMinTargetSdkVersion=1, mFlags='0', mPermission='null', mQueryFlags=0, mMetaData=[]}
04-16 16:23:53.889   590  1807 I Role    : io.getstream.android.samples.ringingcall not qualified for android.app.role.SMS due to missing RequiredComponent{mIntentFilterData=IntentFilterData{mAction='android.provider.Telephony.SMS_DELIVER', mCategories='[]', mDataScheme='null', mDataType='null'}, mMinTargetSdkVersion=1, mFlags='0', mPermission='android.permission.BROADCAST_SMS', mQueryFlags=0, mMetaData=[]}
04-16 16:23:53.956  7215  7215 W ImageReader_JNI: Unable to acquire a buffer item, very likely client tried to acquire more than maxImages buffers
04-16 16:23:53.995  7215  7218 W ndroid.settings: Missing inline cache for void androidx.navigation.NavigatorState.popWithTransition(androidx.navigation.NavBackStackEntry, boolean)
04-16 16:23:54.005   590  2561 D CompatChangeReporter: Compat change id reported: 261072174; UID 10146; state: ENABLED
04-16 16:23:54.088   590  1807 I Role    : io.getstream.android.samples.ringingcall not qualified for android.app.role.HOME due to missing RequiredComponent{mIntentFilterData=IntentFilterData{mAction='android.intent.action.MAIN', mCategories='[android.intent.category.HOME]', mDataScheme='null', mDataType='null'}, mMinTargetSdkVersion=1, mFlags='0', mPermission='null', mQueryFlags=0, mMetaData=[]}
04-16 16:23:54.095   590  1807 I Role    : io.getstream.android.samples.ringingcall not qualified for android.app.role.DIALER due to missing RequiredComponent{mIntentFilterData=IntentFilterData{mAction='android.intent.action.DIAL', mCategories='[]', mDataScheme='null', mDataType='null'}, mMinTargetSdkVersion=1, mFlags='0', mPermission='null', mQueryFlags=0, mMetaData=[]}
04-16 16:23:54.111  7215 10180 W DataProcessor: shouldShowBatteryAttributionList(): 0.1
04-16 16:23:54.111   590  4078 I Role    : io.getstream.android.samples.ringingcall not qualified for android.app.role.SMS due to missing RequiredComponent{mIntentFilterData=IntentFilterData{mAction='android.provider.Telephony.SMS_DELIVER', mCategories='[]', mDataScheme='null', mDataType='null'}, mMinTargetSdkVersion=1, mFlags='0', mPermission='android.permission.BROADCAST_SMS', mQueryFlags=0, mMetaData=[]}
04-16 16:23:54.122  7215 10180 W DataProcessor: batteryEntryList is null or empty in convertToBatteryHistEntry()
04-16 16:23:54.133   590  4078 I Role    : io.getstream.android.samples.ringingcall not qualified for android.app.role.HOME due to missing RequiredComponent{mIntentFilterData=IntentFilterData{mAction='android.intent.action.MAIN', mCategories='[android.intent.category.HOME]', mDataScheme='null', mDataType='null'}, mMinTargetSdkVersion=1, mFlags='0', mPermission='null', mQueryFlags=0, mMetaData=[]}
04-16 16:23:54.139   590  1163 I Role    : io.getstream.android.samples.ringingcall not qualified for android.app.role.DIALER due to missing RequiredComponent{mIntentFilterData=IntentFilterData{mAction='android.intent.action.DIAL', mCategories='[]', mDataScheme='null', mDataType='null'}, mMinTargetSdkVersion=1, mFlags='0', mPermission='null', mQueryFlags=0, mMetaData=[]}
04-16 16:23:54.146   590  4011 I Role    : io.getstream.android.samples.ringingcall not qualified for android.app.role.SMS due to missing RequiredComponent{mIntentFilterData=IntentFilterData{mAction='android.provider.Telephony.SMS_DELIVER', mCategories='[]', mDataScheme='null', mDataType='null'}, mMinTargetSdkVersion=1, mFlags='0', mPermission='android.permission.BROADCAST_SMS', mQueryFlags=0, mMetaData=[]}
04-16 16:23:54.155  5782  5797 W BrowserUsageLoader: <DWB> Failed to query website usage
04-16 16:23:54.155  5782  5797 W BrowserUsageLoader: ftw: Service rejected request (status=5)
04-16 16:23:54.155  5782  5797 W BrowserUsageLoader: 	at exi.a(PG:211)
04-16 16:23:54.155  5782  5797 W BrowserUsageLoader: 	at lfc.a(PG:57)
04-16 16:23:54.155  5782  5797 W BrowserUsageLoader: 	at leo.e(PG:3)
04-16 16:23:54.155  5782  5797 W BrowserUsageLoader: 	at leq.run(PG:42)
04-16 16:23:54.155  5782  5797 W BrowserUsageLoader: 	at hur.run(PG:7)
04-16 16:23:54.155  5782  5797 W BrowserUsageLoader: 	at lcx.run(PG:50)
04-16 16:23:54.155  5782  5797 W BrowserUsageLoader: 	at hld.run(PG:450)
04-16 16:23:54.155  5782  5797 W BrowserUsageLoader: 	at java.lang.Thread.run(Thread.java:1012)
04-16 16:23:54.155  5782  5797 W BrowserUsageLoader: 	at hwd.run(PG:64)
04-16 16:23:54.155  7215 10180 D AppBatteryPresenter: loadBatteryDiffEntries():
04-16 16:23:54.155  7215 10180 D AppBatteryPresenter: null
04-16 16:23:54.237   590  1807 W ParceledListSlice: Element #63 is 140132 bytes.
04-16 16:23:54.237   590  1807 W ParceledListSlice: Overly large reply size: 174980
04-16 16:23:54.246   590  1807 W ParceledListSlice: Element #136 is 66352 bytes.
04-16 16:23:54.247   590  1807 W ParceledListSlice: Overly large reply size: 110988
04-16 16:23:54.251   590  4011 W ParceledListSlice: Element #137 is 17048 bytes.
04-16 16:23:54.252   590  1807 W ParceledListSlice: Element #186 is 21768 bytes.
04-16 16:23:54.255   590  1163 W ParceledListSlice: Element #214 is 29268 bytes.
04-16 16:23:54.264   590   956 D NetworkStatsObservers: Registering observer for RequestInfo from pid/uid:590/1000(android) for DataUsageRequest [ requestId=17, networkTemplate=NetworkTemplate: matchRule=MOBILE, matchSubscriberIds=[310260...], matchWifiNetworkKeys=[], metered=YES, defaultNetwork=NO, thresholdInBytes=3354792 ] accessLevel:3
04-16 16:23:54.267   590  1054 D NetworkStatsObservers: Unregistering RequestInfo from pid/uid:590/1000(android) for DataUsageRequest [ requestId=16, networkTemplate=NetworkTemplate: matchRule=MOBILE, matchSubscriberIds=[310260...], matchWifiNetworkKeys=[], metered=YES, defaultNetwork=NO, thresholdInBytes=3366283 ] accessLevel:3
04-16 16:23:54.302   590  1807 W ParceledListSlice: Element #63 is 140132 bytes.
04-16 16:23:54.304   590  1807 W ParceledListSlice: Overly large reply size: 174980
04-16 16:23:54.312   590  2561 W ParceledListSlice: Element #136 is 66352 bytes.
04-16 16:23:54.312   590  2561 W ParceledListSlice: Overly large reply size: 110988
04-16 16:23:54.313   590  1163 W ParceledListSlice: Element #137 is 17048 bytes.
04-16 16:23:54.314   590  2561 W ParceledListSlice: Element #186 is 21768 bytes.
04-16 16:23:54.315   590  2561 W ParceledListSlice: Element #214 is 29268 bytes.
04-16 16:23:54.372   590  2561 W ParceledListSlice: Element #63 is 140132 bytes.
04-16 16:23:54.373   590  2561 W ParceledListSlice: Overly large reply size: 174980
04-16 16:23:54.385   590  2561 W ParceledListSlice: Element #136 is 66352 bytes.
04-16 16:23:54.385   590  2561 W ParceledListSlice: Overly large reply size: 110988
04-16 16:23:54.385   590  2561 W ParceledListSlice: Element #137 is 17048 bytes.
04-16 16:23:54.386   590  1807 W ParceledListSlice: Element #186 is 21768 bytes.
04-16 16:23:54.396   590  2561 W ParceledListSlice: Element #214 is 29268 bytes.
04-16 16:23:54.455   590  1163 W ParceledListSlice: Element #63 is 140132 bytes.
04-16 16:23:54.455   590  1163 W ParceledListSlice: Overly large reply size: 174980
04-16 16:23:54.467   590  1163 W ParceledListSlice: Element #136 is 66352 bytes.
04-16 16:23:54.467   590  1163 W ParceledListSlice: Overly large reply size: 110988
04-16 16:23:54.471   590  1163 W ParceledListSlice: Element #137 is 17048 bytes.
04-16 16:23:54.473   590  1814 W ParceledListSlice: Element #186 is 21768 bytes.
04-16 16:23:54.477  7215  9623 D EGL_emulation: app_time_stats: avg=38.48ms min=0.64ms max=244.09ms count=28
04-16 16:23:54.480   590  1163 W ParceledListSlice: Element #214 is 29268 bytes.
04-16 16:23:54.614  1068  1075 I ssioncontroller: Background concurrent mark compact GC freed 6660KB AllocSpace bytes, 4(80KB) LOS objects, 49% free, 7494KB/14MB, paused 61us,571us total 148.835ms
04-16 16:23:54.621  7645  8696 V ClearcutMetricXmitter: Transmission is done.
04-16 16:23:54.737   590   720 D ActivityManager: freezing 8986 com.android.vending
04-16 16:23:54.738   590   720 D ActivityManager: freezing 8438 com.android.vending:background
04-16 16:23:54.791   590   975 D InetDiagMessage: Destroyed 0 sockets, proto=IPPROTO_TCP, family=AF_INET, states=14
04-16 16:23:54.791   590   975 D InetDiagMessage: Destroyed 0 sockets, proto=IPPROTO_TCP, family=AF_INET6, states=14
04-16 16:23:54.791   590   975 D InetDiagMessage: Destroyed live tcp sockets for uids={10142} in 1ms
04-16 16:23:55.384   337  6643 D android.hardware.audio@7.1-impl.ranchu: threadLoop: entering standby, frames: 1243584
04-16 16:23:55.623   590   975 W IPCThreadState: Sending oneway calls to frozen process.
04-16 16:23:55.624   590   975 W IPCThreadState: Sending oneway calls to frozen process.
04-16 16:23:55.624   590   975 W IPCThreadState: Sending oneway calls to frozen process.
04-16 16:23:55.627   590   975 W IPCThreadState: Sending oneway calls to frozen process.
04-16 16:23:55.627   590   975 W IPCThreadState: Sending oneway calls to frozen process.
04-16 16:23:55.628   590   975 W IPCThreadState: Sending oneway calls to frozen process.
04-16 16:23:55.636  3905  3946 I BugleRcsEngine: Connected state: [1], networkType: [WIFI] [CONTEXT thread_id=60 ]
04-16 16:23:55.637  3905  4015 I BugleRcsEngine: handleMessage processing message:[NOTIFY_UPTIME_IGNORE_STATE_CHANGED] with [non-null]:RcsEngineImpl reference [CONTEXT log_prefix="RcsEngineImpl[DUAL_REG]:[296d2342-37fa]>Handler" thread_id=67 ]
04-16 16:23:55.645  5170  6085 I NullBinder: NullBinder for android.net.action.RECOMMEND_NETWORKS triggering remote TransactionTooLargeException due to Service without Chimera impl
04-16 16:23:55.646  5170  6085 W .gms.persistent: Large reply transaction of 1056768 bytes, interface descriptor , code 1
04-16 16:23:55.647  3905  4015 I BugleRcsEngine: No RCS Configuration was found in Bugle for simID: redacted-pii:sim_id[chars:20,last3:897] [CONTEXT log_prefix="ProvisioningEngineDataRetriever" thread_id=67 ]
04-16 16:23:55.850   590  3146 E TaskPersister: File error accessing recents directory (directory doesn't exist?).
04-16 16:23:56.708  7215  7215 W ElapsedTimeUtils: getElapsedTime: sSuwFinishedTimeStamp is null
04-16 16:23:56.713   590  4011 D CompatChangeReporter: Compat change id reported: 151861875; UID 10102; state: ENABLED
04-16 16:23:56.714   590  4011 W OptProp : Cannot read opt property android.window.PROPERTY_COMPAT_ALLOW_USER_ASPECT_RATIO_OVERRIDE
04-16 16:23:56.714   590  4011 W OptProp : Cannot read opt property android.window.PROPERTY_COMPAT_ALLOW_USER_ASPECT_RATIO_FULLSCREEN_OVERRIDE
04-16 16:23:56.714   590  4011 W OptProp : Cannot read opt property android.window.PROPERTY_COMPAT_ALLOW_ORIENTATION_OVERRIDE
04-16 16:23:56.719  7215  9623 D EGL_emulation: app_time_stats: avg=747.06ms min=17.98ms max=2072.98ms count=3
04-16 16:23:56.720   590  4011 W OptProp : Cannot read opt property android.window.PROPERTY_COMPAT_ALLOW_MIN_ASPECT_RATIO_OVERRIDE
04-16 16:23:56.722   590  4011 W OptProp : Cannot read opt property android.window.PROPERTY_COMPAT_ALLOW_RESIZEABLE_ACTIVITY_OVERRIDES
04-16 16:23:56.735   590  4011 I ActivityTaskManager: START u0 {act=android.intent.action.UNINSTALL_PACKAGE dat=package: cmp=com.google.android.packageinstaller/com.android.packageinstaller.UninstallerActivity (has extras)} with LAUNCH_MULTIPLE from uid 1000 (BAL_ALLOW_VISIBLE_WINDOW) result code=0
04-16 16:23:56.736  1057  1111 V WindowManagerShell: Transition requested (#46): android.os.BinderProxy@3d3fd8 TransitionRequestInfo { type = OPEN, triggerTask = TaskInfo{userId=0 taskId=14 displayId=0 isRunning=true baseIntent=Intent { act=android.settings.APPLICATION_DETAILS_SETTINGS dat=package: flg=0x10008000 cmp=com.android.settings/.applications.InstalledAppDetails } baseActivity=ComponentInfo{com.android.settings/com.android.settings.spa.SpaActivity} topActivity=ComponentInfo{com.google.android.packageinstaller/com.android.packageinstaller.UninstallerActivity} origActivity=ComponentInfo{com.android.settings/com.android.settings.applications.InstalledAppDetails} realActivity=ComponentInfo{com.android.settings/com.android.settings.applications.InstalledAppDetailsTop} numActivities=2 lastActiveTime=9732621 supportsMultiWindow=true resizeMode=1 isResizeable=true minWidth=-1 minHeight=-1 defaultMinSize=220 token=WCT{android.window.IWindowContainerToken$Stub$Proxy@c982f31} topActivityType=1 pictureInPictureParams=null shouldDockBigOverlays=false launchIntoPipHostTaskId=-1 lastParentTaskIdBeforePip=-1 displayCutoutSafeInsets=null topActivityInfo=ActivityInfo{c133616 com.android.packageinstaller.UninstallerActivity} launchCookies=[] positionInParent=Point(0, 0) parentTaskId=-1 isFocused=true isVisible=true isVisibleRequested=true isSleeping=false locusId=null displayAreaFeatureId=1 isTopActivityTransparent=true appCompatTaskInfo=AppCompatTaskInfo { topActivityInSizeCompat=false topActivityEligibleForLetterboxEducation= falseisLetterboxEducationEnabled= true isLetterboxDoubleTapEnabled= false topActivityEligibleForUserAspectRatioButton= false topActivityBoundsLetterboxed= false isFromLetterboxDoubleTap= false topActivityLetterboxVerticalPosition= -1 topActivityLetterboxHorizontalPosition= -1 topActivityLetterboxWidth=1080 topActivityLetterboxHeight=2400 isUserFullscreenOverrideEnabled=false isSystemFullscreenOverrideEnabled=false cameraCompatTaskInfo=CameraCompatTaskInfo { cameraCompatControlState=hidden freeformCameraCompatMode=inactive}}}, pipTask = null, remoteTransition = null, displayChange = null, flags = 0, debugId = 46 }
04-16 16:23:56.740   389   389 I BpBinder: onLastStrongRef automatically unlinking death recipients: 
04-16 16:23:56.749   590  4011 W OptProp : Cannot read opt property android.window.PROPERTY_COMPAT_ENABLE_FAKE_FOCUS
04-16 16:23:56.750   590  4011 W IPCThreadState: Sending oneway calls to frozen process.
04-16 16:23:56.751   590  4011 D ActivityManager: quick sync unfreeze 9717 for 1
04-16 16:23:56.754   590   611 D ActivityManager: sync unfroze 9717 com.google.android.packageinstaller for 1
04-16 16:23:56.815   590  1163 D CoreBackPreview: Window{b14108a u0 com.google.android.packageinstaller/com.android.packageinstaller.UninstallerActivity}: Setting back callback OnBackInvokedCallbackInfo{mCallback=android.window.IOnBackInvokedCallback$Stub$Proxy@91b9a73, mPriority=0, mIsAnimationCallback=false}
04-16 16:23:56.818  9717  9728 I EGL_emulation: Opening libGLESv1_CM_emulation.so
04-16 16:23:56.819  9717  9728 I EGL_emulation: Opening libGLESv2_emulation.so
04-16 16:23:56.835  9717  9728 W HWUI    : Failed to choose config with EGL_SWAP_BEHAVIOR_PRESERVED, retrying without...
04-16 16:23:56.836  9717  9728 W HWUI    : Failed to initialize 101010-2 format, error = EGL_SUCCESS
04-16 16:23:56.865   590  4011 D CoreBackPreview: Window{20073ad u0 com.google.android.packageinstaller/com.android.packageinstaller.UninstallerActivity}: Setting back callback OnBackInvokedCallbackInfo{mCallback=android.window.IOnBackInvokedCallback$Stub$Proxy@1c1fd30, mPriority=0, mIsAnimationCallback=false}
04-16 16:23:56.880  1057  1210 V WindowManagerShell: onTransitionReady(transaction=2534030706163)
04-16 16:23:56.880  1057  1111 V WindowManagerShell: onTransitionReady (#46) android.os.BinderProxy@3d3fd8: {id=46 t=OPEN f=0x0 trk=0 r=[0@Point(0, 0)] c=[{null m=OPEN f=TRANSLUCENT|FILLS_TASK leash=Surface(name=ActivityRecord{7219400 u0 com.google.android.packageinstaller/com.android.packageinstaller.UninstallerActivity)/@0x9aceb97 sb=Rect(0, 0 - 0, 0) eb=Rect(0, 0 - 1080, 2400) d=-1->0 r=-1->0:-1 bc=fff1f0f7 component=com.google.android.packageinstaller/com.android.packageinstaller.UninstallerActivity}]}
04-16 16:23:56.880  1057  1111 V WindowManagerShell: Playing animation for (#46) android.os.BinderProxy@3d3fd8@0
04-16 16:23:56.880  1057  1111 V WindowManagerShell:  try handler com.android.wm.shell.transition.DefaultMixedHandler@cfbada8
04-16 16:23:56.880  1057  1111 V WindowManagerShell:  try handler com.android.wm.shell.keyguard.KeyguardTransitionHandler@e0250c1
04-16 16:23:56.880  1057  1111 V WindowManagerShell:  try handler com.android.wm.shell.pip.PipTransition@1dd6066
04-16 16:23:56.880  1057  1111 V WindowManagerShell:  try handler com.android.wm.shell.activityembedding.ActivityEmbeddingController@3854fa7
04-16 16:23:56.880  1057  1111 V WindowManagerShell:  try handler com.android.wm.shell.recents.RecentsTransitionHandler@31fc54
04-16 16:23:56.880  1057  1111 V ShellRecents: RecentsTransitionHandler.startAnimation: no controller found
04-16 16:23:56.880  1057  1111 V WindowManagerShell:  try handler com.android.wm.shell.splitscreen.StageCoordinator@d2237fd
04-16 16:23:56.880  1057  1111 V WindowManagerShell:  try handler com.android.wm.shell.transition.RemoteTransitionHandler@f4f1cf2
04-16 16:23:56.880  1057  1111 V WindowManagerShell: Transition doesn't have explicit remote, search filters for match for {id=46 t=OPEN f=0x0 trk=0 r=[0@Point(0, 0)] c=[{null m=OPEN f=TRANSLUCENT|FILLS_TASK leash=Surface(name=ActivityRecord{7219400 u0 com.google.android.packageinstaller/com.android.packageinstaller.UninstallerActivity)/@0x9aceb97 sb=Rect(0, 0 - 0, 0) eb=Rect(0, 0 - 1080, 2400) d=-1->0 r=-1->0:-1 bc=fff1f0f7 component=com.google.android.packageinstaller/com.android.packageinstaller.UninstallerActivity}]}
04-16 16:23:56.880  1057  1111 V WindowManagerShell:  Checking filter Pair{{types=[] flags=0x0] notFlags=0x0 checks=[{atype=undefined independent=true modes=[OPEN,TO_FRONT] flags=IN_TASK_WITH_EMBEDDED_ACTIVITY mustBeTask=false order=ANY topActivity=ComponentInfo{com.google.android.apps.nexuslauncher/com.google.android.apps.nexuslauncher.NexusLauncherActivity} launchCookie=null},{atype=undefined independent=true modes=[CLOSE,TO_BACK] flags=IN_TASK_WITH_EMBEDDED_ACTIVITY mustBeTask=false order=ANY topActivity=null launchCookie=null}]} RemoteTransition { remoteTransition = android.window.IRemoteTransition$Stub$Proxy@8c84b5c, appThread = android.app.IApplicationThread$Stub$Proxy@9664e65, debugName = OverlaySwipeBack }}
04-16 16:23:56.880  1057  1111 V WindowManagerShell:  Checking filter Pair{{types=[] flags=0x0] notFlags=0x0 checks=[{atype=dream independent=true modes=[OPEN,TO_FRONT] flags=NONE mustBeTask=false order=ANY topActivity=null launchCookie=null},{atype=home independent=true modes=[CLOSE,TO_BACK] flags=NONE mustBeTask=false order=ANY topActivity=null launchCookie=null}]} RemoteTransition { remoteTransition = android.window.IRemoteTransition$Stub$Proxy@390573a, appThread = android.app.IApplicationThread$Stub$Proxy@fe4ffeb, debugName = LauncherToDream }}
04-16 16:23:56.880  1057  1111 V WindowManagerShell:  Checking filter Pair{{types=[] flags=0x0] notFlags=0x100 checks=[{atype=home independent=true modes=[OPEN,TO_FRONT] flags=NONE mustBeTask=false order=TOP topActivity=ComponentInfo{com.google.android.apps.nexuslauncher/com.google.android.apps.nexuslauncher.NexusLauncherActivity} launchCookie=null},{atype=standard independent=true modes=[CLOSE,TO_BACK] flags=NONE mustBeTask=false order=ANY topActivity=null launchCookie=null}]} RemoteTransition { remoteTransition = android.window.IRemoteTransition$Stub$Proxy@53cc148, appThread = android.app.IApplicationThread$Stub$Proxy@3726be1, debugName = QuickstepLaunchHome }}
04-16 16:23:56.880  1057  1111 V WindowManagerShell:  Delegate animation for (#46) to null
04-16 16:23:56.880  1057  1111 V WindowManagerShell:  try handler com.android.wm.shell.transition.DefaultTransitionHandler@5b569b5
04-16 16:23:56.880  1057  1111 V WindowManagerShell: start default transition animation, info = {id=46 t=OPEN f=0x0 trk=0 r=[0@Point(0, 0)] c=[{null m=OPEN f=TRANSLUCENT|FILLS_TASK leash=Surface(name=ActivityRecord{7219400 u0 com.google.android.packageinstaller/com.android.packageinstaller.UninstallerActivity)/@0x9aceb97 sb=Rect(0, 0 - 0, 0) eb=Rect(0, 0 - 1080, 2400) d=-1->0 r=-1->0:-1 bc=fff1f0f7 component=com.google.android.packageinstaller/com.android.packageinstaller.UninstallerActivity}]}
04-16 16:23:56.880  1057  1111 V WindowManagerShell: loadAnimation: anim=null animAttr=0x4 type=OPEN isEntrance=true
04-16 16:23:56.883  1057  1111 V WindowManagerShell: Transition animation finished (aborted=false), notifying core (#46) android.os.BinderProxy@3d3fd8@0
04-16 16:23:56.888  1057  1111 V WindowManagerShell: Track 0 became idle
04-16 16:23:56.889  1057  1111 V WindowManagerShell: All active transition animations finished
04-16 16:23:56.889  1057  1111 V WindowManagerShell:  animated by com.android.wm.shell.transition.DefaultTransitionHandler@5b569b5
04-16 16:23:56.889  1057  1111 V WindowManagerShell: Track 0 became idle
04-16 16:23:56.889  1057  1111 V WindowManagerShell: All active transition animations finished
04-16 16:23:56.898   590  2561 W UserManagerService: Requested status bar icon for non-badged user 0
04-16 16:23:56.900   590  2561 W UserManagerService: Requested status bar icon for non-badged user 0
04-16 16:23:56.901   590   608 I ActivityTaskManager: Displayed com.google.android.packageinstaller/com.android.packageinstaller.UninstallerActivity for user 0: +153ms
04-16 16:23:56.902   590   608 V WindowManager: Sent Transition (#46) createdAt=04-16 16:23:56.718 via request=TransitionRequestInfo { type = OPEN, triggerTask = TaskInfo{userId=0 taskId=14 displayId=0 isRunning=true baseIntent=Intent { act=android.settings.APPLICATION_DETAILS_SETTINGS dat=package: flg=0x10008000 cmp=com.android.settings/.applications.InstalledAppDetails } baseActivity=ComponentInfo{com.android.settings/com.android.settings.spa.SpaActivity} topActivity=ComponentInfo{com.google.android.packageinstaller/com.android.packageinstaller.UninstallerActivity} origActivity=ComponentInfo{com.android.settings/com.android.settings.applications.InstalledAppDetails} realActivity=ComponentInfo{com.android.settings/com.android.settings.applications.InstalledAppDetailsTop} numActivities=2 lastActiveTime=9732621 supportsMultiWindow=true resizeMode=1 isResizeable=true minWidth=-1 minHeight=-1 defaultMinSize=220 token=WCT{RemoteToken{5ea885f Task{e785b26 #14 type=standard A=1000:com.android.settings}}} topActivityType=1 pictureInPictureParams=null shouldDockBigOverlays=false launchIntoPipHostTaskId=-1 lastParentTaskIdBeforePip=-1 displayCutoutSafeInsets=null topActivityInfo=ActivityInfo{de29606 com.android.packageinstaller.UninstallerActivity} launchCookies=[] positionInParent=Point(0, 0) parentTaskId=-1 isFocused=true isVisible=true isVisibleRequested=true isSleeping=false locusId=null displayAreaFeatureId=1 isTopActivityTransparent=true appCompatTaskInfo=AppCompatTaskInfo { topActivityInSizeCompat=false topActivityEligibleForLetterboxEducation= falseisLetterboxEducationEnabled= true isLetterboxDoubleTapEnabled= false topActivityEligibleForUserAspectRatioButton= false topActivityBoundsLetterboxed= false isFromLetterboxDoubleTap= false topActivityLetterboxVerticalPosition= -1 topActivityLetterboxHorizontalPosition= -1 topActivityLetterboxWidth=1080 topActivityLetterboxHeight=2400 isUserFullscreenOverrideEnabled=false isSystemFullscreenOverrideEnabled=false cameraCompatTaskInfo=CameraCompatTaskInfo { cameraCompatControlState=hidden freeformCameraCompatMode=inactive}}}, pipTask = null, remoteTransition = null, displayChange = null, flags = 0, debugId = 46 }
04-16 16:23:56.902   590   608 V WindowManager:     startWCT=WindowContainerTransaction { changes = {} hops = [] errorCallbackToken=null taskFragmentOrganizer=null }
04-16 16:23:56.902   590   608 V WindowManager:     info={id=46 t=OPEN f=0x0 trk=0 r=[0@Point(0, 0)] c=[
04-16 16:23:56.902   590   608 V WindowManager:         {null m=OPEN f=TRANSLUCENT|FILLS_TASK leash=Surface(name=ActivityRecord{7219400 u0 com.google.android.packageinstaller/com.android.packageinstaller.UninstallerActivity)/@0x3496b65 sb=Rect(0, 0 - 0, 0) eb=Rect(0, 0 - 1080, 2400) d=-1->0 r=-1->0:-1 bc=fff1f0f7 component=com.google.android.packageinstaller/com.android.packageinstaller.UninstallerActivity}
04-16 16:23:56.902   590   608 V WindowManager:     ]}
04-16 16:23:56.902   590   608 V WindowManager: Finish Transition (#46): created at 04-16 16:23:56.718 collect-started=0.029ms request-sent=14.827ms started=21.135ms ready=45.833ms sent=161.338ms finished=167.448ms
04-16 16:23:56.917  1057  1208 D EGL_emulation: app_time_stats: avg=890.15ms min=1.45ms max=7107.48ms count=8
04-16 16:23:57.164  1340  1695 D EGL_emulation: app_time_stats: avg=195.13ms min=0.79ms max=4188.24ms count=23
04-16 16:23:57.953   383   694 D audioserver: logFgsApiBegin: FGS Logger Transaction failed, -129
04-16 16:23:57.957   590  1163 W AS.PlaybackActivityMon: No piid assigned for invalid/internal port id 15
04-16 16:23:57.964  9717  9728 D EGL_emulation: app_time_stats: avg=89.08ms min=1.59ms max=939.28ms count=11
04-16 16:23:57.968   383   557 D AudioFlinger: mixer(0xb4000073f0bf98e0) throttle end: throttle time(37)
04-16 16:23:57.972  9717  9717 I UninstallerActivity: Uninstalling extras=Bundle[{com.android.packageinstaller.extra.IS_CLONE_APP=false, com.android.packageinstaller.extra.APP_LABEL=tutorial-ringing, com.android.packageinstaller.applicationInfo=ApplicationInfo{4b7e2f2 io.getstream.android.samples.ringingcall}, android.intent.extra.UNINSTALL_ALL_USERS=false, com.android.packageinstaller.extra.UNINSTALL_ID=-2147483646}]
04-16 16:23:57.976  9717  9717 W WindowOnBackDispatcher: sendCancelIfRunning: isInProgress=false callback=android.view.ViewRootImpl$$ExternalSyntheticLambda11@91238b7
04-16 16:23:57.977  9717  9728 D HWUI    : endAllActiveAnimators on 0xb4000075cc1fdd60 (RippleDrawable) with handle 0xb4000075ec20e640
04-16 16:23:57.978   590  4011 W InputManager-JNI: Input channel object 'b14108a com.google.android.packageinstaller/com.android.packageinstaller.UninstallerActivity (client)' was disposed without first being removed with the input manager!
04-16 16:23:57.980   590  1807 D CoreBackPreview: Window{b14108a u0 com.google.android.packageinstaller/com.android.packageinstaller.UninstallerActivity EXITING}: Setting back callback null
04-16 16:23:57.982   590   618 I ActivityManager: Force stopping io.getstream.android.samples.ringingcall appid=10207 user=0: deletePackageX
04-16 16:23:57.983  1057  1111 V WindowManagerShell: Transition requested (#47): android.os.BinderProxy@b4aaa33 TransitionRequestInfo { type = CLOSE, triggerTask = null, pipTask = null, remoteTransition = null, displayChange = null, flags = 0, debugId = 47 }
04-16 16:23:57.990   389   389 I BpBinder: onLastStrongRef automatically unlinking death recipients: 
04-16 16:23:57.999  1057  2290 V WindowManagerShell: onTransitionReady(transaction=2534030706197)
04-16 16:23:58.001  1057  1111 V WindowManagerShell: onTransitionReady (#47) android.os.BinderProxy@b4aaa33: {id=47 t=CLOSE f=0x0 trk=0 r=[0@Point(0, 0)] c=[{null m=CLOSE f=TRANSLUCENT|FILLS_TASK leash=Surface(name=ActivityRecord{7219400 u0 com.google.android.packageinstaller/com.android.packageinstaller.UninstallerActivity)/@0x51831f0 sb=Rect(0, 0 - 1080, 2400) eb=Rect(0, 0 - 1080, 2400) d=0 bc=fff1f0f7 component=com.google.android.packageinstaller/com.android.packageinstaller.UninstallerActivity}]}
04-16 16:23:58.010   590   609 D DisplayManagerService: Drop pending events for gone uid 10207
04-16 16:23:58.011   590   618 I ActivityManager: Killing 10010:io.getstream.android.samples.ringingcall/u0a207 (adj 700): stop io.getstream.android.samples.ringingcall due to deletePackageX
04-16 16:23:58.019  1057  1111 V WindowManagerShell: Playing animation for (#47) android.os.BinderProxy@b4aaa33@0
04-16 16:23:58.019  1057  1111 V WindowManagerShell:  try handler com.android.wm.shell.transition.DefaultMixedHandler@cfbada8
04-16 16:23:58.019  1057  1111 V WindowManagerShell:  try handler com.android.wm.shell.keyguard.KeyguardTransitionHandler@e0250c1
04-16 16:23:58.019  1057  1111 V WindowManagerShell:  try handler com.android.wm.shell.pip.PipTransition@1dd6066
04-16 16:23:58.019  1057  1111 V WindowManagerShell:  try handler com.android.wm.shell.activityembedding.ActivityEmbeddingController@3854fa7
04-16 16:23:58.019  1057  1111 V WindowManagerShell:  try handler com.android.wm.shell.recents.RecentsTransitionHandler@31fc54
04-16 16:23:58.019  1057  1111 V ShellRecents: RecentsTransitionHandler.startAnimation: no controller found
04-16 16:23:58.019  1057  1111 V WindowManagerShell:  try handler com.android.wm.shell.splitscreen.StageCoordinator@d2237fd
04-16 16:23:58.019  1057  1111 V WindowManagerShell:  try handler com.android.wm.shell.transition.RemoteTransitionHandler@f4f1cf2
