04-16 16:24:22.163   590   733 D BluetoothSystemServer: BluetoothManagerService: 04-16 16:24:22.161 	Package [android] requested to [Disable]. 	Reason is CRASH
04-16 16:24:22.164   352   352 E android.hardware.bluetooth.service.default: rfkill unavailable
04-16 16:24:22.165   352   352 E android.hardware.bluetooth-service.default: unlinkToDeath: removed reference to death recipient but unlink failed: DEAD_OBJECT
04-16 16:24:22.165   590   733 D BluetoothSystemServer: BluetoothManagerService: sendBluetoothServiceDownCallback(): to 9 receivers
04-16 16:24:22.166  5170  6085 D BluetoothAdapter: onBluetoothServiceDown
04-16 16:24:22.168   590   733 D BluetoothAdapter: onBluetoothServiceDown
04-16 16:24:22.168  1057  8897 D BluetoothAdapter: onBluetoothServiceDown
04-16 16:24:22.170   590   733 W IPCThreadState: Sending oneway calls to frozen process.
04-16 16:24:22.170  1593  3023 D BluetoothAdapter: onBluetoothServiceDown
04-16 16:24:22.171  1243  1440 D BluetoothAdapter: onBluetoothServiceDown
04-16 16:24:22.171  1610  1621 D BluetoothAdapter: onBluetoothServiceDown
04-16 16:24:22.172  5522  5547 D BluetoothAdapter: onBluetoothServiceDown
04-16 16:24:22.172  6319  6327 D BluetoothAdapter: onBluetoothServiceDown
04-16 16:24:22.173   590   733 D BluetoothSystemServer: BluetoothManagerService: No support for AutoOn feature: Not creating a timer
04-16 16:24:22.173   590   733 D BluetoothSystemServer: BluetoothManagerService: broadcastIntentStateChange: action=BLE_STATE_CHANGED prevState=ON newState=TURNING_OFF
04-16 16:24:22.174   590   733 D BluetoothSystemServer: BluetoothManagerService: broadcastIntentStateChange: action=STATE_CHANGED prevState=ON newState=TURNING_OFF
04-16 16:24:22.179   590   733 D BluetoothSystemServer: BluetoothManagerService: bluetoothStateChangeHandler: Bluetooth is OFF send Service Down
04-16 16:24:22.180   590   733 D BluetoothSystemServer: BluetoothManagerService: sendBluetoothServiceDownCallback(): to 9 receivers
04-16 16:24:22.180   590   733 D BluetoothAdapter: onBluetoothServiceDown
04-16 16:24:22.180   590   590 D BluetoothAdapter: isLeEnabled(): OFF
04-16 16:24:22.180   590   590 I CDM_BleDeviceProcessor: stopBleScan()
04-16 16:24:22.180   590   590 D BluetoothAdapter: isLeEnabled(): OFF
04-16 16:24:22.181  1057  8897 D BluetoothAdapter: onBluetoothServiceDown
04-16 16:24:22.181   590   733 W IPCThreadState: Sending oneway calls to frozen process.
04-16 16:24:22.181   590   733 D BluetoothSystemServer: BluetoothManagerService: unbindAndFinish(): mAdapter=null isBinding=false
04-16 16:24:22.181   590   733 D BluetoothSystemServer: BluetoothManagerService: broadcastIntentStateChange: action=BLE_STATE_CHANGED prevState=TURNING_OFF newState=OFF
04-16 16:24:22.181   590   590 D BluetoothAdapter: isLeEnabled(): OFF
04-16 16:24:22.182   590   733 D BluetoothSystemServer: BluetoothManagerService: Broadcasting onBluetoothOff() to 9 receivers.
04-16 16:24:22.182  1593  3023 D BluetoothAdapter: onBluetoothServiceDown
04-16 16:24:22.182  1610  1621 D BluetoothAdapter: onBluetoothServiceDown
04-16 16:24:22.183  1243  1440 D BluetoothAdapter: onBluetoothServiceDown
04-16 16:24:22.183  5170  6085 D BluetoothAdapter: onBluetoothServiceDown
04-16 16:24:22.184  5522  5547 D BluetoothAdapter: onBluetoothServiceDown
04-16 16:24:22.186   590   733 D BluetoothAdapter: onBluetoothOff
04-16 16:24:22.186   590   733 W IPCThreadState: Sending oneway calls to frozen process.
04-16 16:24:22.187   590   733 W BluetoothSystemServer: BluetoothManagerService: sendBrEdrDownCallback: mAdapter is null
04-16 16:24:22.187   590   733 D BluetoothSystemServer: BluetoothManagerService: broadcastIntentStateChange: action=STATE_CHANGED prevState=TURNING_OFF newState=OFF
04-16 16:24:22.187  6319  6327 D BluetoothAdapter: onBluetoothServiceDown
04-16 16:24:22.187  6319  6327 D BluetoothAdapter: onBluetoothOff
04-16 16:24:22.187  5522  5547 D BluetoothAdapter: onBluetoothOff
04-16 16:24:22.188   590   590 D BluetoothAdapter: HEADSET disconnected
04-16 16:24:22.188  1243  1440 D BluetoothAdapter: onBluetoothOff
04-16 16:24:22.188  1610  1621 D BluetoothAdapter: onBluetoothOff
04-16 16:24:22.189  5170  6085 D BluetoothAdapter: onBluetoothOff
04-16 16:24:22.190  1593  3023 D BluetoothAdapter: onBluetoothOff
04-16 16:24:22.191  1057  8897 D BluetoothAdapter: onBluetoothOff
04-16 16:24:22.191  1610  1610 D BluetoothAdapter: HEADSET disconnected
04-16 16:24:22.191  1243  1243 D BluetoothAdapter: HEADSET disconnected
04-16 16:24:22.192  1057  1057 D BluetoothAdapter: PBAP disconnected
04-16 16:24:22.192  1057  1057 D BluetoothAdapter: HID_DEVICE disconnected
04-16 16:24:22.194   590   590 I AS.BtHelper: BT profile service: disconnecting HEADSET profile
04-16 16:24:22.194  1057  1057 D BluetoothAdapter: HEADSET disconnected
04-16 16:24:22.195  1057  1057 D BluetoothAdapter: A2DP disconnected
04-16 16:24:22.196  1057  1057 D BluetoothAdapter: HEARING_AID disconnected
04-16 16:24:22.197  1057  1057 D BluetoothAdapter: HID_HOST disconnected
04-16 16:24:22.197   590   590 D BluetoothAdapter: HEARING_AID disconnected
04-16 16:24:22.197   590   590 I AS.BtHelper: BT profile service: disconnecting HEARING_AID profile
04-16 16:24:22.197   590   590 D BluetoothAdapter: A2DP disconnected
04-16 16:24:22.198   590   590 I AS.BtHelper: BT profile service: disconnecting A2DP profile
04-16 16:24:22.198   590   590 D BluetoothAdapter: HEADSET disconnected
04-16 16:24:22.198  1057  1057 D BluetoothAdapter: MAP disconnected
04-16 16:24:22.199  1057  1057 D BluetoothAdapter: PAN disconnected
04-16 16:24:22.200   590   987 I AS.BtHelper: BT profile HEADSET disconnected
04-16 16:24:22.200   590   987 I AS.BtHelper: BT profile HEARING_AID disconnected
04-16 16:24:22.201   590   590 I Telecom : BluetoothDeviceManager: Lost BluetoothHeadset service. Removing all tracked devices: BPSL.oSD@AVQ
04-16 16:24:22.202   590   590 D BluetoothAdapter: HEARING_AID disconnected
04-16 16:24:22.202   590   987 I AS.BtHelper: BT profile A2DP disconnected
04-16 16:24:22.203   590   590 I Telecom : CallAudioCommunicationDeviceTracker: clearCommunicationDevice: type = 23, isBtDevice = true: BPSL.oSD@AVU
04-16 16:24:22.203   590   590 I Telecom : CallAudioCommunicationDeviceTracker: Unable to clear communication device of type(s), 23. Device does not correspond to the locally requested device type.: BPSL.oSD@AVU
04-16 16:24:22.203   590   590 I Telecom : BluetoothDeviceManager: Lost BluetoothHearingAid service. Removing all tracked devices.: BPSL.oSD@AVU
04-16 16:24:22.203   590   590 D BluetoothAdapter: A2DP disconnected
04-16 16:24:22.203   590   590 D BluetoothAdapter: HEARING_AID disconnected
04-16 16:24:22.203   590   590 D BluetoothAdapter: isLeEnabled(): OFF
04-16 16:24:22.205  1610  1907 I ALT.BtDevicesMgr: #audio# BT-headset-profile disconnected
04-16 16:24:22.205  1057  1057 D PowerNotificationWarningsGoogleImpl: onReceive: android.bluetooth.adapter.action.STATE_CHANGED
04-16 16:24:22.205  1057  1057 D IncompatibleChargerNotification: dispatchIntent: android.bluetooth.adapter.action.STATE_CHANGED
04-16 16:24:22.205  1057  1057 D PowerNotificationWarningsGoogleImpl: onReceive: android.bluetooth.adapter.action.STATE_CHANGED
04-16 16:24:22.205  1057  1057 D IncompatibleChargerNotification: dispatchIntent: android.bluetooth.adapter.action.STATE_CHANGED
04-16 16:24:22.212   590   713 E NativeTombstoneManager: Tombstone's UID (1002) not an app, ignoring
04-16 16:24:22.214   590   713 I BootReceiver: Copying /data/tombstones/tombstone_01 to DropBox (SYSTEM_TOMBSTONE)
04-16 16:24:22.214   590   713 I DropBoxManagerService: add tag=SYSTEM_TOMBSTONE isTagEnabled=true flags=0x6
04-16 16:24:22.567   590   733 D BluetoothSystemServer: BluetoothManagerService: MESSAGE_RESTART_BLUETOOTH_SERVICE: retry count=1
04-16 16:24:22.567   590   733 D BluetoothSystemServer: BluetoothManagerService: 04-16 16:24:22.567 	Package [android] requested to [Enable]. 	Reason is RESTARTED
04-16 16:24:22.568   590   733 D BluetoothSystemServer: BluetoothManagerService: binding Bluetooth service
04-16 16:24:22.575   590   733 V GrammaticalInflectionUtils: AttributionSource: android.content.AttributionSource@3bda7091 does not have READ_SYSTEM_GRAMMATICAL_GENDER permission.
04-16 16:24:22.588   329   329 D Zygote  : Forked child process 10460
04-16 16:24:22.589   590   619 I ActivityManager: Start proc 10460:com.google.android.bluetooth/1002 for service {com.google.android.bluetooth/com.android.bluetooth.btservice.AdapterService}
04-16 16:24:22.603 10460 10460 I droid.bluetooth: Using CollectorTypeCMC GC.
04-16 16:24:22.615 10460 10460 E droid.bluetooth: Not starting debugger since process cannot load the jdwp agent.
04-16 16:24:22.621 10460 10460 D nativeloader: Load libframework-connectivity-tiramisu-jni.so using APEX ns com_android_tethering for caller /apex/com.android.tethering/javalib/framework-connectivity-t.jar: ok
04-16 16:24:22.637  5170  5170 I PersonalSafety: Settings changed. [CONTEXT service_id=310 ]
04-16 16:24:22.644 10460 10460 D CompatChangeReporter: Compat change id reported: 242716250; UID 1002; state: ENABLED
04-16 16:24:22.649  5170  5170 I MagicTether: (REDACTED) [TetherService] BluetoothStateChangeReceiver: %s
04-16 16:24:22.651  5170  5170 I PersonalSafety: Settings changed. [CONTEXT service_id=310 ]
04-16 16:24:22.651  5170  5170 I PersonalSafety: Settings changed. [CONTEXT service_id=310 ]
04-16 16:24:22.658  5170  5367 I NearbyDiscovery: (REDACTED) FastPairHandler: Received action %s
04-16 16:24:22.661  5170  5233 D BluetoothAdapter: isLeEnabled(): OFF
04-16 16:24:22.663  5170 10384 I MagicTether: [TetherService] starting runnable [CONTEXT service_id=276 ]
04-16 16:24:22.671  5170 10384 I MagicTether: [LaunchUtils] No accounts found for enabling Instant Wifi. [CONTEXT service_id=276 ]
04-16 16:24:22.674  5170 10384 I MagicTether: [TetherService] Bluetooth is disabled, stopping service. [CONTEXT service_id=276 ]
04-16 16:24:22.680  1610  1610 I GsaVoiceInteractionSrv: (REDACTED) O received %s
04-16 16:24:22.682  1610  1610 I GsaVoiceInteractionSrv: (REDACTED) O received %s
04-16 16:24:22.685 10460 10460 D nativeloader: Configuring clns-shared-7 for other apk /apex/com.android.btservices/app/BluetoothGoogle@342010060/BluetoothGoogle.apk. target_sdk_version=34, uses_libraries=, library_path=/apex/com.android.btservices/app/BluetoothGoogle@342010060/lib/arm64:/system/lib64:/system_ext/lib64, permitted_path=/data:/mnt/expand:/data/user_de/0/com.google.android.bluetooth:/apex/com.android.btservices/app/BluetoothGoogle@342010060:/system/lib64:/system_ext/lib64
04-16 16:24:22.687 10460 10460 D nativeloader: InitApexLibraries:
04-16 16:24:22.687 10460 10460 D nativeloader:   com_android_adservices: libhpke_jni.so:libtflite_support_classifiers_native.so
04-16 16:24:22.687 10460 10460 D nativeloader:   com_android_appsearch: libicing.so
04-16 16:24:22.687 10460 10460 D nativeloader:   com_android_art: libartservice.so
04-16 16:24:22.687 10460 10460 D nativeloader:   com_android_btservices: libbluetooth_jni.so
04-16 16:24:22.687 10460 10460 D nativeloader:   com_android_conscrypt: libjavacrypto.so
04-16 16:24:22.687 10460 10460 D nativeloader:   com_android_mediaprovider: libpdfclient.so
04-16 16:24:22.687 10460 10460 D nativeloader:   com_android_nfcservices: libnfc_nci_jni.so
04-16 16:24:22.687 10460 10460 D nativeloader:   com_android_ondevicepersonalization: libfcp_cpp_dep_jni.so:libfcp_hpke_jni.so
04-16 16:24:22.687 10460 10460 D nativeloader:   com_android_os_statsd: libstats_jni.so
04-16 16:24:22.687 10460 10460 D nativeloader:   com_android_tethering: libandroid_net_connectivity_com_android_net_module_util_jni.so:libcrypto.so:libframework-connectivity-jni.so:libframework-connectivity-tiramisu-jni.so:libmainlinecronet.121.0.6167.71.so:libservice-connectivity.so:libservice-thread-jni.so:libssl.so
04-16 16:24:22.687 10460 10460 D nativeloader:   com_android_uwb: libuwb_uci_jni_rust.so
04-16 16:24:22.687 10460 10460 D nativeloader:   com_android_virt: libvirtualizationservice_jni.so:libvirtualmachine_jni.so
04-16 16:24:22.688  5170  5233 W NearbyMediums: [BLUETOOTH_RADIO] State was changed outside of our control. Updating the snapshot to match current radio state.
04-16 16:24:22.689  5170  5233 D BluetoothAdapter: isLeEnabled(): OFF
04-16 16:24:22.699  5170  5170 I MagicTether: [TetherService] Stopping Instant Hotspot feature. [CONTEXT service_id=276 ]
04-16 16:24:22.699  5170  5170 I MagicTether: [TetherService] Stopping Nearby component. [CONTEXT service_id=276 ]
04-16 16:24:22.700  5170 10473 I ProximityAuth: [PhoneHubService] Bluetooth state has changed. Calling startService.
04-16 16:24:22.702  5170 10372 I Nearby  : (REDACTED) is blocked device type %s, isAuto=%s, isIot=%s, isLatchsky=%s, isChinaWearable=%s, isTv=%s, isWearable=%s (supportWearOs=%s), isChromeOsDevice=%s (supportChromeOs=%s)
04-16 16:24:22.705  5170  5170 I MagicTether: [LaunchUtils] No accounts found for enabling Instant Wifi. [CONTEXT service_id=276 ]
04-16 16:24:22.709  5170  5455 I NearbySharing: Bluetooth is disabled
04-16 16:24:22.711  5170  5367 I NearbyDiscovery: (REDACTED) FastPairHandler: Received action %s
04-16 16:24:22.712  5170  5367 I NearbyDiscovery: (REDACTED) FastPairHandler: Received action %s
04-16 16:24:22.713  5857  5941 W SearchServiceCore: Abort, client detached.
04-16 16:24:22.726   590   975 W IPCThreadState: Sending oneway calls to frozen process.
04-16 16:24:22.727   590   975 W IPCThreadState: Sending oneway calls to frozen process.
04-16 16:24:22.728   590   975 W IPCThreadState: Sending oneway calls to frozen process.
04-16 16:24:22.729   590   975 W IPCThreadState: Sending oneway calls to frozen process.
04-16 16:24:22.730   590   975 W IPCThreadState: Sending oneway calls to frozen process.
04-16 16:24:22.730   590   975 W IPCThreadState: Sending oneway calls to frozen process.
04-16 16:24:22.731   590   975 W IPCThreadState: Sending oneway calls to frozen process.
04-16 16:24:22.731  5170  5170 I NearbyPresence: (REDACTED) %s: BLE OFF
04-16 16:24:22.733   590   975 W IPCThreadState: Sending oneway calls to frozen process.
04-16 16:24:22.733   590   975 W IPCThreadState: Sending oneway calls to frozen process.
04-16 16:24:22.733   590   975 W IPCThreadState: Sending oneway calls to frozen process.
04-16 16:24:22.733  5170  6252 W NearbyMediums: [BLUETOOTH_RADIO] State was changed outside of our control. Updating the snapshot to match current radio state.
04-16 16:24:22.734  5170  5170 I MagicTether: (REDACTED) [TetherService] BluetoothStateChangeReceiver: %s
04-16 16:24:22.736  5170  5455 I NearbySharing: Uwb feature is off.
04-16 16:24:22.739  3905  3946 I BugleRcsEngine: Connected state: [1], networkType: [WIFI] [CONTEXT thread_id=60 ]
04-16 16:24:22.743  5170  5170 I PersonalSafety: Settings changed. [CONTEXT service_id=310 ]
04-16 16:24:22.744  3905  4015 I BugleRcsEngine: handleMessage processing message:[NOTIFY_UPTIME_IGNORE_STATE_CHANGED] with [non-null]:RcsEngineImpl reference [CONTEXT log_prefix="RcsEngineImpl[DUAL_REG]:[296d2342-37fa]>Handler" thread_id=67 ]
04-16 16:24:22.744  5170  5170 I PersonalSafety: Ble setting turned off, destroy scanners [CONTEXT service_id=310 ]
04-16 16:24:22.753  5170  5455 I NearbySharing: Stopping scanning because Bluetooth is disabled.
04-16 16:24:22.757  3905  4015 I BugleRcsEngine: No RCS Configuration was found in Bugle for simID: redacted-pii:sim_id[chars:20,last3:897] [CONTEXT log_prefix="ProvisioningEngineDataRetriever" thread_id=67 ]
04-16 16:24:22.758 10460 10460 V GraphicsEnvironment: Currently set values for:
04-16 16:24:22.760 10460 10460 V GraphicsEnvironment:   angle_gl_driver_selection_pkgs=[]
04-16 16:24:22.760 10460 10460 V GraphicsEnvironment:   angle_gl_driver_selection_values=[]
04-16 16:24:22.760 10460 10460 V GraphicsEnvironment: Global.Settings values are invalid: number of packages: 0, number of values: 0
04-16 16:24:22.760 10460 10460 V GraphicsEnvironment: Neither updatable production driver nor prerelease driver is supported.
04-16 16:24:22.767  5170  5275 I NullBinder: NullBinder for android.net.action.RECOMMEND_NETWORKS triggering remote TransactionTooLargeException due to Service without Chimera impl
04-16 16:24:22.767  5170  5275 W .gms.persistent: Large reply transaction of 1056768 bytes, interface descriptor , code 1
04-16 16:24:22.770  5170  9364 I NearbyPresence: (REDACTED) %s verified [!=] new request %s does not equal to the old request %s
04-16 16:24:22.770  5170  5170 I ProximityAuth: [PhoneHubService] Handling intent for PhoneHubChimeraService.
04-16 16:24:22.771  5170  5170 I NearbyDiscovery: (REDACTED) DiscoveryService onStartCommand action: %s
04-16 16:24:22.772  5170  5170 I NearbyDiscovery: (REDACTED) FastPair: onAdapterStateChange: state=%s
04-16 16:24:22.773  5170  6252 I NearbyFastPair: DynamicSupportModule: onSupportStateUpdate start [CONTEXT service_id=265 ]
04-16 16:24:22.775  5170  5455 I NearbySharing: Stopping Fast Init advertisement because Bluetooth is off.
04-16 16:24:22.775  5170  5455 I NearbySharing: Stopping advertising because Bluetooth is disabled.
04-16 16:24:22.779  5170  5170 W SystemServiceRegistry: No service published for: persistent_data_block
04-16 16:24:22.781  5170  5367 I NearbyDiscovery: (REDACTED) OffloadFastPairScanner: eventType=%s, isInternalReq=%s, isOffloadScanning=%s, isOffloadScanningAllowed=%s
04-16 16:24:22.782  5170  6252 I NearbyFastPair: DynamicSupportModule: onSupportStateUpdate end [CONTEXT service_id=265 ]
04-16 16:24:22.783  5170 10385 I MagicTether: [TetherService] starting runnable [CONTEXT service_id=276 ]
04-16 16:24:22.784 10460 10460 D BluetoothAdapterApp: REFCOUNT: Constructed com.android.bluetooth.btservice.AdapterApp@2a267c2 Instance Count = 1
04-16 16:24:22.784  5170 10385 I MagicTether: [LaunchUtils] No accounts found for enabling Instant Wifi. [CONTEXT service_id=276 ]
04-16 16:24:22.784  5170 10385 I MagicTether: [TetherService] Bluetooth is disabled, stopping service. [CONTEXT service_id=276 ]
04-16 16:24:22.791 10460 10460 D BluetoothAdapterApp: onCreate
04-16 16:24:22.793  5170  5170 I MagicTether: [TidepoolFeatureStatusManager] Successfully unregistered TidepoolListener [CONTEXT service_id=276 ]
04-16 16:24:22.798  5170  5170 I MagicTether: [TetherService] Stopping Instant Hotspot feature. [CONTEXT service_id=276 ]
04-16 16:24:22.799  5170  5170 I MagicTether: [TetherService] Stopping Nearby component. [CONTEXT service_id=276 ]
04-16 16:24:22.799 10460 10460 D DataMigration: Legacy migration skiped: already completed
04-16 16:24:22.800  5170  5170 I MagicTether: [LaunchUtils] No accounts found for enabling Instant Wifi. [CONTEXT service_id=276 ]
04-16 16:24:22.804  5170 10476 I ProximityAuth: [PhoneHubService] Bluetooth state has changed. Calling startService.
04-16 16:24:22.806 10460 10460 D BluetoothAdapterService: Loading JNI Library
04-16 16:24:22.808  5170  5367 I NearbyDiscovery: (REDACTED) FastPairScanner: isScreenOn=%s, isLocationEnabled=%s, disableLocationRequirement=%s, isDiscoveryScanningEnabled=%s, during24GhzWifiWarmingUpPeriod=%s
04-16 16:24:22.812   590  4010 W ActivityManager: Unable to start service Intent { cmp=com.google.android.gms/.fido.fido2.pollux.CableAuthenticatorService } U=0: not found
04-16 16:24:22.815  5170  5367 D BluetoothAdapter: isLeEnabled(): OFF
04-16 16:24:22.816  5170 10477 I Nearby  : (REDACTED) is blocked device type %s, isAuto=%s, isIot=%s, isLatchsky=%s, isChinaWearable=%s, isTv=%s, isWearable=%s (supportWearOs=%s), isChromeOsDevice=%s (supportChromeOs=%s)
04-16 16:24:22.816  5170  5170 I ProximityAuth: [PhoneHubService] Handling intent for PhoneHubChimeraService.
04-16 16:24:22.817  5170  5367 I NearbyDiscovery: (REDACTED) FastPairScanner: eventType=%s, intReq=%s, scanning=%s, scanAllowed=%s, bleEnabled=%s, lockScanRate=%s, startScanningByLowPowerMode=%s
04-16 16:24:22.818  5170  5367 I NearbyDiscovery: (REDACTED) FastPairScanner: Stopping scan, %s
04-16 16:24:22.818  5170  5170 I NearbyDiscovery: (REDACTED) DiscoveryService onStartCommand action: %s
04-16 16:24:22.820  5170  5170 I NearbyDiscovery: (REDACTED) FastPair: onAdapterStateChange: state=%s
04-16 16:24:22.820  5170  6252 I NearbyFastPair: DynamicSupportModule: onSupportStateUpdate start [CONTEXT service_id=265 ]
04-16 16:24:22.820  5170  6252 I NearbyFastPair: DynamicSupportModule: onSupportStateUpdate end [CONTEXT service_id=265 ]
04-16 16:24:22.820  5170  5170 I NearbyDiscovery: (REDACTED) DiscoveryService onStartCommand action: %s
04-16 16:24:22.821  5170 10384 I ProximityAuth: [PhoneHubService] No enabled account, stopping service
04-16 16:24:22.822  5170 10114 I Nearby  : (REDACTED) is blocked device type %s, isAuto=%s, isIot=%s, isLatchsky=%s, isChinaWearable=%s, isTv=%s, isWearable=%s (supportWearOs=%s), isChromeOsDevice=%s (supportChromeOs=%s)
04-16 16:24:22.834  5170  5367 D BluetoothAdapter: isLeEnabled(): OFF
04-16 16:24:22.834  5170  5367 I NearbyDiscovery: (REDACTED) FastPairScanner: isScreenOn=%s, isLocationEnabled=%s, disableLocationRequirement=%s, isDiscoveryScanningEnabled=%s, during24GhzWifiWarmingUpPeriod=%s
04-16 16:24:22.834  5170  5367 I NearbyDiscovery: OffloadFastPairScanner: isScanningAllowed, try startScanning. [CONTEXT service_id=265 ]
04-16 16:24:22.834  5170  5367 D BluetoothAdapter: isLeEnabled(): OFF
04-16 16:24:22.834  5170  5367 I NearbyDiscovery: (REDACTED) OffloadFastPairScanner: BLE is not enabled, stop on going scan and try enable BLE, eventType=%s
04-16 16:24:22.834  5170  5367 I NearbyDiscovery: OffloadFastPairScanner: Skipping stop, already stopped scanning [CONTEXT service_id=265 ]
04-16 16:24:22.834  5170  5367 I NearbyDiscovery: (REDACTED) BleRecoveryHelper: BLE is not always available, resets retry count and skip. eventType=%s
04-16 16:24:22.834  5170  5367 I NearbyDiscovery: (REDACTED) FastPairHandler: Received action %s
04-16 16:24:22.834  5170  5367 I NearbyDiscovery: (REDACTED) OffloadFastPairScanner: eventType=%s, isInternalReq=%s, isOffloadScanning=%s, isOffloadScanningAllowed=%s
04-16 16:24:22.834  5170  5367 I NearbyDiscovery: (REDACTED) FastPairScanner: isScreenOn=%s, isLocationEnabled=%s, disableLocationRequirement=%s, isDiscoveryScanningEnabled=%s, during24GhzWifiWarmingUpPeriod=%s
04-16 16:24:22.835  5170  5367 D BluetoothAdapter: isLeEnabled(): OFF
04-16 16:24:22.835  5170  5367 I NearbyDiscovery: (REDACTED) FastPairScanner: eventType=%s, intReq=%s, scanning=%s, scanAllowed=%s, bleEnabled=%s, lockScanRate=%s, startScanningByLowPowerMode=%s
04-16 16:24:22.835  5170  5367 I NearbyDiscovery: (REDACTED) FastPairHandler: Received action %s
04-16 16:24:22.835  5170  5367 I NearbyDiscovery: FastPairController: removeAllEventStreamInitializationDevice [CONTEXT service_id=265 ]
04-16 16:24:22.835  5170  5367 I NearbyDiscovery: FastPairController: destroyAllEventStreams [CONTEXT service_id=265 ]
04-16 16:24:22.837  5170  5170 I ProximityAuth: [PhoneHubService] Destroying PhoneHubChimeraService.
04-16 16:24:22.838  5170  5170 W ProximityAuth: [PhoneHubNotificationProcessor] shutdown(): context is null.
04-16 16:24:22.838  5170  5170 I ProximityAuth: [PhoneHubService] All devices have disconnected. Performing cleanup...
04-16 16:24:22.838  5170  5170 W ChimeraUtils: Module com.google.android.gms.auth_proximity missing resource null(0)
04-16 16:24:22.839  5170 10384 I ProximityAuth: [PhoneHubService] No enabled account, stopping service
04-16 16:24:22.847  5170  5455 I NearbySharing: Fast Initiation Scanning has stopped
04-16 16:24:22.848  5170  5455 I NearbySharing: Stopping FastInitiation scanning because Bluetooth is disabled.
04-16 16:24:22.849  5170  5455 I NearbySharing: Dismissing HUN as there's no device nearby.
04-16 16:24:22.854  5170  5367 I NearbyDiscovery: (REDACTED) EventStreamManager: Disconnect all event streams, size=%s
04-16 16:24:22.856  5170  5367 I NearbyDiscovery: (REDACTED) FastPairHandler: Received action %s
04-16 16:24:22.859  5170 10114 I NearbyDiscovery: (REDACTED) SdpManager: Remove all pending sdp actions (%s)
04-16 16:24:22.862 10460 10460 D nativeloader: Load libbluetooth_jni.so using ns clns-shared-7 from class loader (caller=/apex/com.android.btservices/app/BluetoothGoogle@342010060/BluetoothGoogle.apk): ok
04-16 16:24:22.862 10460 10460 I BluetoothServiceJni: android/app/jni/com_android_bluetooth_btservice_AdapterService.cpp:2291 JNI_OnLoad: Set stack default log level to 'INFO'
04-16 16:24:22.865  5170  5367 I Nearby  : (REDACTED) is blocked device type %s, isAuto=%s, isIot=%s, isLatchsky=%s, isChinaWearable=%s, isTv=%s, isWearable=%s (supportWearOs=%s), isChromeOsDevice=%s (supportChromeOs=%s)
04-16 16:24:22.870  5170  5367 I NearbyDiscovery: (REDACTED) DiscoveryController, showNotification, itemSize=%s
04-16 16:24:22.872 10460 10460 I AdapterServiceConfig: init: profile=A2DP, enabled=true
04-16 16:24:22.872 10460 10460 I AdapterServiceConfig: init: profile=A2DP_SINK, enabled=false
04-16 16:24:22.873 10460 10460 I AdapterServiceConfig: init: profile=AVRCP, enabled=true
04-16 16:24:22.873 10460 10460 I AdapterServiceConfig: init: profile=AVRCP_CONTROLLER, enabled=false
04-16 16:24:22.873 10460 10460 I AdapterServiceConfig: init: profile=LE_AUDIO_BROADCAST_ASSISTANT, enabled=false
04-16 16:24:22.873 10460 10460 I AdapterServiceConfig: init: profile=BATTERY, enabled=false
04-16 16:24:22.873 10460 10460 I AdapterServiceConfig: init: profile=CSIP_SET_COORDINATOR, enabled=false
04-16 16:24:22.873 10460 10460 I AdapterServiceConfig: init: profile=HAP_CLIENT, enabled=false
04-16 16:24:22.873 10460 10460 I AdapterServiceConfig: init: profile=HEADSET, enabled=true
04-16 16:24:22.873 10460 10460 I AdapterServiceConfig: init: profile=HEADSET_CLIENT, enabled=false
04-16 16:24:22.873 10460 10460 I AdapterServiceConfig: init: profile=HEARING_AID, enabled=true
04-16 16:24:22.873 10460 10460 I AdapterServiceConfig: init: profile=HID_DEVICE, enabled=true
04-16 16:24:22.873 10460 10460 I AdapterServiceConfig: init: profile=HID_HOST, enabled=true
04-16 16:24:22.873 10460 10460 I AdapterServiceConfig: init: profile=GATT, enabled=true
04-16 16:24:22.873 10460 10460 I AdapterServiceConfig: init: profile=LE_AUDIO, enabled=false
04-16 16:24:22.873 10460 10460 I AdapterServiceConfig: init: profile=LE_AUDIO_BROADCAST, enabled=false
04-16 16:24:22.873 10460 10460 I AdapterServiceConfig: init: profile=LE_CALL_CONTROL, enabled=false
04-16 16:24:22.873 10460 10460 I AdapterServiceConfig: init: profile=MAP, enabled=true
04-16 16:24:22.873 10460 10460 I AdapterServiceConfig: init: profile=MAP_CLIENT, enabled=false
04-16 16:24:22.873 10460 10460 I AdapterServiceConfig: init: profile=MCP_SERVER, enabled=true
04-16 16:24:22.873 10460 10460 I AdapterServiceConfig: init: profile=OPP, enabled=true
04-16 16:24:22.873 10460 10460 I AdapterServiceConfig: init: profile=PAN, enabled=true
04-16 16:24:22.873 10460 10460 I AdapterServiceConfig: init: profile=PBAP, enabled=true
04-16 16:24:22.873 10460 10460 I AdapterServiceConfig: init: profile=PBAP_CLIENT, enabled=false
04-16 16:24:22.873 10460 10460 I AdapterServiceConfig: init: profile=SAP, enabled=false
04-16 16:24:22.873 10460 10460 I AdapterServiceConfig: init: profile=VOLUME_CONTROL, enabled=false
04-16 16:24:22.873 10460 10460 I BluetoothMetricsLogger: setCounterMetricsAlarm()
04-16 16:24:22.874  5170  5367 I NearbyDiscovery: (REDACTED) Show notifications: %d total, no changes since last shown, no-op.
04-16 16:24:22.891  6319  6319 I NearbySharing: SharingTileService created.
04-16 16:24:22.892 10460 10460 I BluetoothKeystoreService: ComputeDataThread: create, doEncrypt: true
04-16 16:24:22.892  5170  5207 I GoogleSignatureVerifier: package info is not set correctly
04-16 16:24:22.893 10460 10460 I BluetoothKeystoreService: ComputeDataThread: create, doEncrypt: false
04-16 16:24:22.894 10460 10482 I BluetoothKeystoreService: ComputeDataThread: run, doEncrypt: true
04-16 16:24:22.894 10460 10483 I BluetoothKeystoreService: ComputeDataThread: run, doEncrypt: false
04-16 16:24:22.898  5170  5455 I NearbySharing: Broadcasting NearbySharing state change.
04-16 16:24:22.899  5170  5455 I NearbySharing: Bluetooth is disabled
04-16 16:24:22.899  5170  5455 I NearbySharing: Uwb feature is off.
04-16 16:24:22.899  5170  5455 I NearbySharing: Stopping scanning because Bluetooth is disabled.
04-16 16:24:22.901  5170  5455 I NearbySharing: Stopping Fast Init advertisement because Bluetooth is off.
04-16 16:24:22.901  5170  5455 I NearbySharing: Stopping advertising because Bluetooth is disabled.
04-16 16:24:22.902  5170  5255 I ActivityScheduler: nextTriggerTime: 9990351, in 231569ms, detectorType: 39, FULL_TYPE alarmWindowMillis: 80000
04-16 16:24:22.906 10460 10482 I BluetoothKeystoreService: Interrupted while operating.
04-16 16:24:22.906 10460 10482 I BluetoothKeystoreService: ComputeDataThread: Stop, doEncrypt: true
04-16 16:24:22.906 10460 10483 I BluetoothKeystoreService: Interrupted while operating.
04-16 16:24:22.906 10460 10483 I BluetoothKeystoreService: ComputeDataThread: Stop, doEncrypt: false
04-16 16:24:22.908  5170  5455 I NearbySharing: Fast Initiation Scanning has stopped
04-16 16:24:22.909  5170  5455 I NearbySharing: Stopping FastInitiation scanning because Bluetooth is disabled.
04-16 16:24:22.910 10460 10460 I bt_btif : system/btif/src/bluetooth.cc:420 init: start restricted = false ; common criteria mode = false, config compare result = 0
04-16 16:24:22.910 10460 10486 I bluetooth: system/common/message_loop_thread.cc:189 Run: message loop starting for thread bt_stack_manager_thread
04-16 16:24:22.911 10460 10486 I bt_stack_manager: system/btif/src/stack_manager.cc:257 event_init_stack: is initializing the stack
04-16 16:24:22.911 10460 10487 I bluetooth: system/common/message_loop_thread.cc:189 Run: message loop starting for thread bt_main_thread
04-16 16:24:22.911 10460 10486 I device_iot_config: system/device/src/device_iot_config_int.cc:63 device_iot_config_module_init: 
04-16 16:24:22.911 10460 10486 E bluetooth: system/osi/src/config.cc:104 config_new: unable to open file '/data/misc/bluedroid/bt_remote_dev_info.conf': No such file or directory
04-16 16:24:22.911 10460 10486 W device_iot_config: system/device/src/device_iot_config_int.cc:77 device_iot_config_module_init: Unable to load config file: /data/misc/bluedroid/bt_remote_dev_info.conf; using backup.
04-16 16:24:22.911 10460 10486 E bluetooth: system/osi/src/config.cc:104 config_new: unable to open file '/data/misc/bluedroid/bt_remote_dev_info.bak': No such file or directory
04-16 16:24:22.911 10460 10486 E device_iot_config: system/device/src/device_iot_config_int.cc:84 device_iot_config_module_init: Unable to load bak file; creating empty config.
04-16 16:24:22.911 10460 10486 I device_iot_config: system/device/src/device_iot_config_int.cc:125 device_iot_config_module_init: Devices loaded 0
04-16 16:24:22.912 10460 10490 I bt_osi_thread: system/osi/src/thread.cc:211 run_thread: thread id 10490, thread name alarm_default_ca started
04-16 16:24:22.913 10460 10491 I bt_osi_thread: system/osi/src/thread.cc:211 run_thread: thread id 10491, thread name alarm_dispatcher started
04-16 16:24:22.913 10460 10486 I bt_core_module: system/btcore/src/module.cc:88 module_start_up: Starting module "gd_shim_module"
04-16 16:24:22.913 10460 10486 I bt_gd_shim: system/main/shim/stack.cc:77 StartEverything: Starting Gd stack
04-16 16:24:22.913 10460 10486 I bt_gd_shim: system/main/shim/stack.cc:139 Start: Starting Gd stack
04-16 16:24:22.913 10460 10486 I BtGdWakelockNative: system/gd/os/android/wakelock_native.cc:80 Initialize: Initializing native wake locks
04-16 16:24:22.914 10460 10486 W droid.bluetooth: AIBinder_linkToDeath is being called with a non-null cookie and no onUnlink callback set. This might not be intended. AIBinder_DeathRecipient_setOnUnlinked should be called first.
04-16 16:24:22.914 10460 10493 I BtGdModule: system/gd/module.cc:89 Start: Constructing next module
04-16 16:24:22.914 10460 10493 I BtGdModule: system/gd/module.cc:93 Start: Starting dependencies of BluetoothCounterMetrics
04-16 16:24:22.914 10460 10493 I BtGdModule: system/gd/module.cc:97 Start: Finished starting dependencies and calling Start() of BluetoothCounterMetrics
04-16 16:24:22.914 10460 10493 I BluetoothCounterMetrics: system/gd/metrics/counter_metrics.cc:41 Start: Counter metrics initialized
04-16 16:24:22.914 10460 10493 I BtGdModule: system/gd/module.cc:103 Start: Started BluetoothCounterMetrics
04-16 16:24:22.914 10460 10493 I BtGdModule: system/gd/module.cc:89 Start: Constructing next module
04-16 16:24:22.914 10460 10493 I BtGdModule: system/gd/module.cc:93 Start: Starting dependencies of HciHal
04-16 16:24:22.914 10460 10493 I BtGdModule: system/gd/module.cc:89 Start: Constructing next module
04-16 16:24:22.914 10460 10493 I BtGdModule: system/gd/module.cc:93 Start: Starting dependencies of LinkClocker
04-16 16:24:22.914 10460 10493 I BtGdModule: system/gd/module.cc:97 Start: Finished starting dependencies and calling Start() of LinkClocker
04-16 16:24:22.914 10460 10493 I BtGdModule: system/gd/module.cc:103 Start: Started LinkClocker
04-16 16:24:22.914 10460 10493 I BtGdModule: system/gd/module.cc:89 Start: Constructing next module
04-16 16:24:22.914 10460 10493 I bluetooth: system/gd/hal/snoop_logger.cc:1432 GetBtSnoopMode: btsnoop_mode_empty: true
04-16 16:24:22.914 10460 10493 I bluetooth: system/gd/hal/snoop_logger.cc:514 SnoopLogger: Snoop Logs disabled
04-16 16:24:22.914 10460 10493 I bluetooth: system/gd/hal/snoop_logger.cc:333 delete_btsnoop_files: Deleting logs if they exist
04-16 16:24:22.916 10460 10493 I bluetooth: system/gd/hal/snoop_logger.cc:339 delete_btsnoop_files: Main log file does not exist at "/data/misc/bluetooth/logs/btsnoop_hci.log.filtered"
04-16 16:24:22.916 10460 10493 I bluetooth: system/gd/hal/snoop_logger.cc:347 delete_btsnoop_files: Last log file does not exist at "/data/misc/bluetooth/logs/btsnoop_hci.log.filtered"
04-16 16:24:22.916 10460 10493 I bluetooth: system/gd/hal/snoop_logger.cc:333 delete_btsnoop_files: Deleting logs if they exist
04-16 16:24:22.916 10460 10493 I bluetooth: system/gd/hal/snoop_logger.cc:339 delete_btsnoop_files: Main log file does not exist at "/data/misc/bluetooth/logs/btsnoop_hci.log"
04-16 16:24:22.916 10460 10493 I bluetooth: system/gd/hal/snoop_logger.cc:347 delete_btsnoop_files: Last log file does not exist at "/data/misc/bluetooth/logs/btsnoop_hci.log"
04-16 16:24:22.916 10460 10493 I BtGdModule: system/gd/module.cc:93 Start: Starting dependencies of SnoopLogger
04-16 16:24:22.916 10460 10493 I BtGdModule: system/gd/module.cc:97 Start: Finished starting dependencies and calling Start() of SnoopLogger
04-16 16:24:22.916 10460 10493 I BtGdModule: system/gd/module.cc:103 Start: Started SnoopLogger
04-16 16:24:22.916 10460 10493 I BtGdModule: system/gd/module.cc:97 Start: Finished starting dependencies and calling Start() of HciHal
04-16 16:24:22.918 10460 10493 W droid.bluetooth: AIBinder_linkToDeath is being called with a non-null cookie and no onUnlink callback set. This might not be intended. AIBinder_DeathRecipient_setOnUnlinked should be called first.
04-16 16:24:22.918   352   352 I android.hardware.bluetooth.service.default: initialize
04-16 16:24:22.918   352   352 I android.hardware.bluetooth.service.default: opening hci interface 0
04-16 16:24:22.918   352   352 E android.hardware.bluetooth.service.default: unable to open /dev/rfkill: Permission denied
04-16 16:24:22.918   352   352 E android.hardware.bluetooth.service.default: rfkill unavailable
04-16 16:24:22.918   352   352 I android.hardware.bluetooth.service.default: waiting for hci interface 0
04-16 16:24:22.919  5170  5455 I NearbySharing: Dismissing HUN as there's no device nearby.
04-16 16:24:22.919  5170  5455 I NearbySharing: Broadcasting NearbySharing state change.
04-16 16:24:22.921   352   352 I android.hardware.bluetooth.service.default: hci interface 0 found
04-16 16:24:22.921   352   352 I android.hardware.bluetooth.service.default: hci interface 0 ready
04-16 16:24:22.921   352   352 W android.hardware.bluetooth-service.default: AIBinder_linkToDeath is being called with a non-null cookie and no onUnlink callback set. This might not be intended. AIBinder_DeathRecipient_setOnUnlinked should be called first.
04-16 16:24:22.926   352   352 I android.hardware.bluetooth.service.default: HCI Reset successful
04-16 16:24:22.926   352   352 I android.hardware.bluetooth.service.default: initialization complete
04-16 16:24:22.926 10460 10493 I BtGdModule: system/gd/module.cc:103 Start: Started HciHal
04-16 16:24:22.927 10460 10493 I BtGdModule: system/gd/module.cc:89 Start: Constructing next module
04-16 16:24:22.927 10460 10493 I BtGdModule: system/gd/module.cc:93 Start: Starting dependencies of Hci Layer
04-16 16:24:22.927 10460 10493 I BtGdModule: system/gd/module.cc:89 Start: Constructing next module
04-16 16:24:22.927 10460 10493 I BtGdModule: system/gd/module.cc:93 Start: Starting dependencies of Storage Module
04-16 16:24:22.927 10460 10493 I BtGdModule: system/gd/module.cc:97 Start: Finished starting dependencies and calling Start() of Storage Module
04-16 16:24:22.928 10460 10493 I bluetooth: system/btif/src/btif_keystore.cc:61 ConvertEncryptOrDecryptKeyIfNeeded: callback isn't ready.
04-16 16:24:22.928 10460 10493 I BtGdModule: system/gd/module.cc:103 Start: Started Storage Module
04-16 16:24:22.928 10460 10493 I BtGdModule: system/gd/module.cc:97 Start: Finished starting dependencies and calling Start() of Hci Layer
04-16 16:24:22.932  5170  5858 I NearbySharing: A new client has bound to the NearbySharingService ClientBridge for calling package com.google.android.gms and PID 6319
04-16 16:24:22.936 10460 10492 I bluetooth: system/gd/hci/hci_layer.cc:333 register_event: Registering test for CONNECTION_REQUEST, since there's no ACL
04-16 16:24:22.937 10460 10493 I BtGdModule: system/gd/module.cc:103 Start: Started Hci Layer
04-16 16:24:22.937 10460 10493 I BtGdModule: system/gd/module.cc:89 Start: Constructing next module
04-16 16:24:22.937 10460 10493 I BtGdModule: system/gd/module.cc:93 Start: Starting dependencies of shim::Dumpsys
04-16 16:24:22.937 10460 10493 I BtGdModule: system/gd/module.cc:97 Start: Finished starting dependencies and calling Start() of shim::Dumpsys
04-16 16:24:22.937 10460 10493 I BtGdModule: system/gd/module.cc:103 Start: Started shim::Dumpsys
04-16 16:24:22.937 10460 10493 I BtGdModule: system/gd/module.cc:89 Start: Constructing next module
04-16 16:24:22.937 10460 10493 I BtGdModule: system/gd/module.cc:93 Start: Starting dependencies of Controller
04-16 16:24:22.937 10460 10493 I BtGdModule: system/gd/module.cc:97 Start: Finished starting dependencies and calling Start() of Controller
04-16 16:24:22.945 10460 10493 I bluetooth: system/gd/hci/controller.cc:130 Start: LE_READ_MAXIMUM_DATA_LENGTH not supported, defaulting to 0
04-16 16:24:22.945 10460 10493 I bluetooth: system/gd/hci/controller.cc:150 Start: LE_READ_SUGGESTED_DEFAULT_DATA_LENGTH not supported, defaulting to 27 (0x1B)
04-16 16:24:22.949 10460 10492 I bluetooth: system/gd/hci/controller.cc:638 le_get_vendor_capabilities_handler: invalid data for hci requirements v1.03
04-16 16:24:22.950 10460 10493 I BtGdModule: system/gd/module.cc:103 Start: Started Controller
04-16 16:24:22.950 10460 10493 I BtGdModule: system/gd/module.cc:89 Start: Constructing next module
04-16 16:24:22.950 10460 10493 I BtGdModule: system/gd/module.cc:93 Start: Starting dependencies of AclSchedulerModule
04-16 16:24:22.950 10460 10493 I BtGdModule: system/gd/module.cc:97 Start: Finished starting dependencies and calling Start() of AclSchedulerModule
04-16 16:24:22.950 10460 10493 I BtGdModule: system/gd/module.cc:103 Start: Started AclSchedulerModule
04-16 16:24:22.950 10460 10493 I BtGdModule: system/gd/module.cc:89 Start: Constructing next module
04-16 16:24:22.950 10460 10493 I BtGdModule: system/gd/module.cc:93 Start: Starting dependencies of Acl Manager
04-16 16:24:22.950 10460 10493 I BtGdModule: system/gd/module.cc:89 Start: Constructing next module
04-16 16:24:22.950 10460 10493 I BtGdModule: system/gd/module.cc:93 Start: Starting dependencies of RemoteNameRequestModule
04-16 16:24:22.950 10460 10493 I BtGdModule: system/gd/module.cc:97 Start: Finished starting dependencies and calling Start() of RemoteNameRequestModule
04-16 16:24:22.950 10460 10493 I droid.bluetooth: system/gd/hci/remote_name_request.cc:34 Start: Starting RemoteNameRequestModule
04-16 16:24:22.951 10460 10493 I BtGdModule: system/gd/module.cc:103 Start: Started RemoteNameRequestModule
04-16 16:24:22.951 10460 10493 I BtGdModule: system/gd/module.cc:97 Start: Finished starting dependencies and calling Start() of Acl Manager
04-16 16:24:22.951 10460 10493 I BtGdModule: system/gd/module.cc:103 Start: Started Acl Manager
04-16 16:24:22.951 10460 10493 I BtGdModule: system/gd/module.cc:89 Start: Constructing next module
04-16 16:24:22.951 10460 10493 I BtGdModule: system/gd/module.cc:93 Start: Starting dependencies of Le Advertising Manager
04-16 16:24:22.951 10460 10493 I BtGdModule: system/gd/module.cc:97 Start: Finished starting dependencies and calling Start() of Le Advertising Manager
04-16 16:24:22.951 10460 10493 I bluetooth: system/gd/hci/le_advertising_manager.cc:207 get_tx_path_loss_compensation: Tx path loss compensation: 0
04-16 16:24:22.951 10460 10493 I BtGdModule: system/gd/module.cc:103 Start: Started Le Advertising Manager
04-16 16:24:22.951 10460 10493 I BtGdModule: system/gd/module.cc:89 Start: Constructing next module
04-16 16:24:22.951 10460 10493 I BtGdModule: system/gd/module.cc:93 Start: Starting dependencies of Le Scanning Manager
04-16 16:24:22.951 10460 10493 I BtGdModule: system/gd/module.cc:97 Start: Finished starting dependencies and calling Start() of Le Scanning Manager
04-16 16:24:22.951 10460 10493 I bluetooth: system/gd/hci/le_scanning_manager.cc:324 get_rx_path_loss_compensation: Rx path loss compensation: 0
04-16 16:24:22.951 10460 10493 I BtGdModule: system/gd/module.cc:103 Start: Started Le Scanning Manager
04-16 16:24:22.951 10460 10493 I BtGdModule: system/gd/module.cc:89 Start: Constructing next module
04-16 16:24:22.951 10460 10493 I BtGdModule: system/gd/module.cc:93 Start: Starting dependencies of Distance Measurement Manager
04-16 16:24:22.951 10460 10493 I BtGdModule: system/gd/module.cc:89 Start: Constructing next module
04-16 16:24:22.951 10460 10493 I BtGdModule: system/gd/module.cc:93 Start: Starting dependencies of RangingHalAndroid
04-16 16:24:22.951 10460 10493 I BtGdModule: system/gd/module.cc:97 Start: Finished starting dependencies and calling Start() of RangingHalAndroid
04-16 16:24:22.952 10460 10492 I bluetooth: system/gd/hci/le_scanning_manager.cc:1554 on_apcf_read_extended_features_complete: set is_ad_type_filter_supported_ to true & is_transport_discovery_data_filter_supported_ to false
04-16 16:24:22.952 10460 10493 I bluetooth: system/gd/hal/ranging_hal_android.cc:205 Start: AServiceManager_isDeclared false
04-16 16:24:22.953 10460 10493 I BtGdModule: system/gd/module.cc:103 Start: Started RangingHalAndroid
04-16 16:24:22.954 10460 10493 I BtGdModule: system/gd/module.cc:97 Start: Finished starting dependencies and calling Start() of Distance Measurement Manager
04-16 16:24:22.954 10460 10493 I bluetooth: system/gd/hci/distance_measurement_manager.cc:195 start: IS_FLAG_ENABLED channel_sounding_in_stack: false
04-16 16:24:22.954 10460 10493 I BtGdModule: system/gd/module.cc:103 Start: Started Distance Measurement Manager
04-16 16:24:22.954 10460 10486 I bluetooth: system/gd/stack_manager.cc:55 StartUp: init_status == 0
04-16 16:24:22.954 10460 10486 I bluetooth: system/gd/stack_manager.cc:62 StartUp: init complete
04-16 16:24:22.954 10460 10486 I bt_gd_shim: system/main/shim/stack.cc:147 Start: Successfully toggled Gd stack
04-16 16:24:22.955 10460 10486 I bt_shim_scanner: system/main/shim/le_scanning_manager.cc:153 Init: init BleScannerInterfaceImpl
04-16 16:24:22.956 10460 10486 I bt_core_module: system/btcore/src/module.cc:93 module_start_up: Started module "gd_shim_module"
04-16 16:24:22.956 10460 10486 I bt_btif_core: system/btif/src/btif_core.cc:160 btif_init_bluetooth: entered
04-16 16:24:22.957 10460 10497 I bluetooth: system/common/message_loop_thread.cc:189 Run: message loop starting for thread bt_jni_thread
04-16 16:24:22.957 10460 10486 I bt_btif_core: system/btif/src/btif_core.cc:164 btif_init_bluetooth: finished
04-16 16:24:22.959 10460 10486 I bt_stack_config: system/main/stack_config.cc:73 init: attempt to load stack conf from /apex/com.android.btservices/etc/bluetooth/bt_stack.conf
04-16 16:24:22.959 10460 10486 I bt_stack_manager: system/btif/src/stack_manager.cc:265 event_init_stack: finished
04-16 16:24:22.960 10460 10460 I bt_osi_wakelock: system/osi/src/wakelock.cc:94 wakelock_set_os_callouts: set to non-native
04-16 16:24:22.960 10460 10460 I bt_btif : system/btif/src/bluetooth.cc:869 get_profile_interface: id = socket
04-16 16:24:22.960 10460 10487 I bt_btif_storage: system/btif/src/btif_storage.cc:607 btif_storage_get_adapter_property: Controller ready!
04-16 16:24:22.960 10460 10497 I AdapterProperties: adapterPropertyChangedCallback with type:2 len:6
04-16 16:24:22.960   590  1814 D CompatChangeReporter: Compat change id reported: 229362273; UID 1002; state: ENABLED
04-16 16:24:22.961 10460 10497 I AdapterProperties: adapterPropertyChangedCallback with type:1 len:18
04-16 16:24:22.961 10460 10460 I BluetoothKeystoreService: ComputeDataThread: create, doEncrypt: true
04-16 16:24:22.962 10460 10460 I BluetoothKeystoreService: ComputeDataThread: create, doEncrypt: false
04-16 16:24:22.962 10460 10460 I bt_btif : system/btif/src/bluetooth.cc:869 get_profile_interface: id = bluetooth_keystore
04-16 16:24:22.962 10460 10497 I bluetooth: system/gd/storage/config_cache.cc:291 ConvertEncryptOrDecryptKeyIfNeeded: 
04-16 16:24:22.962 10460 10460 I bt_btif : system/btif/src/bluetooth.cc:869 get_profile_interface: id = bqr
04-16 16:24:22.962 10460 10460 I bluetooth: system/btif/src/btif_bqr.cc:879 init: BluetoothQualityReportInterfaceImpl
04-16 16:24:22.962 10460 10460 I bt_btif : system/btif/src/bluetooth.cc:869 get_profile_interface: id = sdp
04-16 16:24:22.964 10460 10498 I BluetoothKeystoreService: ComputeDataThread: run, doEncrypt: true
04-16 16:24:22.964 10460 10499 I BluetoothKeystoreService: ComputeDataThread: run, doEncrypt: false
04-16 16:24:22.964   590   733 D BluetoothSystemServer: BluetoothManagerService: Local address changed to XX:XX:XX:XX:17:00
04-16 16:24:22.964   590   733 D BluetoothSystemServer: BluetoothManagerService: storeNameAndAddress(null, XX:XX:XX:XX:17:00): Completed successfully
04-16 16:24:22.964   590   733 D BluetoothSystemServer: BluetoothManagerService: Bluetooth Adapter name changed to sdk_gphone64_arm64
04-16 16:24:22.964   590   733 D BluetoothSystemServer: BluetoothManagerService: storeNameAndAddress(sdk_gphone64_arm64, [address is null]): Completed successfully
04-16 16:24:22.966   590  1814 D CompatChangeReporter: Compat change id reported: 161145287; UID 1002; state: ENABLED
04-16 16:24:22.966 10460 10460 I BluetoothAdapterService: Phone policy enabled
04-16 16:24:22.975 10460 10460 I AdapterState: OFF : entered 
04-16 16:24:22.975   590   590 D BluetoothSystemServer: BluetoothManagerService: ServiceConnection.onServiceConnected(com.android.bluetooth.btservice.AdapterService, android.os.BinderProxy@6647d3e)
04-16 16:24:22.976   590   733 D BluetoothSystemServer: BluetoothManagerService: MESSAGE_BLUETOOTH_SERVICE_CONNECTED: service=android.os.BinderProxy@6647d3e
04-16 16:24:22.976   590   733 D BluetoothSystemServer: BluetoothManagerService: sendBluetoothServiceUpCallback(): to 10 receivers
04-16 16:24:22.976   590   733 D BluetoothAdapter: onBluetoothServiceUp: android.os.BinderProxy@6647d3e
04-16 16:24:22.976   590   733 W IPCThreadState: Sending oneway calls to frozen process.
04-16 16:24:22.977  5522  5547 D BluetoothAdapter: onBluetoothServiceUp: android.os.BinderProxy@fcbc9a5
04-16 16:24:22.978  1593  3023 D BluetoothAdapter: onBluetoothServiceUp: android.os.BinderProxy@266ee32
04-16 16:24:22.978  1057  1210 D BluetoothAdapter: onBluetoothServiceUp: android.os.BinderProxy@95b9b22
04-16 16:24:22.979  5170  5858 D BluetoothAdapter: onBluetoothServiceUp: android.os.BinderProxy@d8688d
04-16 16:24:22.979  6319  6327 D BluetoothAdapter: onBluetoothServiceUp: android.os.BinderProxy@18346db
04-16 16:24:22.981  1610  1621 D BluetoothAdapter: onBluetoothServiceUp: android.os.BinderProxy@d577ea5
04-16 16:24:22.982  1243  2650 D BluetoothAdapter: onBluetoothServiceUp: android.os.BinderProxy@88100cf
04-16 16:24:22.982 10460 10469 I BluetoothAdapterService: enable() - Enable called with quiet mode status =  false
04-16 16:24:22.983 10460 10460 I AdapterState: BLE_TURNING_ON : entered 
04-16 16:24:22.985   590   733 D BluetoothSystemServer: BluetoothManagerService: MESSAGE_BLUETOOTH_STATE_CHANGE: prevState=OFF newState=BLE_TURNING_ON
04-16 16:24:22.985   590   733 D BluetoothSystemServer: BluetoothManagerService: broadcastIntentStateChange: action=BLE_STATE_CHANGED prevState=OFF newState=BLE_TURNING_ON
04-16 16:24:22.987 10460 10460 I AdapterProperties: init(), maxConnectedAudioDevices, default=5, propertyOverlayed=5, finalValue=5
04-16 16:24:22.988   590   590 W Binder  : Outgoing transactions from this process must be FLAG_ONEWAY
04-16 16:24:22.988   590   590 W Binder  : java.lang.Throwable
04-16 16:24:22.988   590   590 W Binder  : 	at android.os.BinderProxy.transact(BinderProxy.java:547)
04-16 16:24:22.988   590   590 W Binder  : 	at android.bluetooth.IBluetooth$Stub$Proxy.getState(IBluetooth.java:2270)
04-16 16:24:22.988   590   590 W Binder  : 	at android.bluetooth.BluetoothAdapter$2.apply(BluetoothAdapter.java:1417)
04-16 16:24:22.988   590   590 W Binder  : 	at android.bluetooth.BluetoothAdapter$2.apply(BluetoothAdapter.java:1411)
