04-16 16:24:11.250  1057  1111 V WindowManagerShell:  try handler com.android.wm.shell.transition.DefaultTransitionHandler@5b569b5
04-16 16:24:11.250  1057  1111 V WindowManagerShell: start default transition animation, info = {id=49 t=OPEN f=0x0 trk=0 r=[0@Point(0, 0)] c=[{WCT{android.window.IWindowContainerToken$Stub$Proxy@e42dc2f} m=OPEN f=NONE leash=Surface(name=Task=15)/@0x161e510 sb=Rect(0, 0 - 1080, 2400) eb=Rect(0, 0 - 1080, 2400) d=0 taskParent=-1},{WCT{android.window.IWindowContainerToken$Stub$Proxy@ce8423c} m=TO_BACK f=SHOW_WALLPAPER leash=Surface(name=Task=1)/@0x4d99809 sb=Rect(0, 0 - 1080, 2400) eb=Rect(0, 0 - 1080, 2400) d=0 taskParent=-1}]}
04-16 16:24:11.275   590   619 W ActivityManager: Slow operation: 399ms so far, now at startProcess: done updating pids map
04-16 16:24:11.302  8986  8986 I Finsky  : [2] zjm.onTrimMemory(11): Memory trim requested to level 40
04-16 16:24:11.302  8986  8986 I Finsky  : [2] adwn.accept(139): Flushing in-memory image cache
04-16 16:24:11.305   590  1815 V SafetySourceDataValidat: Package: com.android.vending has expected signature
04-16 16:24:11.305   590  1815 V SafetySourceDataValidat: Package: com.android.vending has expected signature
04-16 16:24:11.316  8438  8438 I Finsky:background: [2] zjm.onTrimMemory(11): Memory trim requested to level 40
04-16 16:24:11.323  1340  1695 D EGL_emulation: app_time_stats: avg=623.62ms min=4.09ms max=12424.15ms count=21
04-16 16:24:11.333   590  1182 W UserManagerService: Requested status bar icon for non-badged user 0
04-16 16:24:11.333  5170 10345 I Fitness : (REDACTED) FitCleanupIntentOperation received Intent %s
04-16 16:24:11.340  1057  1111 V WindowManagerShell: loadAnimation: anim=android.view.animation.AnimationSet@f5f3f41 animAttr=0x13 type=OPEN isEntrance=false
04-16 16:24:11.343  1057  1111 V WindowManagerShell: loadAnimation: anim=android.view.animation.AnimationSet@59f8e7d animAttr=0x12 type=OPEN isEntrance=true
04-16 16:24:11.347  1057  1111 V WindowManagerShell:  animated by com.android.wm.shell.transition.DefaultTransitionHandler@5b569b5
04-16 16:24:11.372 10344 10344 D nativeloader: Load libframework-connectivity-tiramisu-jni.so using APEX ns com_android_tethering for caller /apex/com.android.tethering/javalib/framework-connectivity-t.jar: ok
04-16 16:24:11.470  8986  8990 W android.vending: Suspending all threads took: 5.977ms
04-16 16:24:11.521  6319 10358 I Blockstore: (REDACTED) [DataStoreImpl] Clearing Blockstore Data for package %s
04-16 16:24:11.522  6319 10358 I Blockstore: [DataStoreImpl] Keyless data not found or its IsLastInstallationData = false. [CONTEXT service_id=258 ]
04-16 16:24:11.570 10344 10344 W ziparchive: Unable to open '/data/app/~~UsPp82MaNQbPUwlnqk1bBQ==/io.getstream.android.samples.ringingcall-Og2Pavv2T-Kl8DWZcGXZaA==/base.dm': No such file or directory
04-16 16:24:11.570 10344 10344 W ziparchive: Unable to open '/data/app/~~UsPp82MaNQbPUwlnqk1bBQ==/io.getstream.android.samples.ringingcall-Og2Pavv2T-Kl8DWZcGXZaA==/base.dm': No such file or directory
04-16 16:24:11.573  5170 10345 W GCM     : Unexpected forwarded intent: Intent { act=android.intent.action.PACKAGE_ADDED dat=package: flg=0x4000010 pkg=com.google.android.gms cmp=com.google.android.gms/.chimera.PersistentIntentOperationService (has extras) }
04-16 16:24:11.575  5170 10327 I ProximityAuth: [RecentAppsMediator] Package added: (user=UserHandle{0}) io.getstream.android.samples.ringingcall
04-16 16:24:11.596  6319 10356 I Auth    : (REDACTED) [SupervisedAccountIntentOperationV2] onHandleIntent: %s
04-16 16:24:11.600  5170 10345 W NetworkScheduler: Unexpected forwarded intent: Intent { act=android.intent.action.PACKAGE_ADDED dat=package: flg=0x4000010 pkg=com.google.android.gms cmp=com.google.android.gms/.chimera.PersistentIntentOperationService (has extras) }
04-16 16:24:11.621  6319 10356 I Dck     : (REDACTED) disableDckSupport: %s
04-16 16:24:11.621  6319 10356 W Dck     : [WirelessCapabilitiesFeatures] wccSysProp: 0 [CONTEXT service_id=289 ]
04-16 16:24:11.621  6319 10356 I Dck     : [WirelessCapabilitiesFeatures] wccMendel: 3 [CONTEXT service_id=289 ]
04-16 16:24:11.621  6319 10356 I Dck     : [WirelessCapabilitiesFeatures] deviceWccOverride: false [CONTEXT service_id=289 ]
04-16 16:24:11.621  6319 10356 I Dck     : [WirelessCapabilitiesFeatures] replaceSupportedWccWithWccOverride: true [CONTEXT service_id=289 ]
04-16 16:24:11.621  6319 10356 I Dck     : [WirelessCapabilitiesFeatures] wccOverride: not set [CONTEXT service_id=289 ]
04-16 16:24:11.638  5170 10325 I Fitness : (REDACTED) OnPackageChangedOperation got intent: %s
04-16 16:24:11.644  6319 10356 I Dck     : (REDACTED) [WirelessCapabilitiesFeatures] wcc: %s
04-16 16:24:11.645  6319 10356 I Dck     : Dck module condition - hasWccSupport: false [CONTEXT service_id=289 ]
04-16 16:24:11.645  6319 10356 I Dck     : Dck module condition - downloadAllowed: false [CONTEXT service_id=289 ]
04-16 16:24:11.646  6319 10356 W Dck     : Dck module not eligible for asynchronous downloading [CONTEXT service_id=289 ]
04-16 16:24:11.647  1057  1111 V WindowManagerShell: Transition animation finished (aborted=false), notifying core (#49) android.os.BinderProxy@6abc16a@0
04-16 16:24:11.663  1340  1340 D VRI[NexusLauncherActivity]: visibilityChanged oldVisibility=true newVisibility=false
04-16 16:24:11.663  5170 10372 I Fitness : (REDACTED) FitCleanupIntentOperation received Intent %s
04-16 16:24:11.669   590   608 V WindowManager: Finish Transition (#49): created at 04-16 16:24:10.707 collect-started=0.081ms request-sent=118.425ms started=137.554ms ready=317.526ms sent=389.725ms finished=945.356ms
04-16 16:24:11.672  1057  1111 V WindowManagerShell: Track 0 became idle
04-16 16:24:11.673  1057  1111 V WindowManagerShell: All active transition animations finished
04-16 16:24:11.675  1340  1340 D NexusLauncherModelDelegate: notifySmartspaceEvent: SmartspaceTargetEvent{mSmartspaceTarget=null, mSmartspaceActionId='null', mEventType=7}
04-16 16:24:11.703   590  2561 W UserManagerService: Requested status bar icon for non-badged user 0
04-16 16:24:11.704   590  2561 W UserManagerService: Requested status bar icon for non-badged user 0
04-16 16:24:11.844  6319  6343 I Icing   : IndexChimeraService.getServiceInterface callingPackage=com.google.android.gms componentName=AppsCorpus serviceId=36
04-16 16:24:11.869   590   601 I system_server: Background concurrent mark compact GC freed 11MB AllocSpace bytes, 34(704KB) LOS objects, 42% free, 32MB/56MB, paused 877us,2.005ms total 1.627s
04-16 16:24:11.877  6319  6343 I Icing   : IndexChimeraService.getServiceInterface callingPackage=com.google.android.gms componentName=null serviceId=30
04-16 16:24:11.884   590   603 W system_server: ApkAssets: Deleting an ApkAssets object '<empty> and /data/app/~~-seDVDjfKYEookW__Ep1EA==/com.google.android.gms-1Mo3w-pCuS06Q7JpACVgRA==/base.apk' with 1 weak references
04-16 16:24:11.884   590   603 W system_server: ApkAssets: Deleting an ApkAssets object '<empty> and /data/app/~~-seDVDjfKYEookW__Ep1EA==/com.google.android.gms-1Mo3w-pCuS06Q7JpACVgRA==/split_CronetDynamite_installtime.apk' with 1 weak references
04-16 16:24:11.884   590   603 W system_server: ApkAssets: Deleting an ApkAssets object '<empty> and /data/app/~~-seDVDjfKYEookW__Ep1EA==/com.google.android.gms-1Mo3w-pCuS06Q7JpACVgRA==/split_DynamiteLoader_installtime.apk' with 1 weak references
04-16 16:24:11.884   590   603 W system_server: ApkAssets: Deleting an ApkAssets object '<empty> and /data/app/~~-seDVDjfKYEookW__Ep1EA==/com.google.android.gms-1Mo3w-pCuS06Q7JpACVgRA==/split_DynamiteModulesA_installtime.apk' with 1 weak references
04-16 16:24:11.884   590   603 W system_server: ApkAssets: Deleting an ApkAssets object '<empty> and /data/app/~~-seDVDjfKYEookW__Ep1EA==/com.google.android.gms-1Mo3w-pCuS06Q7JpACVgRA==/split_DynamiteModulesC_installtime.apk' with 1 weak references
04-16 16:24:11.884   590   603 W system_server: ApkAssets: Deleting an ApkAssets object '<empty> and /data/app/~~-seDVDjfKYEookW__Ep1EA==/com.google.android.gms-1Mo3w-pCuS06Q7JpACVgRA==/split_GoogleCertificates_installtime.apk' with 1 weak references
04-16 16:24:11.884   590   603 W system_server: ApkAssets: Deleting an ApkAssets object '<empty> and /data/app/~~-seDVDjfKYEookW__Ep1EA==/com.google.android.gms-1Mo3w-pCuS06Q7JpACVgRA==/split_MapsDynamite_installtime.apk' with 1 weak references
04-16 16:24:11.884   590   603 W system_server: ApkAssets: Deleting an ApkAssets object '<empty> and /data/app/~~-seDVDjfKYEookW__Ep1EA==/com.google.android.gms-1Mo3w-pCuS06Q7JpACVgRA==/split_MeasurementDynamite_installtime.apk' with 1 weak references
04-16 16:24:11.884   590   603 W system_server: ApkAssets: Deleting an ApkAssets object '<empty> and /data/app/~~-seDVDjfKYEookW__Ep1EA==/com.google.android.gms-1Mo3w-pCuS06Q7JpACVgRA==/split_all_locale_splits.apk' with 1 weak references
04-16 16:24:11.884   590   603 W system_server: ApkAssets: Deleting an ApkAssets object '<empty> and /data/app/~~-seDVDjfKYEookW__Ep1EA==/com.google.android.gms-1Mo3w-pCuS06Q7JpACVgRA==/split_config.en.apk' with 1 weak references
04-16 16:24:11.885   590   603 W system_server: ApkAssets: Deleting an ApkAssets object '<empty> and /data/app/~~-seDVDjfKYEookW__Ep1EA==/com.google.android.gms-1Mo3w-pCuS06Q7JpACVgRA==/split_config.xxhdpi.apk' with 1 weak references
04-16 16:24:11.886   590   603 W System  : A resource failed to call HardwareBuffer.close. 
04-16 16:24:11.886   590   603 W System  : A resource failed to call close. 
04-16 16:24:11.886   590   603 W system_server: ApkAssets: Deleting an ApkAssets object '<empty> and /system/priv-app/InputDevices/InputDevices.apk' with 1 weak references
04-16 16:24:11.886   590   603 W system_server: ApkAssets: Deleting an ApkAssets object '<empty> and /product/app/LatinIMEGooglePrebuilt/LatinIMEGooglePrebuilt.apk' with 1 weak references
04-16 16:24:11.886   590   603 W system_server: ApkAssets: Deleting an ApkAssets object '<empty> and /product/app/GoogleTTS/GoogleTTS.apk' with 1 weak references
04-16 16:24:11.887   590   603 W system_server: ApkAssets: Deleting an ApkAssets object '<empty> and /product/app/PrebuiltGmail/PrebuiltGmail.apk' with 1 weak references
04-16 16:24:11.887   590   603 W system_server: ApkAssets: Deleting an ApkAssets object '<empty> and /product/priv-app/Velvet/Velvet.apk' with 1 weak references
04-16 16:24:11.887   590   603 W system_server: ApkAssets: Deleting an ApkAssets object '<empty> and /product/app/Drive/Drive.apk' with 1 weak references
04-16 16:24:11.893  6319 10374 I Icing   : Usage reports ok 0, Failed Usage reports 0, indexed 0, rejected 0
04-16 16:24:11.907  1593  1593 I AiAiEcho: AppFetcherImplV2 updateApps package:[io.getstream.android.samples.ringingcall], userId:[0], reason:[package is added.].
04-16 16:24:11.923   590  1182 D ShortcutService: Getting shortcuts for launcher= com.google.android.asuser=0 pkg=null
04-16 16:24:11.945   590   617 W PackageManager: Failed registering loading progress callback. Package is fully loaded.
04-16 16:24:11.953   590  1814 W ParceledListSlice: Element #25 is 21180 bytes.
04-16 16:24:11.953   590  1814 W ParceledListSlice: Element #26 is 21216 bytes.
04-16 16:24:11.956   590  1815 W ParceledListSlice: Element #27 is 21060 bytes.
04-16 16:24:11.956   590  1815 W ParceledListSlice: Element #28 is 20968 bytes.
04-16 16:24:11.956   590  1815 W ParceledListSlice: Element #29 is 21080 bytes.
04-16 16:24:11.960  1593  1983 W PackageManager: Failure retrieving text 0x7f130786 in package com.android.systemui
04-16 16:24:11.960  1593  1983 W PackageManager: android.content.res.Resources$NotFoundException: String resource ID #0x7f130786
04-16 16:24:11.960  1593  1983 W PackageManager: 	at android.content.res.Resources.getText(Resources.java:466)
04-16 16:24:11.960  1593  1983 W PackageManager: 	at android.app.ApplicationPackageManager.getText(ApplicationPackageManager.java:2405)
04-16 16:24:11.960  1593  1983 W PackageManager: 	at android.appwidget.AppWidgetProviderInfo.loadDescription(AppWidgetProviderInfo.java:484)
04-16 16:24:11.960  1593  1983 W PackageManager: 	at kml.a(PG:341)
04-16 16:24:11.960  1593  1983 W PackageManager: 	at kmg.b(PG:39)
04-16 16:24:11.960  1593  1983 W PackageManager: 	at aaer.g(PG:13)
04-16 16:24:11.960  1593  1983 W PackageManager: 	at kotlinx.coroutines.DispatchedTask.run(PG:114)
04-16 16:24:11.960  1593  1983 W PackageManager: 	at java.util.concurrent.Executors$RunnableAdapter.call(Executors.java:487)
04-16 16:24:11.960  1593  1983 W PackageManager: 	at wqm.a(PG:3)
04-16 16:24:11.960  1593  1983 W PackageManager: 	at wpo.run(PG:21)
04-16 16:24:11.960  1593  1983 W PackageManager: 	at wqn.run(PG:5)
04-16 16:24:11.960  1593  1983 W PackageManager: 	at java.util.concurrent.Executors$RunnableAdapter.call(Executors.java:487)
04-16 16:24:11.960  1593  1983 W PackageManager: 	at java.util.concurrent.FutureTask.run(FutureTask.java:264)
04-16 16:24:11.960  1593  1983 W PackageManager: 	at java.util.concurrent.ScheduledThreadPoolExecutor$ScheduledFutureTask.run(ScheduledThreadPoolExecutor.java:307)
04-16 16:24:11.960  1593  1983 W PackageManager: 	at java.util.concurrent.ThreadPoolExecutor.runWorker(ThreadPoolExecutor.java:1145)
04-16 16:24:11.960  1593  1983 W PackageManager: 	at java.util.concurrent.ThreadPoolExecutor$Worker.run(ThreadPoolExecutor.java:644)
04-16 16:24:11.960  1593  1983 W PackageManager: 	at hqv.run(PG:221)
04-16 16:24:11.960  1593  1983 W PackageManager: 	at java.lang.Thread.run(Thread.java:1012)
04-16 16:24:11.962  1593  1983 I AiAiEcho: EchoSearch: WidgetFetcherImpl is initialized with [33] widgets [reason=package added for userId: 0]
04-16 16:24:12.008  6319 10374 I Icing   : Usage reports ok 0, Failed Usage reports 0, indexed 0, rejected 0
04-16 16:24:12.072  6319 10374 I Icing   : Indexing com.google.android.gms-apps from com.google.android.gms
04-16 16:24:12.074   590   617 W MagnificationConnectionManager: requestConnection duplicated request: connect=false, mConnectionState=DISCONNECTED
04-16 16:24:12.077   590   590 W IPCThreadState: Sending oneway calls to frozen process.
04-16 16:24:12.089  1340  1403 D PackageUpdatedTask: Package updated: mOp=ADD packages=[io.getstream.android.samples.ringingcall]
04-16 16:24:12.113  1593  1593 I AiAiEcho: AppFetcherImpl onPackageChanged io.getstream.android.samples.ringingcall.
04-16 16:24:12.116   590   617 W MagnificationConnectionManager: requestConnection duplicated request: connect=false, mConnectionState=DISCONNECTED
04-16 16:24:12.117   590   590 W IPCThreadState: Sending oneway calls to frozen process.
04-16 16:24:12.121  6319 10374 I Icing   : Indexing done com.google.android.gms-apps
04-16 16:24:12.121  1593 10278 I AiAiEcho: AppIndexer Package:[io.getstream.android.samples.ringingcall] UserProfile:[0] Enabled:[true].
04-16 16:24:12.121  1593 10278 I AiAiEcho: AppFetcherImplV2 updateApps package:[io.getstream.android.samples.ringingcall], userId:[0], reason:[package is updated.].
04-16 16:24:12.130  6319 10374 I Icing   : Indexing com.google.android.gms-apps from com.google.android.gms
04-16 16:24:12.130  6319 10374 I Icing   : Indexing done com.google.android.gms-apps
04-16 16:24:12.166   590  1182 I ActivityManager: Background started FGS: Allowed [callingPackage: com.google.android.apps.wellbeing; callingUid: 10143; uidState: BTOP; uidBFSL: [BFSL]; intent: Intent { cmp=com.google.android.apps.wellbeing/com.google.apps.tiktok.concurrent.InternalForegroundService (has extras) }; code:BACKGROUND_ACTIVITY_PERMISSION; tempAllowListReason:<null>; targetSdkVersion:34; callerTargetSdkVersion:34; startForegroundCount:0; bindFromPackage:null: isBindService:false]
04-16 16:24:12.168   590  1182 W ProcessStats: Tracking association SourceState{5af196f com.google.android.apps.nexuslauncher/10175 BTop #16653} whose proc state 2 is better than process ProcessState{6b5f3d1 com.google.android.apps.wellbeing/10143 pkg=com.google.android.apps.wellbeing} proc state 14 (37 skipped)
04-16 16:24:12.177   590  1182 W ForegroundServiceTypeLoggerModule: Foreground service start for UID: 10143 does not have any types
04-16 16:24:12.181   590  1815 W ForegroundServiceTypeLoggerModule: FGS stop call for: 10143 has no types!
04-16 16:24:12.230  1593  2419 I AiAiTextClassifier: [VisualCortexAdapter]: provideRegistration: Registered Prominent Screen Entities for updates.
04-16 16:24:12.248  1340  1340 D StatsLog: LAUNCHER_ALLAPPS_COUNT
04-16 16:24:12.256  1593  2419 I AiAiTextClassifier: [VisualCortexAdapter]: provideRegistration: Registered Prominent Screen Entities for updates.
04-16 16:24:12.259  1593  2419 I AiAiTextClassifier: [VisualCortexAdapter]: provideRegistration: Registered Prominent Screen Entities for updates.
04-16 16:24:12.320  1610  1854 I BistoHotwordHelper: (REDACTED) getHotwordActive::active query: %s, watch: %s, devices connected: %s
04-16 16:24:12.344  1340  1403 D PackageUpdatedTask: Package updated: mOp=UPDATE packages=[io.getstream.android.samples.ringingcall]
04-16 16:24:12.359 10344 10344 D nativeloader: Configuring clns-7 for other apk /data/app/~~UsPp82MaNQbPUwlnqk1bBQ==/io.getstream.android.samples.ringingcall-Og2Pavv2T-Kl8DWZcGXZaA==/base.apk. target_sdk_version=35, uses_libraries=, library_path=/data/app/~~UsPp82MaNQbPUwlnqk1bBQ==/io.getstream.android.samples.ringingcall-Og2Pavv2T-Kl8DWZcGXZaA==/lib/arm64:/data/app/~~UsPp82MaNQbPUwlnqk1bBQ==/io.getstream.android.samples.ringingcall-Og2Pavv2T-Kl8DWZcGXZaA==/base.apk!/lib/arm64-v8a, permitted_path=/data:/mnt/expand:/data/user/0/io.getstream.android.samples.ringingcall
04-16 16:24:12.360 10344 10344 D CompatChangeReporter: Compat change id reported: 202956589; UID 10208; state: ENABLED
04-16 16:24:12.367  1340  1340 D StatsLog: LAUNCHER_ALLAPPS_COUNT
04-16 16:24:12.370 10344 10344 V GraphicsEnvironment: Currently set values for:
04-16 16:24:12.371 10344 10344 V GraphicsEnvironment:   angle_gl_driver_selection_pkgs=[]
04-16 16:24:12.371 10344 10344 V GraphicsEnvironment:   angle_gl_driver_selection_values=[]
04-16 16:24:12.371 10344 10344 V GraphicsEnvironment: Global.Settings values are invalid: number of packages: 0, number of values: 0
04-16 16:24:12.371 10344 10344 V GraphicsEnvironment: Neither updatable production driver nor prerelease driver is supported.
04-16 16:24:12.381   590   590 I NotificationService: Cannot find enqueued record for key: 0|com.google.android.apps.wellbeing|174344743|null|10143
04-16 16:24:12.386 10344 10344 I FirebaseApp: Device unlocked: initializing all Firebase APIs for app [DEFAULT]
04-16 16:24:12.397 10344 10344 I FirebaseInitProvider: FirebaseApp initialization successful
04-16 16:24:12.405 10344 10344 D CompatChangeReporter: Compat change id reported: 279646685; UID 10208; state: ENABLED
04-16 16:24:12.413   590  1814 W OptProp : Cannot read opt property android.window.PROPERTY_COMPAT_ENABLE_FAKE_FOCUS
04-16 16:24:12.413   590  1814 D CompatChangeReporter: Compat change id reported: 324203798; UID 10208; state: ENABLED
04-16 16:24:12.461 10344 10344 D CompatChangeReporter: Compat change id reported: 309578419; UID 10208; state: ENABLED
04-16 16:24:12.510 10344 10344 W HWUI    : Unknown dataspace 0
04-16 16:24:12.615 10344 10344 W les.ringingcall: Method boolean androidx.compose.runtime.snapshots.SnapshotStateList.conditionalUpdate(boolean, kotlin.jvm.functions.Function1) failed lock verification and will run slower.
04-16 16:24:12.615 10344 10344 W les.ringingcall: Common causes for lock verification issues are non-optimized dex code
04-16 16:24:12.615 10344 10344 W les.ringingcall: and incorrect proguard optimizations.
04-16 16:24:12.616 10344 10344 W les.ringingcall: Method boolean androidx.compose.runtime.snapshots.SnapshotStateList.conditionalUpdate$default(androidx.compose.runtime.snapshots.SnapshotStateList, boolean, kotlin.jvm.functions.Function1, int, java.lang.Object) failed lock verification and will run slower.
04-16 16:24:12.616 10344 10344 W les.ringingcall: Method java.lang.Object androidx.compose.runtime.snapshots.SnapshotStateList.mutate(kotlin.jvm.functions.Function1) failed lock verification and will run slower.
04-16 16:24:12.616 10344 10344 W les.ringingcall: Method void androidx.compose.runtime.snapshots.SnapshotStateList.update(boolean, kotlin.jvm.functions.Function1) failed lock verification and will run slower.
04-16 16:24:12.616 10344 10344 W les.ringingcall: Method void androidx.compose.runtime.snapshots.SnapshotStateList.update$default(androidx.compose.runtime.snapshots.SnapshotStateList, boolean, kotlin.jvm.functions.Function1, int, java.lang.Object) failed lock verification and will run slower.
04-16 16:24:12.636   590  1814 D CoreBackPreview: Window{c4bafe5 u0 io.getstream.android.samples.ringingcall/io.getstream.video.android.tutorial.ringing.MainActivity}: Setting back callback OnBackInvokedCallbackInfo{mCallback=android.window.IOnBackInvokedCallback$Stub$Proxy@b30e886, mPriority=0, mIsAnimationCallback=false}
04-16 16:24:12.736   389   517 W ServiceManagerCppClient: Permission failure: android.permission.ACCESS_SURFACE_FLINGER from uid=10208 pid=0
04-16 16:24:12.736   389   517 D PermissionCache: checking android.permission.ACCESS_SURFACE_FLINGER for uid=10208 => denied (113 us)
04-16 16:24:12.736   389   875 W ServiceManagerCppClient: Permission failure: android.permission.ROTATE_SURFACE_FLINGER from uid=10208 pid=10344
04-16 16:24:12.736   389   875 D PermissionCache: checking android.permission.ROTATE_SURFACE_FLINGER for uid=10208 => denied (140 us)
04-16 16:24:12.736   389   875 W ServiceManagerCppClient: Permission failure: android.permission.INTERNAL_SYSTEM_WINDOW from uid=10208 pid=10344
04-16 16:24:12.736   389   875 D PermissionCache: checking android.permission.INTERNAL_SYSTEM_WINDOW for uid=10208 => denied (114 us)
04-16 16:24:12.736   389   517 W ServiceManagerCppClient: Permission failure: android.permission.ROTATE_SURFACE_FLINGER from uid=10208 pid=0
04-16 16:24:12.736   389   517 D PermissionCache: checking android.permission.ROTATE_SURFACE_FLINGER for uid=10208 => denied (774 us)
04-16 16:24:12.739 10344 10395 I EGL_emulation: Opening libGLESv1_CM_emulation.so
04-16 16:24:12.740 10344 10395 I EGL_emulation: Opening libGLESv2_emulation.so
04-16 16:24:12.761 10344 10395 W HWUI    : Failed to choose config with EGL_SWAP_BEHAVIOR_PRESERVED, retrying without...
04-16 16:24:12.761 10344 10395 W HWUI    : Failed to initialize 101010-2 format, error = EGL_SUCCESS
04-16 16:24:12.770   124   124 I hwservicemanager: getTransport: Cannot find entry android.hardware.graphics.mapper@4.0::IMapper/default in either framework or device VINTF manifest.
04-16 16:24:12.770 10344 10395 I Gralloc4: mapper 4.x is not supported
04-16 16:24:12.771 10344 10403 D TrafficStats: tagSocket(104) with statsTag=0x8001, statsUid=-1
04-16 16:24:12.799   590  1814 W ServiceManagerCppClient: Permission failure: android.permission.ACCESS_SURFACE_FLINGER from uid=10208 pid=0
04-16 16:24:12.799   590  1814 D PermissionCache: checking android.permission.ACCESS_SURFACE_FLINGER for uid=10208 => denied (81 us)
04-16 16:24:12.799   590  1814 W ServiceManagerCppClient: Permission failure: android.permission.ROTATE_SURFACE_FLINGER from uid=10208 pid=0
04-16 16:24:12.799   590  1814 D PermissionCache: checking android.permission.ROTATE_SURFACE_FLINGER for uid=10208 => denied (21 us)
04-16 16:24:12.799   590  1814 W ServiceManagerCppClient: Permission failure: android.permission.INTERNAL_SYSTEM_WINDOW from uid=10208 pid=0
04-16 16:24:12.799   590  1814 D PermissionCache: checking android.permission.INTERNAL_SYSTEM_WINDOW for uid=10208 => denied (6 us)
04-16 16:24:12.806   590   608 W ziparchive: Unable to open '/data/app/~~UsPp82MaNQbPUwlnqk1bBQ==/io.getstream.android.samples.ringingcall-Og2Pavv2T-Kl8DWZcGXZaA==/base.dm': No such file or directory
04-16 16:24:12.811   590   608 I ActivityTaskManager: Displayed io.getstream.android.samples.ringingcall/io.getstream.video.android.tutorial.ringing.MainActivity for user 0: +2s107ms
04-16 16:24:12.819  1340  1340 D BaseDepthController: setSurface:
04-16 16:24:12.819  1340  1340 D BaseDepthController: 	mWaitingOnSurfaceValidity: false
04-16 16:24:12.819  1340  1340 D BaseDepthController: 	mSurface: null
04-16 16:24:12.820  1340  1340 D BaseDepthController: mSurface is null and mCurrentBlur is: 23
04-16 16:24:12.821  1340  1340 D StatsLog: LAUNCHER_ONSTOP
04-16 16:24:12.821  1340  1340 D StatsLog: LAUNCHER_GOOGLE_SEARCH_RESTORE_LIST_SIZE_AFTER_ACTIVITY_RESTART
04-16 16:24:12.822  1340  1951 D OneSearchSuggestProvider: Shut down the binder channel
04-16 16:24:12.823  1340  3142 I IPCThreadState: oneway function results for code 2 on binder at 0xb4000075ec229700 will be dropped but finished with status UNKNOWN_TRANSACTION
04-16 16:24:12.848  1340  6567 D GmsPlayProvider: Shut down the binder channel
04-16 16:24:12.879   590   605 D CompatChangeReporter: Compat change id reported: 319212206; UID 10208; state: ENABLED
04-16 16:24:12.883   590   975 D ConnectivityService: NetReassign [no changes] [c 0] [a 2] [i 0]
04-16 16:24:12.889   590   736 I ImeTracker: io.getstream.android.samples.ringingcall:768b4a07: onRequestHide at ORIGIN_SERVER reason HIDE_UNSPECIFIED_WINDOW fromUser false
04-16 16:24:12.890   590   736 I ImeTracker: io.getstream.android.samples.ringingcall:768b4a07: onCancelled at PHASE_SERVER_SHOULD_HIDE
04-16 16:24:12.902  5459  5459 I GoogleInputMethodService: GoogleInputMethodService.onFinishInput():3157 
04-16 16:24:12.906  5459  5459 I GoogleInputMethodService: GoogleInputMethodService.updateDeviceLockedStatus():2248 repeatCheckTimes = 0, locked = false
04-16 16:24:12.907  5459  5459 I GoogleInputMethodService: GoogleInputMethodService.onStartInput():1986 onStartInput(EditorInfo{EditorInfo{packageName=io.getstream.android.samples.ringingcall, inputType=0, inputTypeString=NULL, enableLearning=false, autoCorrection=false, autoComplete=false, imeOptions=0, privateImeOptions=null, actionName=UNSPECIFIED, actionLabel=null, initialSelStart=-1, initialSelEnd=-1, initialCapsMode=0, label=null, fieldId=0, fieldName=null, extras=null, hintText=null, hintLocales=[]}}, false)
04-16 16:24:12.909  5459  5459 I GoogleInputMethodService: GoogleInputMethodService.updateDeviceLockedStatus():2248 repeatCheckTimes = 1, locked = false
04-16 16:24:12.910  5459  5459 I AndroidIME: InputBundleManager.loadActiveInputBundleId():450 loadActiveInputBundleId: und-Latn-x-password, password
04-16 16:24:12.912   590   605 W PackageConfigPersister: App-specific configuration not found for packageName: io.getstream.android.samples.ringingcall and userId: 0
04-16 16:24:13.009  5170  5378 I FontLog : (REDACTED) Received query %s, URI %s
04-16 16:24:13.011  5170  5378 I FontLog : (REDACTED) Query [%s] resolved to %s
04-16 16:24:13.015  5170  5378 I FontLog : (REDACTED) Fetch %s end status %s
04-16 16:24:13.022  5170  6085 I FontLog : (REDACTED) Pulling font file for id = %d, cache size = %d
04-16 16:24:13.026  5170  6085 I FontLog : (REDACTED) Pulling font file for id = %d, cache size = %d
04-16 16:24:13.198  1057  1169 W WindowOnBackDispatcher: sendCancelIfRunning: isInProgress=false callback=android.view.ViewRootImpl$$ExternalSyntheticLambda11@4a77d37
04-16 16:24:13.200   590   605 D CoreBackPreview: Window{107f16 u0 Splash Screen io.getstream.android.samples.ringingcall EXITING}: Setting back callback null
04-16 16:24:13.200   590  1814 W InputManager-JNI: Input channel object '107f16 Splash Screen io.getstream.android.samples.ringingcall (client)' was disposed without first being removed with the input manager!
04-16 16:24:13.278  1340  1695 D EGL_emulation: app_time_stats: avg=69.94ms min=0.78ms max=1558.12ms count=24
04-16 16:24:13.384  1057  1208 D EGL_emulation: app_time_stats: avg=13332.28ms min=13332.28ms max=13332.28ms count=1
04-16 16:24:13.513 10344 10350 I les.ringingcall: Compiler allocated 5250KB to compile void android.view.ViewRootImpl.performTraversals()
04-16 16:24:13.713  5170  6085 I NullBinder: NullBinder for android.net.action.RECOMMEND_NETWORKS triggering remote TransactionTooLargeException due to Service without Chimera impl
04-16 16:24:13.717  5170  6085 W .gms.persistent: Large reply transaction of 1056768 bytes, interface descriptor , code 1
04-16 16:24:13.717  3905  4015 I BugleRcsEngine: handleMessage processing message:[NOTIFY_UPTIME_IGNORE_STATE_CHANGED] with [non-null]:RcsEngineImpl reference [CONTEXT log_prefix="RcsEngineImpl[DUAL_REG]:[296d2342-37fa]>Handler" thread_id=67 ]
04-16 16:24:13.719  3905  3946 I BugleRcsEngine: Connected state: [1], networkType: [WIFI] [CONTEXT thread_id=60 ]
04-16 16:24:13.722  3905  4015 I BugleRcsEngine: No RCS Configuration was found in Bugle for simID: redacted-pii:sim_id[chars:20,last3:897] [CONTEXT log_prefix="ProvisioningEngineDataRetriever" thread_id=67 ]
04-16 16:24:13.769 10344 10432 D TrafficStats: tagSocket(133) with statsTag=0xffffffff, statsUid=-1
04-16 16:24:13.771 10344 10424 D TrafficStats: tagSocket(131) with statsTag=0xffffffff, statsUid=-1
04-16 16:24:13.826   590  3146 E TaskPersister: File error accessing recents directory (directory doesn't exist?).
04-16 16:24:14.198   590   720 D ActivityManager: freezing 8301 com.android.chrome
04-16 16:24:14.200   590   975 D InetDiagMessage: Destroyed 2 sockets, proto=IPPROTO_TCP, family=AF_INET, states=14
04-16 16:24:14.201   590   975 D InetDiagMessage: Destroyed 2 sockets, proto=IPPROTO_TCP, family=AF_INET6, states=14
04-16 16:24:14.201   590   975 D InetDiagMessage: Destroyed live tcp sockets for uids={10146} in 2ms
04-16 16:24:14.681  5170  5734 D TrafficStats: tagSocket(164) with statsTag=0x407, statsUid=-1
04-16 16:24:14.769 10344 10344 D InitialsAvatar: fontSize: 48.0.sp
04-16 16:24:14.781 10344 10344 D InitialsAvatar: fontSize: 17.76.sp
04-16 16:24:14.789 10344 10395 D EGL_emulation: app_time_stats: avg=278.71ms min=0.68ms max=1612.39ms count=7
04-16 16:24:14.828 10344 10344 D InitialsAvatar: fontSize: 48.0.sp
04-16 16:24:14.843 10344 10344 D InitialsAvatar: fontSize: 17.76.sp
04-16 16:24:15.462 10344 10344 D InitialsAvatar: fontSize: 48.0.sp
04-16 16:24:15.478 10344 10344 D InitialsAvatar: fontSize: 17.76.sp
04-16 16:24:15.796   590   968 D WifiConfigStore: Writing to stores completed in 12 ms.
04-16 16:24:16.331   590  1814 W AppOps  : Noting op not finished: uid 10144 pkg com.google.android.gms code 113 startTime of in progress event=1744800742524
04-16 16:24:16.347   590  1814 W AppOps  : Noting op not finished: uid 10144 pkg com.google.android.gms code 79 startTime of in progress event=1744800742524
04-16 16:24:16.354   590  1814 W AppOps  : Noting op not finished: uid 10144 pkg com.google.android.gms code 113 startTime of in progress event=1744800742524
04-16 16:24:16.361  5170  5255 I ActivityScheduler: nextTriggerTime: 9990351, in 238100ms, detectorType: 39, FULL_TYPE alarmWindowMillis: 80000
04-16 16:24:17.608 10344 10451 D ProfileInstaller: Installing profile for io.getstream.android.samples.ringingcall
04-16 16:24:19.726  3905  4015 I BugleRcsEngine: handleMessage processing message:[NOTIFY_UPTIME_IGNORE_STATE_CHANGED] with [non-null]:RcsEngineImpl reference [CONTEXT log_prefix="RcsEngineImpl[DUAL_REG]:[296d2342-37fa]>Handler" thread_id=67 ]
04-16 16:24:19.730   590   975 W IPCThreadState: Sending oneway calls to frozen process.
04-16 16:24:19.730   590   975 W IPCThreadState: Sending oneway calls to frozen process.
04-16 16:24:19.730   590   975 W IPCThreadState: Sending oneway calls to frozen process.
04-16 16:24:19.730   590   975 W IPCThreadState: Sending oneway calls to frozen process.
04-16 16:24:19.735  3905  3946 I BugleRcsEngine: Connected state: [1], networkType: [WIFI] [CONTEXT thread_id=60 ]
04-16 16:24:19.739  5170  6085 I NullBinder: NullBinder for android.net.action.RECOMMEND_NETWORKS triggering remote TransactionTooLargeException due to Service without Chimera impl
04-16 16:24:19.740  3905  4015 I BugleRcsEngine: No RCS Configuration was found in Bugle for simID: redacted-pii:sim_id[chars:20,last3:897] [CONTEXT log_prefix="ProvisioningEngineDataRetriever" thread_id=67 ]
04-16 16:24:19.740  5170  6085 W .gms.persistent: Large reply transaction of 1056768 bytes, interface descriptor , code 1
04-16 16:24:20.357   590   720 D ActivityManager: freezing 9717 com.google.android.packageinstaller
04-16 16:24:20.359   590   975 D InetDiagMessage: Destroyed 0 sockets, proto=IPPROTO_TCP, family=AF_INET, states=14
04-16 16:24:20.359   590   975 D InetDiagMessage: Destroyed 0 sockets, proto=IPPROTO_TCP, family=AF_INET6, states=14
04-16 16:24:20.360   590   975 D InetDiagMessage: Destroyed live tcp sockets for uids={10102} in 1ms
04-16 16:24:20.767   141 10326 I keystore2: system/security/keystore2/watchdog/src/lib.rs:319 - Watchdog thread idle -> terminating. Have a great day.
04-16 16:24:21.303   590   720 D ActivityManager: freezing 8986 com.android.vending
04-16 16:24:21.304   590   720 D ActivityManager: freezing 8438 com.android.vending:background
04-16 16:24:21.372   590   975 D InetDiagMessage: Destroyed 0 sockets, proto=IPPROTO_TCP, family=AF_INET, states=14
04-16 16:24:21.373   590   975 D InetDiagMessage: Destroyed 0 sockets, proto=IPPROTO_TCP, family=AF_INET6, states=14
04-16 16:24:21.373   590   975 D InetDiagMessage: Destroyed live tcp sockets for uids={10142} in 1ms
04-16 16:24:21.621  9346  9399 W BtGatt.ScanManager: Moving filtered scan client to downgraded scan (scannerId 1)
04-16 16:24:21.638  9346  9399 I bt_shim_scanner: system/main/shim/le_scanning_manager.cc:179 Scan: in shim layer stopped
04-16 16:24:21.648  9346  9383 I bluetooth: system/gd/hci/le_address_manager.cc:244 unregister_client: Client unregistered
04-16 16:24:21.648  9346  9383 I bluetooth: system/gd/hci/le_address_manager.cc:248 unregister_client: Cancelled address rotation alarm
04-16 16:24:21.661  9346  9383 F bluetooth: system/gd/hci/hci_layer.cc:478 on_hardware_error: Hardware Error Event with code 0x42
--------- beginning of crash
04-16 16:24:21.661  9346  9383 F libc    : Fatal signal 6 (SIGABRT), code -1 (SI_QUEUE) in tid 9383 (bt_stack_manage), pid 9346 (droid.bluetooth)
04-16 16:24:21.678  9346  9399 I bt_shim_scanner: system/main/shim/le_scanning_manager.cc:361 SetScanParameters: in shim layer
04-16 16:24:21.678  9346  9399 I bt_shim_scanner: system/main/shim/le_scanning_manager.cc:179 Scan: in shim layer started
04-16 16:24:21.700 10455 10455 E crash_dump64: failed to get the guest state header for thread 9346: Bad address
04-16 16:24:21.700 10455 10455 E crash_dump64: failed to get the guest state header for thread 9349: Bad address
04-16 16:24:21.700 10455 10455 E crash_dump64: failed to get the guest state header for thread 9350: Bad address
04-16 16:24:21.700 10455 10455 E crash_dump64: failed to get the guest state header for thread 9351: Bad address
04-16 16:24:21.700 10455 10455 E crash_dump64: failed to get the guest state header for thread 9352: Bad address
04-16 16:24:21.700 10455 10455 E crash_dump64: failed to get the guest state header for thread 9353: Bad address
04-16 16:24:21.700 10455 10455 E crash_dump64: failed to get the guest state header for thread 9354: Bad address
04-16 16:24:21.701 10455 10455 E crash_dump64: failed to get the guest state header for thread 9355: Bad address
04-16 16:24:21.701 10455 10455 E crash_dump64: failed to get the guest state header for thread 9356: Bad address
04-16 16:24:21.701 10455 10455 E crash_dump64: failed to get the guest state header for thread 9357: Bad address
04-16 16:24:21.701 10455 10455 E crash_dump64: failed to get the guest state header for thread 9363: Bad address
04-16 16:24:21.701 10455 10455 E crash_dump64: failed to get the guest state header for thread 9366: Bad address
04-16 16:24:21.701 10455 10455 E crash_dump64: failed to get the guest state header for thread 9370: Bad address
04-16 16:24:21.701 10455 10455 E crash_dump64: failed to get the guest state header for thread 9372: Bad address
04-16 16:24:21.701 10455 10455 E crash_dump64: failed to get the guest state header for thread 9376: Bad address
04-16 16:24:21.701 10455 10455 E crash_dump64: failed to get the guest state header for thread 9377: Bad address
04-16 16:24:21.701 10455 10455 E crash_dump64: failed to get the guest state header for thread 9378: Bad address
04-16 16:24:21.701 10455 10455 E crash_dump64: failed to get the guest state header for thread 9379: Bad address
04-16 16:24:21.701 10455 10455 E crash_dump64: failed to get the guest state header for thread 9380: Bad address
04-16 16:24:21.701 10455 10455 E crash_dump64: failed to get the guest state header for thread 9381: Bad address
04-16 16:24:21.701 10455 10455 E crash_dump64: failed to get the guest state header for thread 9382: Bad address
04-16 16:24:21.701 10455 10455 E crash_dump64: failed to get the guest state header for thread 9383: Bad address
04-16 16:24:21.701 10455 10455 E crash_dump64: failed to get the guest state header for thread 9384: Bad address
04-16 16:24:21.701 10455 10455 E crash_dump64: failed to get the guest state header for thread 9389: Bad address
04-16 16:24:21.701 10455 10455 E crash_dump64: failed to get the guest state header for thread 9390: Bad address
04-16 16:24:21.701 10455 10455 E crash_dump64: failed to get the guest state header for thread 9391: Bad address
04-16 16:24:21.701 10455 10455 E crash_dump64: failed to get the guest state header for thread 9392: Bad address
04-16 16:24:21.701 10455 10455 E crash_dump64: failed to get the guest state header for thread 9393: Bad address
04-16 16:24:21.701 10455 10455 E crash_dump64: failed to get the guest state header for thread 9394: Bad address
04-16 16:24:21.702 10455 10455 E crash_dump64: failed to get the guest state header for thread 9395: Bad address
04-16 16:24:21.702 10455 10455 E crash_dump64: failed to get the guest state header for thread 9396: Bad address
04-16 16:24:21.702 10455 10455 E crash_dump64: failed to get the guest state header for thread 9397: Bad address
04-16 16:24:21.702 10455 10455 E crash_dump64: failed to get the guest state header for thread 9398: Bad address
04-16 16:24:21.702 10455 10455 E crash_dump64: failed to get the guest state header for thread 9399: Bad address
04-16 16:24:21.702 10455 10455 E crash_dump64: failed to get the guest state header for thread 9401: Bad address
04-16 16:24:21.702 10455 10455 E crash_dump64: failed to get the guest state header for thread 9402: Bad address
04-16 16:24:21.702 10455 10455 E crash_dump64: failed to get the guest state header for thread 9403: Bad address
04-16 16:24:21.702 10455 10455 E crash_dump64: failed to get the guest state header for thread 9404: Bad address
04-16 16:24:21.702 10455 10455 E crash_dump64: failed to get the guest state header for thread 9405: Bad address
04-16 16:24:21.702 10455 10455 E crash_dump64: failed to get the guest state header for thread 9406: Bad address
04-16 16:24:21.702 10455 10455 E crash_dump64: failed to get the guest state header for thread 9407: Bad address
04-16 16:24:21.702 10455 10455 E crash_dump64: failed to get the guest state header for thread 9408: Bad address
04-16 16:24:21.703 10455 10455 E crash_dump64: failed to get the guest state header for thread 9409: Bad address
04-16 16:24:21.703 10455 10455 E crash_dump64: failed to get the guest state header for thread 9410: Bad address
04-16 16:24:21.703 10455 10455 E crash_dump64: failed to get the guest state header for thread 9413: Bad address
04-16 16:24:21.703 10455 10455 E crash_dump64: failed to get the guest state header for thread 9417: Bad address
04-16 16:24:21.703 10455 10455 E crash_dump64: failed to get the guest state header for thread 9418: Bad address
04-16 16:24:21.703 10455 10455 E crash_dump64: failed to get the guest state header for thread 9419: Bad address
04-16 16:24:21.703 10455 10455 E crash_dump64: failed to get the guest state header for thread 9420: Bad address
04-16 16:24:21.703 10455 10455 E crash_dump64: failed to get the guest state header for thread 9423: Bad address
04-16 16:24:21.703 10455 10455 E crash_dump64: failed to get the guest state header for thread 9424: Bad address
04-16 16:24:21.703 10455 10455 E crash_dump64: failed to get the guest state header for thread 9759: Bad address
04-16 16:24:21.703 10455 10455 E crash_dump64: failed to get the guest state header for thread 10212: Bad address
04-16 16:24:21.712 10455 10455 I crash_dump64: obtaining output fd from tombstoned, type: kDebuggerdTombstoneProto
04-16 16:24:21.718   180   180 I tombstoned: received crash request for pid 9383
04-16 16:24:21.720 10455 10455 I crash_dump64: performing dump of process 9346 (target tid = 9383)
04-16 16:24:21.724 10455 10455 E DEBUG   : failed to read process info: failed to open /proc/9346: No such file or directory
04-16 16:24:22.090 10455 10455 F DEBUG   : *** *** *** *** *** *** *** *** *** *** *** *** *** *** *** ***
04-16 16:24:22.090 10455 10455 F DEBUG   : Build fingerprint: 'google/sdk_gphone64_arm64/emu64a:15/AE3A.240806.005/12228598:user/release-keys'
04-16 16:24:22.090 10455 10455 F DEBUG   : Revision: '0'
04-16 16:24:22.090 10455 10455 F DEBUG   : ABI: 'arm64'
04-16 16:24:22.090 10455 10455 F DEBUG   : Timestamp: 2025-04-16 16:24:21.723061474+0530
04-16 16:24:22.090 10455 10455 F DEBUG   : Process uptime: 0s
04-16 16:24:22.090 10455 10455 F DEBUG   : Cmdline: com.google.android.bluetooth
04-16 16:24:22.090 10455 10455 F DEBUG   : pid: 9346, tid: 9383, name: bt_stack_manage  >>> com.google.android.bluetooth <<<
04-16 16:24:22.090 10455 10455 F DEBUG   : uid: 1002
04-16 16:24:22.090 10455 10455 F DEBUG   : tagged_addr_ctrl: 0000000000000001 (PR_TAGGED_ADDR_ENABLE)
04-16 16:24:22.090 10455 10455 F DEBUG   : pac_enabled_keys: 000000000000000f (PR_PAC_APIAKEY, PR_PAC_APIBKEY, PR_PAC_APDAKEY, PR_PAC_APDBKEY)
04-16 16:24:22.090 10455 10455 F DEBUG   : signal 6 (SIGABRT), code -1 (SI_QUEUE), fault addr --------
04-16 16:24:22.090 10455 10455 F DEBUG   : Abort message: 'system/gd/hci/hci_layer.cc:478 on_hardware_error: Hardware Error Event with code 0x42'
04-16 16:24:22.090 10455 10455 F DEBUG   :     x0  0000000000000000  x1  00000000000024a7  x2  0000000000000006  x3  00000073c04a5660
04-16 16:24:22.090 10455 10455 F DEBUG   :     x4  6e1f373633396262  x5  6e1f373633396262  x6  6e1f373633396262  x7  7f7f7f7f7f7f7f7f
04-16 16:24:22.090 10455 10455 F DEBUG   :     x8  00000000000000f0  x9  00000076ec464468  x10 ffffff80fffffb9f  x11 0000000000000000
04-16 16:24:22.090 10455 10455 F DEBUG   :     x12 00000073c04a4570  x13 0000000000000056  x14 00000073c04a57b8  x15 00000b36167f7603
04-16 16:24:22.090 10455 10455 F DEBUG   :     x16 00000076ec513ff8  x17 00000076ec4fe1c0  x18 000000733f388048  x19 0000000000002482
04-16 16:24:22.090 10455 10455 F DEBUG   :     x20 00000000000024a7  x21 00000000ffffffff  x22 000000745a20e180  x23 0000000000000027
04-16 16:24:22.090 10455 10455 F DEBUG   :     x24 00000073cc27a0f5  x25 00000073c04a5c20  x26 00000073c04a57b8  x27 00000073c04a6a80
04-16 16:24:22.090 10455 10455 F DEBUG   :     x28 00000073ccd71d40  x29 00000073c04a56e0
04-16 16:24:22.090 10455 10455 F DEBUG   :     lr  00000076ec49c6a4  sp  00000073c04a5640  pc  00000076ec49c6d4  pst 0000000000000000
04-16 16:24:22.090 10455 10455 F DEBUG   : 14 total frames
04-16 16:24:22.090 10455 10455 F DEBUG   : backtrace:
04-16 16:24:22.090 10455 10455 F DEBUG   :       #00 pc 000000000005b6d4  /apex/com.android.runtime/lib64/bionic/libc.so (abort+168) (BuildId: 1b9fecf834d610f77e641f026ca7269b)
04-16 16:24:22.090 10455 10455 F DEBUG   :       #01 pc 000000000092f300  /apex/com.android.art/lib64/libart.so (art::Runtime::Abort(char const*)+92) (BuildId: dcb9fe2b5c99aa3f1a682a6008427d08)
04-16 16:24:22.090 10455 10455 F DEBUG   :       #02 pc 00000000000160fc  /apex/com.android.art/lib64/libbase.so (android::base::SetAborter(std::__1::function<void (char const*)>&&)::$_0::__invoke(char const*)+80) (BuildId: 42d41ca7c77853791d096606e7186547)
04-16 16:24:22.090 10455 10455 F DEBUG   :       #03 pc 0000000000b38ec8  /apex/com.android.btservices/lib64/libbluetooth_jni.so (bluetooth::log_internal::vlog(bluetooth::log_internal::Level, char const*, bluetooth::log_internal::source_location, fmt::v10::basic_string_view<char>, fmt::v10::basic_format_args<fmt::v10::basic_format_context<fmt::v10::appender, char>>)+1164) (BuildId: 6f08819253185bc44c9fec07ed93c598)
04-16 16:24:22.090 10455 10455 F DEBUG   :       #04 pc 0000000000448860  /apex/com.android.btservices/lib64/libbluetooth_jni.so (void bluetooth::log::fatal<unsigned char>(fmt::v10::basic_format_string<char, fmt::v10::type_identity<unsigned char>::type>, unsigned char&&, bluetooth::log_internal::source_location)+76) (BuildId: 6f08819253185bc44c9fec07ed93c598)
04-16 16:24:22.090 10455 10455 F DEBUG   :       #05 pc 0000000000441b7c  /apex/com.android.btservices/lib64/libbluetooth_jni.so (bluetooth::hci::HciLayer::impl::on_hci_event(bluetooth::hci::EventView)+6492) (BuildId: 6f08819253185bc44c9fec07ed93c598)
04-16 16:24:22.090 10455 10455 F DEBUG   :       #06 pc 0000000000441dd8  /apex/com.android.btservices/lib64/libbluetooth_jni.so (void base::internal::FunctorTraits<void (bluetooth::hci::HciLayer::impl::*)(bluetooth::hci::EventView), void>::Invoke<void (bluetooth::hci::HciLayer::impl::*)(bluetooth::hci::EventView), bluetooth::hci::HciLayer::impl*, bluetooth::hci::EventView>(void (bluetooth::hci::HciLayer::impl::*)(bluetooth::hci::EventView), bluetooth::hci::HciLayer::impl*&&, bluetooth::hci::EventView&&)+304) (BuildId: 6f08819253185bc44c9fec07ed93c598)
04-16 16:24:22.090 10455 10455 F DEBUG   :       #07 pc 0000000000441c7c  /apex/com.android.btservices/lib64/libbluetooth_jni.so (base::internal::Invoker<base::internal::BindState<void (bluetooth::hci::HciLayer::impl::*)(bluetooth::hci::EventView), base::internal::UnretainedWrapper<bluetooth::hci::HciLayer::impl>, bluetooth::hci::EventView>, void ()>::RunOnce(base::internal::BindStateBase*)+56) (BuildId: 6f08819253185bc44c9fec07ed93c598)
04-16 16:24:22.090 10455 10455 F DEBUG   :       #08 pc 00000000003dd5f4  /apex/com.android.btservices/lib64/libbluetooth_jni.so (bluetooth::os::Handler::handle_next_event()+300) (BuildId: 6f08819253185bc44c9fec07ed93c598)
04-16 16:24:22.090 10455 10455 F DEBUG   :       #09 pc 00000000003dea48  /apex/com.android.btservices/lib64/libbluetooth_jni.so (bluetooth::os::Reactor::Run()+696) (BuildId: 6f08819253185bc44c9fec07ed93c598)
04-16 16:24:22.090 10455 10455 F DEBUG   :       #10 pc 00000000003dde2c  /apex/com.android.btservices/lib64/libbluetooth_jni.so (bluetooth::os::Thread::run(bluetooth::os::Thread::Priority)+216) (BuildId: 6f08819253185bc44c9fec07ed93c598)
04-16 16:24:22.090 10455 10455 F DEBUG   :       #11 pc 00000000003de030  /apex/com.android.btservices/lib64/libbluetooth_jni.so (void* std::__1::__thread_proxy[abi:v180000]<std::__1::tuple<std::__1::unique_ptr<std::__1::__thread_struct, std::__1::default_delete<std::__1::__thread_struct>>, void (bluetooth::os::Thread::*)(bluetooth::os::Thread::Priority), bluetooth::os::Thread*, bluetooth::os::Thread::Priority>>(void*)+68) (BuildId: 6f08819253185bc44c9fec07ed93c598)
04-16 16:24:22.090 10455 10455 F DEBUG   :       #12 pc 000000000006c354  /apex/com.android.runtime/lib64/bionic/libc.so (__pthread_start(void*)+196) (BuildId: 1b9fecf834d610f77e641f026ca7269b)
04-16 16:24:22.090 10455 10455 F DEBUG   :       #13 pc 000000000005efc4  /apex/com.android.runtime/lib64/bionic/libc.so (__start_thread+64) (BuildId: 1b9fecf834d610f77e641f026ca7269b)
04-16 16:24:22.111   180   180 E tombstoned: Tombstone written to: tombstone_01
04-16 16:24:22.114   590   713 E NativeTombstoneManager: Tombstone's UID (1002) not an app, ignoring
04-16 16:24:22.118   590 10459 I DropBoxManagerService: add tag=system_app_native_crash isTagEnabled=true flags=0x2
04-16 16:24:22.130   590   713 I DropBoxManagerService: add tag=SYSTEM_TOMBSTONE_PROTO_WITH_HEADERS isTagEnabled=true flags=0x4
04-16 16:24:22.140   590  3991 I ActivityManager: Process com.google.android.bluetooth (pid 9346) has died: psvc PER 
04-16 16:24:22.141   590  3991 W ActivityManager: Scheduling restart of crashed service com.google.android.bluetooth/com.android.bluetooth.btservice.AdapterService in 1000ms for connection
04-16 16:24:22.144   590  1801 W AS.PlaybackActivityMon: client died
04-16 16:24:22.145   590  1201 I MediaSessionStack: removeSession | record: com.google.android.bluetooth/BluetoothMediaBrowserService/7 (userId=0)
04-16 16:24:22.145   590  1201 D MediaSessionService: destroySessionLocked: record=com.google.android.bluetooth/BluetoothMediaBrowserService/7 (userId=0)
04-16 16:24:22.145   590   609 D DisplayManagerService: Drop pending events for gone uid 1002
04-16 16:24:22.147   590  1808 I MediaSessionStack: removeSession | record: com.google.android.bluetooth/BluetoothMediaBrowserService/8 (userId=0)
04-16 16:24:22.147   590  1808 D MediaSessionService: destroySessionLocked: record=com.google.android.bluetooth/BluetoothMediaBrowserService/8 (userId=0)
04-16 16:24:22.152   352   352 E android.hardware.bluetooth.service.default: Bluetooth remote service has died
04-16 16:24:22.153   329   329 I Zygote  : Process 9346 exited due to signal 6 (Aborted)
04-16 16:24:22.154   352   352 I android.hardware.bluetooth.service.default: close
04-16 16:24:22.154   590   590 D BluetoothSystemServer: BluetoothManagerService: ServiceConnection.onServiceDisconnected(com.android.bluetooth.btservice.AdapterService)
04-16 16:24:22.159   590   733 E BluetoothSystemServer: BluetoothManagerService: MESSAGE_BLUETOOTH_SERVICE_DISCONNECTED
04-16 16:24:22.160   590   733 D CompatChangeReporter: Compat change id reported: 311208629; UID 1002; state: ENABLED
04-16 16:24:22.162   590   620 I libprocessgroup: Removed cgroup /sys/fs/cgroup/uid_1002/pid_9346
04-16 16:24:22.163   352   352 E android.hardware.bluetooth.service.default: unable to open /dev/rfkill: Permission denied
